Component: ARM Compiler 5.06 update 6 (build 750) Tool: armlink [4d35ed]

==============================================================================

Section Cross References

    gd32f4xx_it.o(i.SysTick_Handler) refers to systick.o(i.delay_decrement) for delay_decrement
    main.o(i.main) refers to function.o(i.System_Init) for System_Init
    main.o(i.main) refers to function.o(i.UsrFunction) for UsrFunction
    systick.o(i.delay_1ms) refers to systick.o(.data) for delay
    systick.o(i.delay_decrement) refers to systick.o(.data) for sys_tick_ms
    systick.o(i.get_tick_ms) refers to systick.o(.data) for sys_tick_ms
    systick.o(i.systick_config) refers to systick.o(i.NVIC_SetPriority) for NVIC_SetPriority
    systick.o(i.systick_config) refers to system_gd32f4xx.o(.data) for SystemCoreClock
    protocol.o(i.AsciiToBytes) refers to protocol.o(i.AsciiCharToHex) for AsciiCharToHex
    protocol.o(i.BytesToAscii) refers to memcpya.o(.text) for __aeabi_memcpy4
    protocol.o(i.Protocol_ParseFrame) refers to usart1.o(i.Usart1Ring_Peek) for Usart1Ring_Peek
    protocol.o(i.Protocol_ParseFrame) refers to usart1.o(i.Usart1Ring_Skip) for Usart1Ring_Skip
    protocol.o(i.Protocol_ParseFrame) refers to usart1.o(i.Usart1Ring_GetCount) for Usart1Ring_GetCount
    protocol.o(i.Protocol_ParseFrame) refers to protocol.o(i.AsciiCharToHex) for AsciiCharToHex
    protocol.o(i.Protocol_ParseFrame) refers to command.o(i.Protocol_SendErrorFrame) for Protocol_SendErrorFrame
    protocol.o(i.Protocol_ParseFrame) refers to protocol.o(i.AsciiToBytes) for AsciiToBytes
    protocol.o(i.Protocol_ParseFrame) refers to protocol.o(i.CRC16_Modbus) for CRC16_Modbus
    protocol.o(i.Protocol_ParseFrame) refers to memcpya.o(.text) for __aeabi_memcpy
    protocol.o(i.Protocol_ParseFrame) refers to usart1.o(.bss) for g_usart1_ring
    protocol.o(i.Protocol_SendAck) refers to protocol.o(i.Protocol_SendFrame) for Protocol_SendFrame
    protocol.o(i.Protocol_SendError) refers to protocol.o(i.Protocol_SendFrame) for Protocol_SendFrame
    protocol.o(i.Protocol_SendFrame) refers to memcpya.o(.text) for __aeabi_memcpy
    protocol.o(i.Protocol_SendFrame) refers to protocol.o(i.CRC16_Modbus) for CRC16_Modbus
    protocol.o(i.Protocol_SendFrame) refers to protocol.o(i.BytesToAscii) for BytesToAscii
    protocol.o(i.Protocol_SendFrame) refers to strlen.o(.text) for strlen
    protocol.o(i.Protocol_SendFrame) refers to usart1.o(i.RS485_SendData) for RS485_SendData
    protocol.o(i.Protocol_SendHeartbeat) refers to protocol.o(i.Protocol_SendFrame) for Protocol_SendFrame
    crc32.o(i.crc32_calc) refers to crc32.o(i.crc32_init) for crc32_init
    crc32.o(i.crc32_calc) refers to crc32.o(i.crc32_update) for crc32_update
    crc32.o(i.crc32_calc) refers to crc32.o(i.crc32_finalize) for crc32_finalize
    command.o(i.Alarm_AddRecord) refers to spi_flash.o(i.spi_flash_buffer_read) for spi_flash_buffer_read
    command.o(i.Alarm_AddRecord) refers to command.o(i.Alarm_ReadRecord) for Alarm_ReadRecord
    command.o(i.Alarm_AddRecord) refers to rtc.o(i.RTC_GetDateTime) for RTC_GetDateTime
    command.o(i.Alarm_AddRecord) refers to rtc_func.o(i.DateTimeToUnix) for DateTimeToUnix
    command.o(i.Alarm_AddRecord) refers to spi_flash.o(i.spi_flash_sector_erase) for spi_flash_sector_erase
    command.o(i.Alarm_AddRecord) refers to systick.o(i.delay_1ms) for delay_1ms
    command.o(i.Alarm_AddRecord) refers to spi_flash.o(i.spi_flash_buffer_write) for spi_flash_buffer_write
    command.o(i.Alarm_AddRecord) refers to command.o(i.Alarm_WriteRecord) for Alarm_WriteRecord
    command.o(i.Alarm_CheckAndReport) refers to command.o(i.Alarm_AddRecord) for Alarm_AddRecord
    command.o(i.Alarm_CheckAndReport) refers to spi_flash.o(i.spi_flash_buffer_read) for spi_flash_buffer_read
    command.o(i.Alarm_CheckAndReport) refers to command.o(i.Alarm_ReadRecord) for Alarm_ReadRecord
    command.o(i.Alarm_CheckAndReport) refers to command.o(i.Alarm_RecordToString) for Alarm_RecordToString
    command.o(i.Alarm_CheckAndReport) refers to strlen.o(.text) for strlen
    command.o(i.Alarm_CheckAndReport) refers to usart1.o(i.RS485_SendData) for RS485_SendData
    command.o(i.Alarm_ReadRecord) refers to spi_flash.o(i.spi_flash_buffer_read) for spi_flash_buffer_read
    command.o(i.Alarm_ReadRecord) refers to adc.o(i.BeBytesToFloat) for BeBytesToFloat
    command.o(i.Alarm_RecordToString) refers to rtc_func.o(i.UnixToDateTime) for UnixToDateTime
    command.o(i.Alarm_RecordToString) refers to f2d.o(.text) for __aeabi_f2d
    command.o(i.Alarm_RecordToString) refers to printfa.o(i.__0snprintf) for __2snprintf
    command.o(i.Alarm_WriteRecord) refers to adc.o(i.FloatToBeBytes) for FloatToBeBytes
    command.o(i.Alarm_WriteRecord) refers to spi_flash.o(i.spi_flash_buffer_write) for spi_flash_buffer_write
    command.o(i.Alarm_WriteRecord) refers to systick.o(i.delay_1ms) for delay_1ms
    command.o(i.Cmd_AutoReportTick) refers to adc.o(i.Query_CH0) for Query_CH0
[...]
    .data                                    0x20000076   Section        2  timer.o(.data)
    .data                                    0x20000078   Section        4  stdout.o(.data)
    .bss                                     0x2000007c   Section    20530  function.o(.bss)
    .bss                                     0x200050b0   Section       16  gd32f4xx_pmu.o(.bss)
    reg_snap                                 0x200050b0   Data          16  gd32f4xx_pmu.o(.bss)
    .bss                                     0x200050c0   Section      576  oled.o(.bss)
    .bss                                     0x20005300   Section     8198  usart1.o(.bss)
    .bss                                     0x20007308   Section       20  rtc.o(.bss)
    s_rtc_initpara                           0x20007308   Data          20  rtc.o(.bss)
    STACK                                    0x20007320   Section     1024  startup_gd32f450_470.o(STACK)

    Global Symbols

    Symbol Name                              Value     Ov Type        Size  Object(Section)

    BuildAttributes$$THM_ISAv4$E$P$D$K$B$S$7EM$VFPi3$EXTD16$VFPS$VFMA$PE$A:L22UL41UL21$X:L11$S22US41US21$IEEE1$IW$USESV6$~STKCKD$USESV7$~SHL$OSPACE$ROPI$EBA8$MICROLIB$REQ8$PRES8$EABIv2 0x00000000   Number         0  anon$$obj.o ABSOLUTE
    __ARM_use_no_argv                        0x00000000   Number         0  main.o ABSOLUTE
    _printf_a                                0x00000000   Number         0  stubs.o ABSOLUTE
    _printf_c                                0x00000000   Number         0  stubs.o ABSOLUTE
    _printf_charcount                        0x00000000   Number         0  stubs.o ABSOLUTE
    _printf_d                                0x00000000   Number         0  stubs.o ABSOLUTE
    _printf_e                                0x00000000   Number         0  stubs.o ABSOLUTE
    _printf_f                                0x00000000   Number         0  stubs.o ABSOLUTE
    _printf_flags                            0x00000000   Number         0  stubs.o ABSOLUTE
    _printf_fp_dec                           0x00000000   Number         0  stubs.o ABSOLUTE
    _printf_fp_hex                           0x00000000   Number         0  stubs.o ABSOLUTE
    _printf_g                                0x00000000   Number         0  stubs.o ABSOLUTE
    _printf_i                                0x00000000   Number         0  stubs.o ABSOLUTE
    _printf_int_dec                          0x00000000   Number         0  stubs.o ABSOLUTE
    _printf_l                                0x00000000   Number         0  stubs.o ABSOLUTE
    _printf_lc                               0x00000000   Number         0  stubs.o ABSOLUTE
    _printf_ll                               0x00000000   Number         0  stubs.o ABSOLUTE
    _printf_lld                              0x00000000   Number         0  stubs.o ABSOLUTE
    _printf_lli                              0x00000000   Number         0  stubs.o ABSOLUTE
    _printf_llo                              0x00000000   Number         0  stubs.o ABSOLUTE
    _printf_llu                              0x00000000   Number         0  stubs.o ABSOLUTE
    _printf_llx                              0x00000000   Number         0  stubs.o ABSOLUTE
    _printf_longlong_dec                     0x00000000   Number         0  stubs.o ABSOLUTE
    _printf_longlong_hex                     0x00000000   Number         0  stubs.o ABSOLUTE
    _printf_longlong_oct                     0x00000000   Number         0  stubs.o ABSOLUTE
    _printf_ls                               0x00000000   Number         0  stubs.o ABSOLUTE
    _printf_mbtowc                           0x00000000   Number         0  stubs.o ABSOLUTE
    _printf_n                                0x00000000   Number         0  stubs.o ABSOLUTE
    _printf_o                                0x00000000   Number         0  stubs.o ABSOLUTE
    _printf_p                                0x00000000   Number         0  stubs.o ABSOLUTE
    _printf_percent                          0x00000000   Number         0  stubs.o ABSOLUTE
    _printf_pre_padding                      0x00000000   Number         0  stubs.o ABSOLUTE
    _printf_return_value                     0x00000000   Number         0  stubs.o ABSOLUTE
    _printf_s                                0x00000000   Number         0  stubs.o ABSOLUTE
    _printf_sizespec                         0x00000000   Number         0  stubs.o ABSOLUTE
    _printf_str                              0x00000000   Number         0  stubs.o ABSOLUTE
    _printf_truncate_signed                  0x00000000   Number         0  stubs.o ABSOLUTE
    _printf_truncate_unsigned                0x00000000   Number         0  stubs.o ABSOLUTE
    _printf_u                                0x00000000   Number         0  stubs.o ABSOLUTE
    _printf_wc                               0x00000000   Number         0  stubs.o ABSOLUTE
    _printf_wctomb                           0x00000000   Number         0  stubs.o ABSOLUTE
    _printf_widthprec                        0x00000000   Number         0  stubs.o ABSOLUTE
    _printf_x                                0x00000000   Number         0  stubs.o ABSOLUTE
    __cpp_initialize__aeabi_                  - Undefined Weak Reference
    __cxa_finalize                            - Undefined Weak Reference
    __decompress                              - Undefined Weak Reference
    _clock_init                               - Undefined Weak Reference
    _microlib_exit                            - Undefined Weak Reference
    _scanf_longlong                           - Undefined Weak Reference
    _scanf_real                               - Undefined Weak Reference
    _scanf_string                             - Undefined Weak Reference
    __Vectors_Size                           0x000001ac   Number         0  startup_gd32f450_470.o ABSOLUTE
    __Vectors                                0x08011000   Data           4  startup_gd32f450_470.o(RESET)
    __Vectors_End                            0x080111ac   Data           0  startup_gd32f450_470.o(RESET)
    __main                                   0x080111ad   Thumb Code     0  entry.o(.ARM.Collect$$$$00000000)
    _main_stk                                0x080111ad   Thumb Code     0  entry2.o(.ARM.Collect$$$$00000001)
    _main_scatterload                        0x080111b1   Thumb Code     0  entry5.o(.ARM.Collect$$$$00000004)
    __main_after_scatterload                 0x080111b5   Thumb Code     0  entry5.o(.ARM.Collect$$$$00000004)
    _main_clock                              0x080111b5   Thumb Code     0  entry7b.o(.ARM.Collect$$$$00000008)
    _main_cpp_init                           0x080111b5   Thumb Code     0  entry8b.o(.ARM.Collect$$$$0000000A)
    _main_init                               0x080111b5   Thumb Code     0  entry9a.o(.ARM.Collect$$$$0000000B)
    __rt_final_cpp                           0x080111bd   Thumb Code     0  entry10a.o(.ARM.Collect$$$$0000000D)
    __rt_final_exit                          0x080111bd   Thumb Code     0  entry11a.o(.ARM.Collect$$$$0000000F)
    Reset_Handler                            0x080111c1   Thumb Code     8  startup_gd32f450_470.o(.text)
    ADC_IRQHandler                           0x080111db   Thumb Code     0  startup_gd32f450_470.o(.text)
    CAN0_EWMC_IRQHandler                     0x080111db   Thumb Code     0  startup_gd32f450_470.o(.text)
    CAN0_RX0_IRQHandler                      0x080111db   Thumb Code     0  startup_gd32f450_470.o(.text)
    CAN0_RX1_IRQHandler                      0x080111db   Thumb Code     0  startup_gd32f450_470.o(.text)
    CAN0_TX_IRQHandler                       0x080111db   Thumb Code     0  startup_gd32f450_470.o(.text)
    CAN1_EWMC_IRQHandler                     0x080111db   Thumb Code     0  startup_gd32f450_470.o(.text)
    CAN1_RX0_IRQHandler                      0x080111db   Thumb Code     0  startup_gd32f450_470.o(.text)
    CAN1_RX1_IRQHandler                      0x080111db   Thumb Code     0  startup_gd32f450_470.o(.text)
    CAN1_TX_IRQHandler                       0x080111db   Thumb Code     0  startup_gd32f450_470.o(.text)
    DCI_IRQHandler                           0x080111db   Thumb Code     0  startup_gd32f450_470.o(.text)
    DMA0_Channel0_IRQHandler                 0x080111db   Thumb Code     0  startup_gd32f450_470.o(.text)
    DMA0_Channel1_IRQHandler                 0x080111db   Thumb Code     0  startup_gd32f450_470.o(.text)
    DMA0_Channel2_IRQHandler                 0x080111db   Thumb Code     0  startup_gd32f450_470.o(.text)
    DMA0_Channel3_IRQHandler                 0x080111db   Thumb Code     0  startup_gd32f450_470.o(.text)
    DMA0_Channel4_IRQHandler                 0x080111db   Thumb Code     0  startup_gd32f450_470.o(.text)
    DMA0_Channel5_IRQHandler                 0x080111db   Thumb Code     0  startup_gd32f450_470.o(.text)
    DMA0_Channel6_IRQHandler                 0x080111db   Thumb Code     0  startup_gd32f450_470.o(.text)
    DMA0_Channel7_IRQHandler                 0x080111db   Thumb Code     0  startup_gd32f450_470.o(.text)
    DMA1_Channel0_IRQHandler                 0x080111db   Thumb Code     0  startup_gd32f450_470.o(.text)
    DMA1_Channel1_IRQHandler                 0x080111db   Thumb Code     0  startup_gd32f450_470.o(.text)
    DMA1_Channel2_IRQHandler                 0x080111db   Thumb Code     0  startup_gd32f450_470.o(.text)
    DMA1_Channel3_IRQHandler                 0x080111db   Thumb Code     0  startup_gd32f450_470.o(.text)
    DMA1_Channel4_IRQHandler                 0x080111db   Thumb Code     0  startup_gd32f450_470.o(.text)
    DMA1_Channel5_IRQHandler                 0x080111db   Thumb Code     0  startup_gd32f450_470.o(.text)
    DMA1_Channel6_IRQHandler                 0x080111db   Thumb Code     0  startup_gd32f450_470.o(.text)
    DMA1_Channel7_IRQHandler                 0x080111db   Thumb Code     0  startup_gd32f450_470.o(.text)
    ENET_IRQHandler                          0x080111db   Thumb Code     0  startup_gd32f450_470.o(.text)
    ENET_WKUP_IRQHandler                     0x080111db   Thumb Code     0  startup_gd32f450_470.o(.text)
    EXMC_IRQHandler                          0x080111db   Thumb Code     0  startup_gd32f450_470.o(.text)
    EXTI0_IRQHandler                         0x080111db   Thumb Code     0  startup_gd32f450_470.o(.text)
    EXTI10_15_IRQHandler                     0x080111db   Thumb Code     0  startup_gd32f450_470.o(.text)
    EXTI1_IRQHandler                         0x080111db   Thumb Code     0  startup_gd32f450_470.o(.text)
    EXTI2_IRQHandler                         0x080111db   Thumb Code     0  startup_gd32f450_470.o(.text)
    EXTI3_IRQHandler                         0x080111db   Thumb Code     0  startup_gd32f450_470.o(.text)
    EXTI4_IRQHandler                         0x080111db   Thumb Code     0  startup_gd32f450_470.o(.text)
    EXTI5_9_IRQHandler                       0x080111db   Thumb Code     0  startup_gd32f450_470.o(.text)
    FMC_IRQHandler                           0x080111db   Thumb Code     0  startup_gd32f450_470.o(.text)
    FPU_IRQHandler                           0x080111db   Thumb Code     0  startup_gd32f450_470.o(.text)
    I2C0_ER_IRQHandler                       0x080111db   Thumb Code     0  startup_gd32f450_470.o(.text)
    I2C0_EV_IRQHandler                       0x080111db   Thumb Code     0  startup_gd32f450_470.o(.text)
    I2C1_ER_IRQHandler                       0x080111db   Thumb Code     0  startup_gd32f450_470.o(.text)
    I2C1_EV_IRQHandler                       0x080111db   Thumb Code     0  startup_gd32f450_470.o(.text)
    I2C2_ER_IRQHandler                       0x080111db   Thumb Code     0  startup_gd32f450_470.o(.text)
    I2C2_EV_IRQHandler                       0x080111db   Thumb Code     0  startup_gd32f450_470.o(.text)
    IPA_IRQHandler                           0x080111db   Thumb Code     0  startup_gd32f450_470.o(.text)
    LVD_IRQHandler                           0x080111db   Thumb Code     0  startup_gd32f450_470.o(.text)
    RCU_CTC_IRQHandler                       0x080111db   Thumb Code     0  startup_gd32f450_470.o(.text)
    SDIO_IRQHandler                          0x080111db   Thumb Code     0  startup_gd32f450_470.o(.text)
    SPI0_IRQHandler                          0x080111db   Thumb Code     0  startup_gd32f450_470.o(.text)
    SPI1_IRQHandler                          0x080111db   Thumb Code     0  startup_gd32f450_470.o(.text)
    SPI2_IRQHandler                          0x080111db   Thumb Code     0  startup_gd32f450_470.o(.text)
    SPI3_IRQHandler                          0x080111db   Thumb Code     0  startup_gd32f450_470.o(.text)
    SPI4_IRQHandler                          0x080111db   Thumb Code     0  startup_gd32f450_470.o(.text)
    SPI5_IRQHandler                          0x080111db   Thumb Code     0  startup_gd32f450_470.o(.text)
    TAMPER_STAMP_IRQHandler                  0x080111db   Thumb Code     0  startup_gd32f450_470.o(.text)
    TIMER0_BRK_TIMER8_IRQHandler             0x080111db   Thumb Code     0  startup_gd32f450_470.o(.text)
    TIMER0_Channel_IRQHandler                0x080111db   Thumb Code     0  startup_gd32f450_470.o(.text)
    TIMER0_TRG_CMT_TIMER10_IRQHandler        0x080111db   Thumb Code     0  startup_gd32f450_470.o(.text)
    TIMER0_UP_TIMER9_IRQHandler              0x080111db   Thumb Code     0  startup_gd32f450_470.o(.text)
    TIMER1_IRQHandler                        0x080111db   Thumb Code     0  startup_gd32f450_470.o(.text)
    TIMER2_IRQHandler                        0x080111db   Thumb Code     0  startup_gd32f450_470.o(.text)
    TIMER3_IRQHandler                        0x080111db   Thumb Code     0  startup_gd32f450_470.o(.text)
    TIMER4_IRQHandler                        0x080111db   Thumb Code     0  startup_gd32f450_470.o(.text)
    TIMER5_DAC_IRQHandler                    0x080111db   Thumb Code     0  startup_gd32f450_470.o(.text)
    TIMER7_BRK_TIMER11_IRQHandler            0x080111db   Thumb Code     0  startup_gd32f450_470.o(.text)
    TIMER7_Channel_IRQHandler                0x080111db   Thumb Code     0  startup_gd32f450_470.o(.text)
    TIMER7_TRG_CMT_TIMER13_IRQHandler        0x080111db   Thumb Code     0  startup_gd32f450_470.o(.text)
    TIMER7_UP_TIMER12_IRQHandler             0x080111db   Thumb Code     0  startup_gd32f450_470.o(.text)
    TLI_ER_IRQHandler                        0x080111db   Thumb Code     0  startup_gd32f450_470.o(.text)
    TLI_IRQHandler                           0x080111db   Thumb Code     0  startup_gd32f450_470.o(.text)
    TRNG_IRQHandler                          0x080111db   Thumb Code     0  startup_gd32f450_470.o(.text)
    UART3_IRQHandler                         0x080111db   Thumb Code     0  startup_gd32f450_470.o(.text)
    UART4_IRQHandler                         0x080111db   Thumb Code     0  startup_gd32f450_470.o(.text)
    UART6_IRQHandler                         0x080111db   Thumb Code     0  startup_gd32f450_470.o(.text)
    UART7_IRQHandler                         0x080111db   Thumb Code     0  startup_gd32f450_470.o(.text)
    USART0_IRQHandler                        0x080111db   Thumb Code     0  startup_gd32f450_470.o(.text)
    USART2_IRQHandler                        0x080111db   Thumb Code     0  startup_gd32f450_470.o(.text)
    USART5_IRQHandler                        0x080111db   Thumb Code     0  startup_gd32f450_470.o(.text)
    USBFS_IRQHandler                         0x080111db   Thumb Code     0  startup_gd32f450_470.o(.text)
    USBFS_WKUP_IRQHandler                    0x080111db   Thumb Code     0  startup_gd32f450_470.o(.text)
    USBHS_EP1_In_IRQHandler                  0x080111db   Thumb Code     0  startup_gd32f450_470.o(.text)
    USBHS_EP1_Out_IRQHandler                 0x080111db   Thumb Code     0  startup_gd32f450_470.o(.text)
    USBHS_IRQHandler                         0x080111db   Thumb Code     0  startup_gd32f450_470.o(.text)
    USBHS_WKUP_IRQHandler                    0x080111db   Thumb Code     0  startup_gd32f450_470.o(.text)
    WWDGT_IRQHandler                         0x080111db   Thumb Code     0  startup_gd32f450_470.o(.text)
    __aeabi_memcpy                           0x080111e5   Thumb Code    36  memcpya.o(.text)
    __aeabi_memcpy4                          0x080111e5   Thumb Code     0  memcpya.o(.text)
    __aeabi_memcpy8                          0x080111e5   Thumb Code     0  memcpya.o(.text)
    __aeabi_memset                           0x08011209   Thumb Code    14  memseta.o(.text)
    __aeabi_memset4                          0x08011209   Thumb Code     0  memseta.o(.text)
    __aeabi_memset8                          0x08011209   Thumb Code     0  memseta.o(.text)
    __aeabi_memclr                           0x08011217   Thumb Code     4  memseta.o(.text)
    __aeabi_memclr4                          0x08011217   Thumb Code     0  memseta.o(.text)
    __aeabi_memclr8                          0x08011217   Thumb Code     0  memseta.o(.text)
    _memset$wrapper                          0x0801121b   Thumb Code    18  memseta.o(.text)
    strlen                                   0x0801122d   Thumb Code    14  strlen.o(.text)
    __aeabi_f2d                              0x0801123b   Thumb Code    38  f2d.o(.text)
    __aeabi_uidiv                            0x08011261   Thumb Code     0  uidiv.o(.text)
    __aeabi_uidivmod                         0x08011261   Thumb Code    44  uidiv.o(.text)
    __aeabi_uldivmod                         0x0801128d   Thumb Code    98  uldiv.o(.text)
    __I$use$fp                               0x080112ef   Thumb Code     0  iusefp.o(.text)
    __aeabi_dadd                             0x080112ef   Thumb Code   322  dadd.o(.text)
    __aeabi_dsub                             0x08011431   Thumb Code     6  dadd.o(.text)
    __aeabi_drsub                            0x08011437   Thumb Code     6  dadd.o(.text)
    __aeabi_dmul                             0x0801143d   Thumb Code   228  dmul.o(.text)
    __aeabi_ddiv                             0x08011521   Thumb Code   222  ddiv.o(.text)
    __aeabi_d2ulz                            0x080115ff   Thumb Code    48  dfixul.o(.text)
    __aeabi_cdrcmple                         0x08011631   Thumb Code    48  cdrcmple.o(.text)
    __scatterload                            0x08011661   Thumb Code    28  init.o(.text)
    __scatterload_rt2                        0x08011661   Thumb Code     0  init.o(.text)
    __aeabi_llsl                             0x08011685   Thumb Code    30  llshl.o(.text)
    __semihosting_library_function           0x08011685   Thumb Code     0  semi.o(.text)
    _ll_shift_l                              0x08011685   Thumb Code     0  llshl.o(.text)
    __aeabi_llsr                             0x080116a3   Thumb Code    32  llushr.o(.text)
    _ll_ushift_r                             0x080116a3   Thumb Code     0  llushr.o(.text)
    __aeabi_lasr                             0x080116c3   Thumb Code    36  llsshr.o(.text)
    _ll_sshift_r                             0x080116c3   Thumb Code     0  llsshr.o(.text)
    __I$use$semihosting$fputc                0x080116e7   Thumb Code     0  iusesemip.o(.text)
    _double_round                            0x080116e7   Thumb Code    30  depilogue.o(.text)
    _double_epilogue                         0x08011705   Thumb Code   156  depilogue.o(.text)
    AD3344_Send_Data                         0x080117a1   Thumb Code    16  gd30ad3344_standard.o(i.AD3344_Send_Data)
    AD3344_reg_Config                        0x080117b1   Thumb Code   378  function.o(i.AD3344_reg_Config)
    ADC_Init                                 0x08011951   Thumb Code   118  adc.o(i.ADC_Init)
    ADC_Read_Channel                         0x080119d1   Thumb Code    94  adc.o(i.ADC_Read_Channel)
    APP_HandleUpgradeRequest                 0x08011a35   Thumb Code   118  function.o(i.APP_HandleUpgradeRequest)
    Alarm_CheckAndReport                     0x08011bff   Thumb Code   116  command.o(i.Alarm_CheckAndReport)
    Baudrate_CodeToValue                     0x08011e7f   Thumb Code    50  usart1.o(i.Baudrate_CodeToValue)
    BeBytesToFloat                           0x08011eb1   Thumb Code    32  adc.o(i.BeBytesToFloat)
    BusFault_Handler                         0x08011ed1   Thumb Code     4  gd32f4xx_it.o(i.BusFault_Handler)
    CRC16_Modbus                             0x08011f31   Thumb Code    58  protocol.o(i.CRC16_Modbus)
    Cmd_AutoReportTick                       0x08011f6d   Thumb Code   178  command.o(i.Cmd_AutoReportTick)
    Cmd_BroadcastFind                        0x08012039   Thumb Code    14  command.o(i.Cmd_BroadcastFind)
    Cmd_ClearAlarmRecord                     0x0801204d   Thumb Code    78  command.o(i.Cmd_ClearAlarmRecord)
    Cmd_DeviceReboot                         0x0801209b   Thumb Code    16  command.o(i.Cmd_DeviceReboot)
    Cmd_EnterSleep                           0x080120ad   Thumb Code   232  command.o(i.Cmd_EnterSleep)
    Cmd_ExecuteUpgrade                       0x080121b5   Thumb Code    24  command.o(i.Cmd_ExecuteUpgrade)
    Cmd_FactoryReset                         0x080121cd   Thumb Code    12  command.o(i.Cmd_FactoryReset)
    Cmd_Heartbeat                            0x080121d9   Thumb Code     2  command.o(i.Cmd_Heartbeat)
    Cmd_PrepareFirmware                      0x080121db   Thumb Code    24  command.o(i.Cmd_PrepareFirmware)
    Cmd_ProcessFrame                         0x080121f5   Thumb Code   624  command.o(i.Cmd_ProcessFrame)
    Cmd_QueryAlarmRecord                     0x080124a9   Thumb Code   114  command.o(i.Cmd_QueryAlarmRecord)
    Cmd_QueryBaudrate                        0x08012525   Thumb Code    30  command.o(i.Cmd_QueryBaudrate)
    Cmd_QueryCh0                             0x08012549   Thumb Code    46  command.o(i.Cmd_QueryCh0)
    Cmd_QueryCh1                             0x08012577   Thumb Code    46  command.o(i.Cmd_QueryCh1)
    Cmd_QueryCh2Pt100                        0x080125a5   Thumb Code    46  command.o(i.Cmd_QueryCh2Pt100)
    Cmd_QueryDeviceID                        0x080125d3   Thumb Code    30  command.o(i.Cmd_QueryDeviceID)
    Cmd_QueryDeviceInfo                      0x080125f1   Thumb Code    12  command.o(i.Cmd_QueryDeviceInfo)
    Cmd_QueryFwVersion                       0x080125fd   Thumb Code    36  command.o(i.Cmd_QueryFwVersion)
    Cmd_QueryTime                            0x08012625   Thumb Code   190  command.o(i.Cmd_QueryTime)
    Cmd_ReadCh0Threshold                     0x080126e5   Thumb Code    32  command.o(i.Cmd_ReadCh0Threshold)
    Cmd_ReadCh1Threshold                     0x08012709   Thumb Code    32  command.o(i.Cmd_ReadCh1Threshold)
    Cmd_ReadCh2Threshold                     0x0801272d   Thumb Code    32  command.o(i.Cmd_ReadCh2Threshold)
    Cmd_ReadThresholds                       0x08012751   Thumb Code    42  command.o(i.Cmd_ReadThresholds)
    Cmd_SetAlarmMode                         0x0801279b   Thumb Code   216  command.o(i.Cmd_SetAlarmMode)
    Cmd_SetBaudrate                          0x08012875   Thumb Code   236  command.o(i.Cmd_SetBaudrate)
    Cmd_SetCh0Ratio                          0x08012965   Thumb Code   214  command.o(i.Cmd_SetCh0Ratio)
    Cmd_SetCh1Ratio                          0x08012a41   Thumb Code   240  command.o(i.Cmd_SetCh1Ratio)
    Cmd_SetDacOutput                         0x08012b35   Thumb Code   346  command.o(i.Cmd_SetDacOutput)
    Cmd_SetDeviceID                          0x08012c91   Thumb Code   154  command.o(i.Cmd_SetDeviceID)
    Cmd_SetReportInterval                    0x08012d35   Thumb Code    86  command.o(i.Cmd_SetReportInterval)
    Cmd_SetTime                              0x08012d91   Thumb Code   196  command.o(i.Cmd_SetTime)
    Cmd_StartAutoReport                      0x08012e55   Thumb Code    40  command.o(i.Cmd_StartAutoReport)
    Cmd_StopAutoReport                       0x08012e85   Thumb Code    22  command.o(i.Cmd_StopAutoReport)
    Cmd_UpgradeRequest                       0x08012ea5   Thumb Code    28  command.o(i.Cmd_UpgradeRequest)
    Cmd_WriteCh0Threshold                    0x08012ec1   Thumb Code    56  command.o(i.Cmd_WriteCh0Threshold)
    Cmd_WriteCh1Threshold                    0x08012efd   Thumb Code    56  command.o(i.Cmd_WriteCh1Threshold)
    Cmd_WriteCh2Threshold                    0x08012f39   Thumb Code    56  command.o(i.Cmd_WriteCh2Threshold)
    Convert_CH0                              0x08012f75   Thumb Code    26  adc.o(i.Convert_CH0)
    Convert_CH1                              0x08012f99   Thumb Code    26  adc.o(i.Convert_CH1)
    DAC_Set_Value                            0x08012fbd   Thumb Code    26  adc.o(i.DAC_Set_Value)
    DateTimeToUnix                           0x08012fdd   Thumb Code   140  rtc_func.o(i.DateTimeToUnix)
    DebugMon_Handler                         0x08013071   Thumb Code     2  gd32f4xx_it.o(i.DebugMon_Handler)
    FloatToBeBytes                           0x08013073   Thumb Code    32  adc.o(i.FloatToBeBytes)
    HardFault_Handler                        0x08013093   Thumb Code     4  gd32f4xx_it.o(i.HardFault_Handler)
    I2C_Start                                0x08013099   Thumb Code    84  oled.o(i.I2C_Start)
    I2C_Stop                                 0x080130f1   Thumb Code    66  oled.o(i.I2C_Stop)
    I2C_WaitAck                              0x08013139   Thumb Code   116  oled.o(i.I2C_WaitAck)
    IIC_delay                                0x080131b1   Thumb Code    16  oled.o(i.IIC_delay)
    IWDG_Init                                0x080131c1   Thumb Code    40  function.o(i.IWDG_Init)
    LED_Init                                 0x080131e9   Thumb Code    44  led.o(i.LED_Init)
    MemManage_Handler                        0x08013219   Thumb Code     4  gd32f4xx_it.o(i.MemManage_Handler)
    NMI_Handler                              0x0801321d   Thumb Code     2  gd32f4xx_it.o(i.NMI_Handler)
    OLED_Clear                               0x08013271   Thumb Code    42  oled.o(i.OLED_Clear)
    OLED_ClearPoint                          0x080132a1   Thumb Code    90  oled.o(i.OLED_ClearPoint)
    OLED_DrawPoint                           0x08013301   Thumb Code    54  oled.o(i.OLED_DrawPoint)
    OLED_Init                                0x0801333d   Thumb Code   316  oled.o(i.OLED_Init)
    OLED_Refresh                             0x0801347d   Thumb Code    70  oled.o(i.OLED_Refresh)
    OLED_ShowChar                            0x080134c9   Thumb Code   240  oled.o(i.OLED_ShowChar)
    OLED_ShowString                          0x080135c5   Thumb Code    66  oled.o(i.OLED_ShowString)
    OLED_WR_Byte                             0x08013607   Thumb Code    56  oled.o(i.OLED_WR_Byte)
    PT100_GetTemp_FromADC                    0x08013641   Thumb Code   154  pt100.o(i.PT100_GetTemp_FromADC)
    PendSV_Handler                           0x080136e9   Thumb Code     2  gd32f4xx_it.o(i.PendSV_Handler)
    Protocol_ParseFrame                      0x080136ed   Thumb Code   506  protocol.o(i.Protocol_ParseFrame)
    Protocol_SendAck                         0x080138f1   Thumb Code    26  protocol.o(i.Protocol_SendAck)
    Protocol_SendError                       0x0801390b   Thumb Code    26  protocol.o(i.Protocol_SendError)
    Protocol_SendErrorFrame                  0x08013925   Thumb Code    26  command.o(i.Protocol_SendErrorFrame)
    Protocol_SendFrame                       0x0801393f   Thumb Code   204  protocol.o(i.Protocol_SendFrame)
    Protocol_SendHeartbeat                   0x08013a0b   Thumb Code    26  protocol.o(i.Protocol_SendHeartbeat)
    Query_CH0                                0x08013a25   Thumb Code    44  adc.o(i.Query_CH0)
    Query_CH1                                0x08013a55   Thumb Code    44  adc.o(i.Query_CH1)
    Query_CH2                                0x08013a85   Thumb Code    68  pt100.o(i.Query_CH2)
    RS485_Init                               0x08013ae1   Thumb Code   242  usart1.o(i.RS485_Init)
    RS485_Printf                             0x08013be5   Thumb Code    50  usart1.o(i.RS485_Printf)
    RS485_ReInit                             0x08013c19   Thumb Code   108  usart1.o(i.RS485_ReInit)
    RS485_SendData                           0x08013c8d   Thumb Code    90  usart1.o(i.RS485_SendData)
    RTC_Alarm_IRQHandler                     0x08013cf1   Thumb Code    30  rtc.o(i.RTC_Alarm_IRQHandler)
    RTC_CalcWeekday                          0x08013d25   Thumb Code   136  rtc.o(i.RTC_CalcWeekday)
    RTC_GetDateTime                          0x08013dd5   Thumb Code    94  rtc.o(i.RTC_GetDateTime)
    RTC_GetDaysInMonth                       0x08013e39   Thumb Code    38  rtc.o(i.RTC_GetDaysInMonth)
    RTC_Init                                 0x08013e6d   Thumb Code   264  rtc.o(i.RTC_Init)
    RTC_IsLeapYear                           0x08013f85   Thumb Code    50  rtc.o(i.RTC_IsLeapYear)
    RTC_SetAlarmA                            0x08013fb7   Thumb Code   136  rtc.o(i.RTC_SetAlarmA)
    RTC_SetDateTime                          0x08014041   Thumb Code   124  rtc.o(i.RTC_SetDateTime)
    RTC_WKUP_IRQHandler                      0x0801415f   Thumb Code    30  rtc.o(i.RTC_WKUP_IRQHandler)
    SVC_Handler                              0x0801417d   Thumb Code     2  gd32f4xx_it.o(i.SVC_Handler)
    Send_Byte                                0x0801425d   Thumb Code    88  oled.o(i.Send_Byte)
    SysTick_Handler                          0x080142b9   Thumb Code     8  gd32f4xx_it.o(i.SysTick_Handler)
    SystemInit                               0x080142c1   Thumb Code   194  system_gd32f4xx.o(i.SystemInit)
    System_Init                              0x08014395   Thumb Code   634  function.o(i.System_Init)
    TIMER6_IRQHandler                        0x08014659   Thumb Code    42  timer.o(i.TIMER6_IRQHandler)
    USART1_IRQHandler                        0x080147bd   Thumb Code    78  usart1.o(i.USART1_IRQHandler)
    UnixToDateTime                           0x08014815   Thumb Code   204  rtc_func.o(i.UnixToDateTime)
    Up_RTC_Time                              0x080148e9   Thumb Code    72  rtc_func.o(i.Up_RTC_Time)
    UsageFault_Handler                       0x08014949   Thumb Code     4  gd32f4xx_it.o(i.UsageFault_Handler)
    Usart1Ring_GetCount                      0x0801494d   Thumb Code    30  usart1.o(i.Usart1Ring_GetCount)
    Usart1Ring_Peek                          0x08014971   Thumb Code    56  usart1.o(i.Usart1Ring_Peek)
    Usart1Ring_PutChar                       0x080149b1   Thumb Code    54  usart1.o(i.Usart1Ring_PutChar)
    Usart1Ring_Skip                          0x080149f1   Thumb Code    42  usart1.o(i.Usart1Ring_Skip)
    Usart1_RxReset                           0x08014a21   Thumb Code    12  usart1.o(i.Usart1_RxReset)
    UsrFunction                              0x08014a31   Thumb Code   286  function.o(i.UsrFunction)
    __0printf                                0x08014bb5   Thumb Code    22  printfa.o(i.__0printf)
    __1printf                                0x08014bb5   Thumb Code     0  printfa.o(i.__0printf)
    __2printf                                0x08014bb5   Thumb Code     0  printfa.o(i.__0printf)
    __c89printf                              0x08014bb5   Thumb Code     0  printfa.o(i.__0printf)
    printf                                   0x08014bb5   Thumb Code     0  printfa.o(i.__0printf)
    __0snprintf                              0x08014bd5   Thumb Code    44  printfa.o(i.__0snprintf)
    __1snprintf                              0x08014bd5   Thumb Code     0  printfa.o(i.__0snprintf)
    __2snprintf                              0x08014bd5   Thumb Code     0  printfa.o(i.__0snprintf)
    __c89snprintf                            0x08014bd5   Thumb Code     0  printfa.o(i.__0snprintf)
    snprintf                                 0x08014bd5   Thumb Code     0  printfa.o(i.__0snprintf)
    __0sprintf                               0x08014c05   Thumb Code    34  printfa.o(i.__0sprintf)
    __1sprintf                               0x08014c05   Thumb Code     0  printfa.o(i.__0sprintf)
    __2sprintf                               0x08014c05   Thumb Code     0  printfa.o(i.__0sprintf)
    __c89sprintf                             0x08014c05   Thumb Code     0  printfa.o(i.__0sprintf)
    sprintf                                  0x08014c05   Thumb Code     0  printfa.o(i.__0sprintf)
    __0vsnprintf                             0x08014c2d   Thumb Code    40  printfa.o(i.__0vsnprintf)
    __1vsnprintf                             0x08014c2d   Thumb Code     0  printfa.o(i.__0vsnprintf)
    __2vsnprintf                             0x08014c2d   Thumb Code     0  printfa.o(i.__0vsnprintf)
    __c89vsnprintf                           0x08014c2d   Thumb Code     0  printfa.o(i.__0vsnprintf)
    vsnprintf                                0x08014c2d   Thumb Code     0  printfa.o(i.__0vsnprintf)
    __scatterload_copy                       0x08014c59   Thumb Code    14  handlers.o(i.__scatterload_copy)
    __scatterload_null                       0x08014c67   Thumb Code     2  handlers.o(i.__scatterload_null)
    __scatterload_zeroinit                   0x08014c69   Thumb Code    14  handlers.o(i.__scatterload_zeroinit)
    ad3344_ExtRef                            0x08015555   Thumb Code   154  gd30ad3344_standard.o(i.ad3344_ExtRef)
    ad3344_Exti_disable                      0x080155f5   Thumb Code    64  gd30ad3344_standard.o(i.ad3344_Exti_disable)
    ad3344_init                              0x08015639   Thumb Code    60  gd30ad3344_standard.o(i.ad3344_init)
    ad3344_process                           0x08015679   Thumb Code    72  gd30ad3344_standard.o(i.ad3344_process)
    ad3344_read_data16                       0x080156c5   Thumb Code    64  gd30ad3344_standard.o(i.ad3344_read_data16)
    ad3344_spi_init                          0x08015709   Thumb Code   174  spi_port.o(i.ad3344_spi_init)
    ad3344_spi_txrx16bit                     0x080157c5   Thumb Code    48  spi_port.o(i.ad3344_spi_txrx16bit)
    adc_calibration_enable                   0x080157f9   Thumb Code    42  gd32f4xx_adc.o(i.adc_calibration_enable)
    adc_channel_length_config                0x08015823   Thumb Code    82  gd32f4xx_adc.o(i.adc_channel_length_config)
    adc_clock_config                         0x08015875   Thumb Code    28  gd32f4xx_adc.o(i.adc_clock_config)
    adc_data_alignment_config                0x08015899   Thumb Code    22  gd32f4xx_adc.o(i.adc_data_alignment_config)
    adc_deinit                               0x080158af   Thumb Code    20  gd32f4xx_adc.o(i.adc_deinit)
    adc_enable                               0x080158c3   Thumb Code    18  gd32f4xx_adc.o(i.adc_enable)
    adc_flag_clear                           0x080158d5   Thumb Code     8  gd32f4xx_adc.o(i.adc_flag_clear)
    adc_flag_get                             0x080158dd   Thumb Code    14  gd32f4xx_adc.o(i.adc_flag_get)
    adc_routine_channel_config               0x080158eb   Thumb Code   172  gd32f4xx_adc.o(i.adc_routine_channel_config)
    adc_routine_data_read                    0x08015997   Thumb Code     8  gd32f4xx_adc.o(i.adc_routine_data_read)
    adc_software_trigger_enable              0x0801599f   Thumb Code    36  gd32f4xx_adc.o(i.adc_software_trigger_enable)
    adc_special_function_config              0x080159c3   Thumb Code    90  gd32f4xx_adc.o(i.adc_special_function_config)
    adc_sync_mode_config                     0x08015a1d   Thumb Code    28  gd32f4xx_adc.o(i.adc_sync_mode_config)
    dac_data_set                             0x08015a41   Thumb Code    64  gd32f4xx_dac.o(i.dac_data_set)
    dac_deinit                               0x08015a81   Thumb Code    34  gd32f4xx_dac.o(i.dac_deinit)
    dac_enable                               0x08015aa9   Thumb Code    26  gd32f4xx_dac.o(i.dac_enable)
    dac_output_buffer_enable                 0x08015ac3   Thumb Code    26  gd32f4xx_dac.o(i.dac_output_buffer_enable)
    dac_software_trigger_enable              0x08015add   Thumb Code    26  gd32f4xx_dac.o(i.dac_software_trigger_enable)
    dac_trigger_enable                       0x08015af7   Thumb Code    26  gd32f4xx_dac.o(i.dac_trigger_enable)
    dac_trigger_source_config                0x08015b11   Thumb Code    40  gd32f4xx_dac.o(i.dac_trigger_source_config)
    dac_wave_mode_config                     0x08015b39   Thumb Code    40  gd32f4xx_dac.o(i.dac_wave_mode_config)
    delay_1ms                                0x08015b61   Thumb Code    16  systick.o(i.delay_1ms)
    delay_decrement                          0x08015b75   Thumb Code    28  systick.o(i.delay_decrement)
    delay_us                                 0x08015b99   Thumb Code    26  gd30ad3344_standard.o(i.delay_us)
    exti_flag_clear                          0x08015bb5   Thumb Code     6  gd32f4xx_exti.o(i.exti_flag_clear)
    exti_init                                0x08015bc1   Thumb Code   184  gd32f4xx_exti.o(i.exti_init)
    exti_interrupt_disable                   0x08015c7d   Thumb Code    12  gd32f4xx_exti.o(i.exti_interrupt_disable)
    exti_interrupt_flag_clear                0x08015c8d   Thumb Code     6  gd32f4xx_exti.o(i.exti_interrupt_flag_clear)
    fmc_byte_program                         0x08015c99   Thumb Code    76  gd32f4xx_fmc.o(i.fmc_byte_program)
    fmc_flag_clear                           0x08015ce9   Thumb Code     6  gd32f4xx_fmc.o(i.fmc_flag_clear)
    fmc_flag_get                             0x08015cf5   Thumb Code    18  gd32f4xx_fmc.o(i.fmc_flag_get)
    fmc_lock                                 0x08015d0d   Thumb Code    14  gd32f4xx_fmc.o(i.fmc_lock)
    fmc_page_erase                           0x08015d21   Thumb Code   114  gd32f4xx_fmc.o(i.fmc_page_erase)
    fmc_ready_wait                           0x08015d9d   Thumb Code    32  gd32f4xx_fmc.o(i.fmc_ready_wait)
    fmc_state_get                            0x08015dbd   Thumb Code    70  gd32f4xx_fmc.o(i.fmc_state_get)
    fmc_unlock                               0x08015e09   Thumb Code    24  gd32f4xx_fmc.o(i.fmc_unlock)
    fputc                                    0x08015e2d   Thumb Code    18  fputc.o(i.fputc)
    fwdgt_config                             0x08015e41   Thumb Code    94  gd32f4xx_fwdgt.o(i.fwdgt_config)
    fwdgt_counter_reload                     0x08015ea9   Thumb Code    10  gd32f4xx_fwdgt.o(i.fwdgt_counter_reload)
    fwdgt_enable                             0x08015eb9   Thumb Code    10  gd32f4xx_fwdgt.o(i.fwdgt_enable)
    gpio_af_set                              0x08015ec9   Thumb Code    94  gd32f4xx_gpio.o(i.gpio_af_set)
    gpio_bit_reset                           0x08015f27   Thumb Code     4  gd32f4xx_gpio.o(i.gpio_bit_reset)
    gpio_bit_set                             0x08015f2b   Thumb Code     4  gd32f4xx_gpio.o(i.gpio_bit_set)
    gpio_input_bit_get                       0x08015f2f   Thumb Code    16  gd32f4xx_gpio.o(i.gpio_input_bit_get)
    gpio_mode_set                            0x08015f3f   Thumb Code    78  gd32f4xx_gpio.o(i.gpio_mode_set)
    gpio_output_bit_get                      0x08015f8d   Thumb Code    16  gd32f4xx_gpio.o(i.gpio_output_bit_get)
    gpio_output_options_set                  0x08015f9d   Thumb Code    66  gd32f4xx_gpio.o(i.gpio_output_options_set)
    internal_flash_erase                     0x08015fdf   Thumb Code    68  rom.o(i.internal_flash_erase)
    internal_flash_read_Char                 0x08016023   Thumb Code     6  rom.o(i.internal_flash_read_Char)
    internal_flash_write_str_Char            0x08016029   Thumb Code    78  rom.o(i.internal_flash_write_str_Char)
    main                                     0x080160ab   Thumb Code    14  main.o(i.main)
    mcu_software_reset                       0x080160b9   Thumb Code    10  function.o(i.mcu_software_reset)
    my_dac_init                              0x080160c5   Thumb Code    82  dac.o(i.my_dac_init)
    my_timer_init                            0x08016121   Thumb Code   112  timer.o(i.my_timer_init)
    nvic_irq_disable                         0x08016195   Thumb Code    18  gd32f4xx_misc.o(i.nvic_irq_disable)
    nvic_irq_enable                          0x080161ad   Thumb Code   186  gd32f4xx_misc.o(i.nvic_irq_enable)
    nvic_priority_group_set                  0x08016271   Thumb Code    10  gd32f4xx_misc.o(i.nvic_priority_group_set)
    pmu_backup_write_enable                  0x08016285   Thumb Code    14  gd32f4xx_pmu.o(i.pmu_backup_write_enable)
    pmu_to_deepsleepmode                     0x08016299   Thumb Code   204  gd32f4xx_pmu.o(i.pmu_to_deepsleepmode)
    rcu_clock_freq_get                       0x0801638d   Thumb Code   264  gd32f4xx_rcu.o(i.rcu_clock_freq_get)
    rcu_deinit                               0x080165dd   Thumb Code   122  gd32f4xx_rcu.o(i.rcu_deinit)
    rcu_flag_get                             0x08016669   Thumb Code    32  gd32f4xx_rcu.o(i.rcu_flag_get)
    rcu_osci_on                              0x0801668d   Thumb Code    32  gd32f4xx_rcu.o(i.rcu_osci_on)
    rcu_osci_stab_wait                       0x080166b1   Thumb Code   342  gd32f4xx_rcu.o(i.rcu_osci_stab_wait)
    rcu_periph_clock_enable                  0x0801680d   Thumb Code    32  gd32f4xx_rcu.o(i.rcu_periph_clock_enable)
    rcu_periph_reset_disable                 0x08016831   Thumb Code    32  gd32f4xx_rcu.o(i.rcu_periph_reset_disable)
    rcu_periph_reset_enable                  0x08016855   Thumb Code    32  gd32f4xx_rcu.o(i.rcu_periph_reset_enable)
    rcu_rtc_clock_config                     0x08016879   Thumb Code    18  gd32f4xx_rcu.o(i.rcu_rtc_clock_config)
    rcu_timer_clock_prescaler_config         0x08016891   Thumb Code    32  gd32f4xx_rcu.o(i.rcu_timer_clock_prescaler_config)
    rtc_alarm_config                         0x080168b5   Thumb Code    94  gd32f4xx_rtc.o(i.rtc_alarm_config)
    rtc_alarm_disable                        0x08016919   Thumb Code   122  gd32f4xx_rtc.o(i.rtc_alarm_disable)
    rtc_alarm_enable                         0x08016999   Thumb Code    56  gd32f4xx_rtc.o(i.rtc_alarm_enable)
    rtc_current_time_get                     0x080169d5   Thumb Code    96  gd32f4xx_rtc.o(i.rtc_current_time_get)
    rtc_flag_clear                           0x08016a39   Thumb Code    12  gd32f4xx_rtc.o(i.rtc_flag_clear)
    rtc_flag_get                             0x08016a49   Thumb Code    16  gd32f4xx_rtc.o(i.rtc_flag_get)
    rtc_init                                 0x08016a5d   Thumb Code   216  gd32f4xx_rtc.o(i.rtc_init)
    rtc_init_mode_enter                      0x08016b39   Thumb Code    66  gd32f4xx_rtc.o(i.rtc_init_mode_enter)
    rtc_init_mode_exit                       0x08016b81   Thumb Code    14  gd32f4xx_rtc.o(i.rtc_init_mode_exit)
    rtc_interrupt_enable                     0x08016b95   Thumb Code    54  gd32f4xx_rtc.o(i.rtc_interrupt_enable)
    rtc_register_sync_wait                   0x08016bd1   Thumb Code    92  gd32f4xx_rtc.o(i.rtc_register_sync_wait)
    spi_enable                               0x08016c31   Thumb Code    10  gd32f4xx_spi.o(i.spi_enable)
    spi_flash_buffer_erase                   0x08016c3b   Thumb Code   332  spi_flash.o(i.spi_flash_buffer_erase)
    spi_flash_buffer_read                    0x08016d89   Thumb Code    80  spi_flash.o(i.spi_flash_buffer_read)
    spi_flash_buffer_write                   0x08016ddd   Thumb Code   198  spi_flash.o(i.spi_flash_buffer_write)
    spi_flash_init                           0x08016ea5   Thumb Code   148  spi_flash.o(i.spi_flash_init)
    spi_flash_page_write                     0x08016f45   Thumb Code    86  spi_flash.o(i.spi_flash_page_write)
    spi_flash_read_id                        0x08016fa1   Thumb Code    78  spi_flash.o(i.spi_flash_read_id)
    spi_flash_read_version                   0x08016ff5   Thumb Code    18  function.o(i.spi_flash_read_version)
    spi_flash_sector_erase                   0x08017009   Thumb Code    62  spi_flash.o(i.spi_flash_sector_erase)
    spi_flash_send_byte                      0x0801704d   Thumb Code    50  spi_flash.o(i.spi_flash_send_byte)
    spi_flash_wait_for_write_end             0x08017085   Thumb Code    50  spi_flash.o(i.spi_flash_wait_for_write_end)
    spi_flash_write_enable                   0x080170bd   Thumb Code    30  spi_flash.o(i.spi_flash_write_enable)
    spi_flash_write_version                  0x080170e1   Thumb Code    24  function.o(i.spi_flash_write_version)
    spi_i2s_data_receive                     0x080170fd   Thumb Code     8  gd32f4xx_spi.o(i.spi_i2s_data_receive)
    spi_i2s_data_transmit                    0x08017105   Thumb Code     4  gd32f4xx_spi.o(i.spi_i2s_data_transmit)
    spi_i2s_deinit                           0x08017109   Thumb Code   162  gd32f4xx_spi.o(i.spi_i2s_deinit)
    spi_i2s_flag_get                         0x080171b5   Thumb Code    16  gd32f4xx_spi.o(i.spi_i2s_flag_get)
    spi_init                                 0x080171c5   Thumb Code    50  gd32f4xx_spi.o(i.spi_init)
    spi_struct_para_init                     0x080171f7   Thumb Code    18  gd32f4xx_spi.o(i.spi_struct_para_init)
    systick_config                           0x08017319   Thumb Code    74  systick.o(i.systick_config)
    timer_deinit                             0x08017369   Thumb Code   374  gd32f4xx_timer.o(i.timer_deinit)
    timer_enable                             0x080174ed   Thumb Code    10  gd32f4xx_timer.o(i.timer_enable)
    timer_init                               0x080174f9   Thumb Code   122  gd32f4xx_timer.o(i.timer_init)
    timer_interrupt_enable                   0x08017591   Thumb Code     8  gd32f4xx_timer.o(i.timer_interrupt_enable)
    timer_interrupt_flag_clear               0x08017599   Thumb Code     6  gd32f4xx_timer.o(i.timer_interrupt_flag_clear)
    timer_interrupt_flag_get                 0x0801759f   Thumb Code    24  gd32f4xx_timer.o(i.timer_interrupt_flag_get)
    usart_baudrate_set                       0x080175b9   Thumb Code   224  gd32f4xx_usart.o(i.usart_baudrate_set)
    usart_data_receive                       0x080176a1   Thumb Code    10  gd32f4xx_usart.o(i.usart_data_receive)
    usart_data_transmit                      0x080176ab   Thumb Code     8  gd32f4xx_usart.o(i.usart_data_transmit)
    usart_deinit                             0x080176b5   Thumb Code   210  gd32f4xx_usart.o(i.usart_deinit)
    usart_disable                            0x08017791   Thumb Code    10  gd32f4xx_usart.o(i.usart_disable)
    usart_enable                             0x0801779b   Thumb Code    10  gd32f4xx_usart.o(i.usart_enable)
    usart_flag_get                           0x080177a5   Thumb Code    30  gd32f4xx_usart.o(i.usart_flag_get)
    usart_hardware_flow_cts_config           0x080177c3   Thumb Code    20  gd32f4xx_usart.o(i.usart_hardware_flow_cts_config)
    usart_hardware_flow_rts_config           0x080177d7   Thumb Code    20  gd32f4xx_usart.o(i.usart_hardware_flow_rts_config)
    usart_interrupt_disable                  0x080177eb   Thumb Code    26  gd32f4xx_usart.o(i.usart_interrupt_disable)
    usart_interrupt_enable                   0x08017805   Thumb Code    26  gd32f4xx_usart.o(i.usart_interrupt_enable)
    usart_interrupt_flag_get                 0x0801781f   Thumb Code    56  gd32f4xx_usart.o(i.usart_interrupt_flag_get)
    usart_parity_config                      0x08017857   Thumb Code    16  gd32f4xx_usart.o(i.usart_parity_config)
    usart_receive_config                     0x08017867   Thumb Code    16  gd32f4xx_usart.o(i.usart_receive_config)
    usart_stop_bit_set                       0x08017877   Thumb Code    16  gd32f4xx_usart.o(i.usart_stop_bit_set)
    usart_transmit_config                    0x08017887   Thumb Code    16  gd32f4xx_usart.o(i.usart_transmit_config)
    usart_word_length_set                    0x08017897   Thumb Code    16  gd32f4xx_usart.o(i.usart_word_length_set)
    F6x8                                     0x080178b6   Data         552  oled.o(.constdata)
    F8X16                                    0x08017ade   Data        1520  oled.o(.constdata)
    asc2_1206                                0x080180ce   Data        1140  oled.o(.constdata)
    asc2_1608                                0x08018542   Data        1520  oled.o(.constdata)
    asc2_2412                                0x08018b32   Data        3420  oled.o(.constdata)
    Region$$Table$$Base                      0x080198f0   Number         0  anon$$obj.o(Region$$Table)
    Region$$Table$$Limit                     0x08019910   Number         0  anon$$obj.o(Region$$Table)
    adc_16bit                                0x20000008   Data           2  function.o(.data)
    ADC_Value                                0x2000000c   Data           4  function.o(.data)
    temp                                     0x20000010   Data           4  function.o(.data)
    pga                                      0x20000014   Data           4  function.o(.data)
    flash_id                                 0x20000018   Data           4  function.o(.data)
    ver                                      0x2000001c   Data           4  function.o(.data)
    rtc_err                                  0x20000020   Data           1  function.o(.data)
    version_write_done                       0x20000022   Data           2  function.o(.data)
    device_id                                0x20000024   Data           2  function.o(.data)
    g_device_id                              0x20000026   Data           2  function.o(.data)
    s_baudrate_code                          0x20000028   Data           1  function.o(.data)
    g_ch0_ratio                              0x2000002c   Data           4  function.o(.data)
    g_ch1_ratio                              0x20000030   Data           4  function.o(.data)
    g_ch0_ratio_arr                          0x20000034   Data           4  function.o(.data)
    g_ch1_ratio_arr                          0x20000038   Data           4  function.o(.data)
    g_auto_report_enabled                    0x2000003c   Data           1  function.o(.data)
    g_report_interval_tick                   0x2000003e   Data           2  function.o(.data)
    g_report_tick_counter                    0x20000040   Data           2  function.o(.data)
    g_ch0_threshold                          0x20000044   Data           4  function.o(.data)
    g_ch1_threshold                          0x20000048   Data           4  function.o(.data)
    g_ch2_threshold                          0x2000004c   Data           4  function.o(.data)
    g_ch0_threshold_arr                      0x20000050   Data           4  function.o(.data)
    g_ch1_threshold_arr                      0x20000054   Data           4  function.o(.data)
    g_ch2_threshold_arr                      0x20000058   Data           4  function.o(.data)
    last_report_tick                         0x2000005c   Data           4  function.o(.data)
    first_flag                               0x20000060   Data           1  function.o(.data)
    dt                                       0x20000061   Data           8  rtc_func.o(.data)
    tick_RTC_Sec                             0x20000069   Data           1  rtc_func.o(.data)
    SystemCoreClock                          0x2000006c   Data           4  system_gd32f4xx.o(.data)
    ADC_Config                               0x20000070   Data           4  gd30ad3344_standard.o(.data)
    AD3344_CONFIG                            0x20000074   Data           2  gd30ad3344_standard.o(.data)
    LED1_count                               0x20000076   Data           2  timer.o(.data)
    __stdout                                 0x20000078   Data           4  stdout.o(.data)
    data                                     0x2000007c   Data          50  function.o(.bss)
    config_buf                               0x200000ae   Data       20480  function.o(.bss)
    OLED_GRAM                                0x200050c0   Data         576  oled.o(.bss)
    g_usart1_ring                            0x20005300   Data        8198  usart1.o(.bss)
    __initial_sp                             0x20007720   Data           0  startup_gd32f450_470.o(STACK)



==============================================================================

Memory Map of the image

  Image Entry point : 0x080111ad

  Load Region LR_IROM1 (Base: 0x08011000, Size: 0x0000898c, Max: 0x00020000, ABSOLUTE)

    Execution Region ER_IROM1 (Exec base: 0x08011000, Load base: 0x08011000, Size: 0x00008910, Max: 0x00020000, ABSOLUTE)

    Exec Addr    Load Addr    Size         Type   Attr      Idx    E Section Name        Object

    0x08011000   0x08011000   0x000001ac   Data   RO         6677    RESET               startup_gd32f450_470.o
    0x080111ac   0x080111ac   0x00000000   Code   RO         7562  * .ARM.Collect$$$$00000000  mc_w.l(entry.o)
    0x080111ac   0x080111ac   0x00000004   Code   RO         7840    .ARM.Collect$$$$00000001  mc_w.l(entry2.o)
    0x080111b0   0x080111b0   0x00000004   Code   RO         7843    .ARM.Collect$$$$00000004  mc_w.l(entry5.o)
    0x080111b4   0x080111b4   0x00000000   Code   RO         7845    .ARM.Collect$$$$00000008  mc_w.l(entry7b.o)
    0x080111b4   0x080111b4   0x00000000   Code   RO         7847    .ARM.Collect$$$$0000000A  mc_w.l(entry8b.o)
    0x080111b4   0x080111b4   0x00000008   Code   RO         7848    .ARM.Collect$$$$0000000B  mc_w.l(entry9a.o)
    0x080111bc   0x080111bc   0x00000000   Code   RO         7850    .ARM.Collect$$$$0000000D  mc_w.l(entry10a.o)
    0x080111bc   0x080111bc   0x00000000   Code   RO         7852    .ARM.Collect$$$$0000000F  mc_w.l(entry11a.o)
    0x080111bc   0x080111bc   0x00000004   Code   RO         7841    .ARM.Collect$$$$00002712  mc_w.l(entry2.o)
    0x080111c0   0x080111c0   0x00000024   Code   RO         6678    .text               startup_gd32f450_470.o
    0x080111e4   0x080111e4   0x00000024   Code   RO         7565    .text               mc_w.l(memcpya.o)
    0x08011208   0x08011208   0x00000024   Code   RO         7567    .text               mc_w.l(memseta.o)
    0x0801122c   0x0801122c   0x0000000e   Code   RO         7569    .text               mc_w.l(strlen.o)
    0x0801123a   0x0801123a   0x00000026   Code   RO         7838    .text               mf_w.l(f2d.o)
    0x08011260   0x08011260   0x0000002c   Code   RO         7857    .text               mc_w.l(uidiv.o)
    0x0801128c   0x0801128c   0x00000062   Code   RO         7859    .text               mc_w.l(uldiv.o)
    0x080112ee   0x080112ee   0x00000000   Code   RO         7867    .text               mc_w.l(iusefp.o)
    0x080112ee   0x080112ee   0x0000014e   Code   RO         7868    .text               mf_w.l(dadd.o)
    0x0801143c   0x0801143c   0x000000e4   Code   RO         7870    .text               mf_w.l(dmul.o)
    0x08011520   0x08011520   0x000000de   Code   RO         7872    .text               mf_w.l(ddiv.o)
    0x080115fe   0x080115fe   0x00000030   Code   RO         7874    .text               mf_w.l(dfixul.o)
    0x0801162e   0x0801162e   0x00000002   PAD
    0x08011630   0x08011630   0x00000030   Code   RO         7876    .text               mf_w.l(cdrcmple.o)
    0x08011660   0x08011660   0x00000024   Code   RO         7878    .text               mc_w.l(init.o)
    0x08011684   0x08011684   0x00000000   Code   RO         7880    .text               mc_w.l(semi.o)
    0x08011684   0x08011684   0x0000001e   Code   RO         7881    .text               mc_w.l(llshl.o)
    0x080116a2   0x080116a2   0x00000020   Code   RO         7883    .text               mc_w.l(llushr.o)
    0x080116c2   0x080116c2   0x00000024   Code   RO         7885    .text               mc_w.l(llsshr.o)
    0x080116e6   0x080116e6   0x00000000   Code   RO         7891    .text               mc_w.l(iusesemip.o)
    0x080116e6   0x080116e6   0x000000ba   Code   RO         7892    .text               mf_w.l(depilogue.o)
    0x080117a0   0x080117a0   0x00000010   Code   RO         7383    i.AD3344_Send_Data  gd30ad3344_standard.o
    0x080117b0   0x080117b0   0x000001a0   Code   RO          967    i.AD3344_reg_Config  function.o
    0x08011950   0x08011950   0x00000080   Code   RO         7085    i.ADC_Init          adc.o
    0x080119d0   0x080119d0   0x00000064   Code   RO         7086    i.ADC_Read_Channel  adc.o
    0x08011a34   0x08011a34   0x0000007c   Code   RO          968    i.APP_HandleUpgradeRequest  function.o
    0x08011ab0   0x08011ab0   0x0000014e   Code   RO          667    i.Alarm_AddRecord   command.o
    0x08011bfe   0x08011bfe   0x00000074   Code   RO          668    i.Alarm_CheckAndReport  command.o
    0x08011c72   0x08011c72   0x0000004a   Code   RO          669    i.Alarm_ReadRecord  command.o
    0x08011cbc   0x08011cbc   0x000000d0   Code   RO          670    i.Alarm_RecordToString  command.o
    0x08011d8c   0x08011d8c   0x00000066   Code   RO          671    i.Alarm_WriteRecord  command.o
    0x08011df2   0x08011df2   0x00000036   Code   RO          437    i.AsciiCharToHex    protocol.o
    0x08011e28   0x08011e28   0x00000056   Code   RO          438    i.AsciiToBytes      protocol.o
    0x08011e7e   0x08011e7e   0x00000032   Code   RO         6974    i.Baudrate_CodeToValue  usart1.o
    0x08011eb0   0x08011eb0   0x00000020   Code   RO         7087    i.BeBytesToFloat    adc.o
    0x08011ed0   0x08011ed0   0x00000004   Code   RO            3    i.BusFault_Handler  gd32f4xx_it.o
    0x08011ed4   0x08011ed4   0x0000005c   Code   RO          439    i.BytesToAscii      protocol.o
    0x08011f30   0x08011f30   0x0000003a   Code   RO          440    i.CRC16_Modbus      protocol.o
    0x08011f6a   0x08011f6a   0x00000002   PAD
    0x08011f6c   0x08011f6c   0x000000cc   Code   RO          672    i.Cmd_AutoReportTick  command.o
    0x08012038   0x08012038   0x00000014   Code   RO          673    i.Cmd_BroadcastFind  command.o
    0x0801204c   0x0801204c   0x0000004e   Code   RO          674    i.Cmd_ClearAlarmRecord  command.o
    0x0801209a   0x0801209a   0x00000010   Code   RO          675    i.Cmd_DeviceReboot  command.o
    0x080120aa   0x080120aa   0x00000002   PAD
    0x080120ac   0x080120ac   0x00000108   Code   RO          676    i.Cmd_EnterSleep    command.o
    0x080121b4   0x080121b4   0x00000018   Code   RO          677    i.Cmd_ExecuteUpgrade  command.o
    0x080121cc   0x080121cc   0x0000000c   Code   RO          678    i.Cmd_FactoryReset  command.o
    0x080121d8   0x080121d8   0x00000002   Code   RO          679    i.Cmd_Heartbeat     command.o
    0x080121da   0x080121da   0x00000018   Code   RO          680    i.Cmd_PrepareFirmware  command.o
    0x080121f2   0x080121f2   0x00000002   PAD
    0x080121f4   0x080121f4   0x000002b4   Code   RO          681    i.Cmd_ProcessFrame  command.o
    0x080124a8   0x080124a8   0x0000007c   Code   RO          682    i.Cmd_QueryAlarmRecord  command.o
    0x08012524   0x08012524   0x00000024   Code   RO          683    i.Cmd_QueryBaudrate  command.o
    0x08012548   0x08012548   0x0000002e   Code   RO          684    i.Cmd_QueryCh0      command.o
    0x08012576   0x08012576   0x0000002e   Code   RO          685    i.Cmd_QueryCh1      command.o
    0x080125a4   0x080125a4   0x0000002e   Code   RO          686    i.Cmd_QueryCh2Pt100  command.o
    0x080125d2   0x080125d2   0x0000001e   Code   RO          687    i.Cmd_QueryDeviceID  command.o
    0x080125f0   0x080125f0   0x0000000c   Code   RO          688    i.Cmd_QueryDeviceInfo  command.o
    0x080125fc   0x080125fc   0x00000028   Code   RO          689    i.Cmd_QueryFwVersion  command.o
    0x08012624   0x08012624   0x000000be   Code   RO          690    i.Cmd_QueryTime     command.o
    0x080126e2   0x080126e2   0x00000002   PAD
    0x080126e4   0x080126e4   0x00000024   Code   RO          691    i.Cmd_ReadCh0Threshold  command.o
    0x08012708   0x08012708   0x00000024   Code   RO          692    i.Cmd_ReadCh1Threshold  command.o
    0x0801272c   0x0801272c   0x00000024   Code   RO          693    i.Cmd_ReadCh2Threshold  command.o
    0x08012750   0x08012750   0x00000034   Code   RO          694    i.Cmd_ReadThresholds  command.o
    0x08012784   0x08012784   0x00000016   Code   RO          695    i.Cmd_SendOkAck     command.o
    0x0801279a   0x0801279a   0x000000d8   Code   RO          696    i.Cmd_SetAlarmMode  command.o
    0x08012872   0x08012872   0x00000002   PAD
    0x08012874   0x08012874   0x000000f0   Code   RO          697    i.Cmd_SetBaudrate   command.o
    0x08012964   0x08012964   0x000000dc   Code   RO          698    i.Cmd_SetCh0Ratio   command.o
    0x08012a40   0x08012a40   0x000000f4   Code   RO          699    i.Cmd_SetCh1Ratio   command.o
    0x08012b34   0x08012b34   0x0000015a   Code   RO          700    i.Cmd_SetDacOutput  command.o
    0x08012c8e   0x08012c8e   0x00000002   PAD
    0x08012c90   0x08012c90   0x000000a4   Code   RO          701    i.Cmd_SetDeviceID   command.o
    0x08012d34   0x08012d34   0x0000005c   Code   RO          702    i.Cmd_SetReportInterval  command.o
    0x08012d90   0x08012d90   0x000000c4   Code   RO          703    i.Cmd_SetTime       command.o
    0x08012e54   0x08012e54   0x00000030   Code   RO          704    i.Cmd_StartAutoReport  command.o
    0x08012e84   0x08012e84   0x00000020   Code   RO          705    i.Cmd_StopAutoReport  command.o
    0x08012ea4   0x08012ea4   0x0000001c   Code   RO          706    i.Cmd_UpgradeRequest  command.o
    0x08012ec0   0x08012ec0   0x0000003c   Code   RO          707    i.Cmd_WriteCh0Threshold  command.o
    0x08012efc   0x08012efc   0x0000003c   Code   RO          708    i.Cmd_WriteCh1Threshold  command.o
    0x08012f38   0x08012f38   0x0000003c   Code   RO          709    i.Cmd_WriteCh2Threshold  command.o
    0x08012f74   0x08012f74   0x00000024   Code   RO         7088    i.Convert_CH0       adc.o
    0x08012f98   0x08012f98   0x00000024   Code   RO         7089    i.Convert_CH1       adc.o
    0x08012fbc   0x08012fbc   0x00000020   Code   RO         7090    i.DAC_Set_Value     adc.o
    0x08012fdc   0x08012fdc   0x00000094   Code   RO         1059    i.DateTimeToUnix    rtc_func.o
    0x08013070   0x08013070   0x00000002   Code   RO            4    i.DebugMon_Handler  gd32f4xx_it.o
    0x08013072   0x08013072   0x00000020   Code   RO         7091    i.FloatToBeBytes    adc.o
    0x08013092   0x08013092   0x00000004   Code   RO            5    i.HardFault_Handler  gd32f4xx_it.o
    0x08013096   0x08013096   0x00000002   PAD
    0x08013098   0x08013098   0x00000058   Code   RO         6704    i.I2C_Start         oled.o
    0x080130f0   0x080130f0   0x00000048   Code   RO         6705    i.I2C_Stop          oled.o
    0x08013138   0x08013138   0x00000078   Code   RO         6706    i.I2C_WaitAck       oled.o
    0x080131b0   0x080131b0   0x00000010   Code   RO         6707    i.IIC_delay         oled.o
    0x080131c0   0x080131c0   0x00000028   Code   RO          969    i.IWDG_Init         function.o
    0x080131e8   0x080131e8   0x00000030   Code   RO         6684    i.LED_Init          led.o
    0x08013218   0x08013218   0x00000004   Code   RO            6    i.MemManage_Handler  gd32f4xx_it.o
    0x0801321c   0x0801321c   0x00000002   Code   RO            7    i.NMI_Handler       gd32f4xx_it.o
    0x0801321e   0x0801321e   0x00000002   PAD
    0x08013220   0x08013220   0x00000028   Code   RO          279    i.NVIC_SetPriority  systick.o
    0x08013248   0x08013248   0x00000028   Code   RO          970    i.NVIC_SystemReset  function.o
    0x08013270   0x08013270   0x00000030   Code   RO         6708    i.OLED_Clear        oled.o
    0x080132a0   0x080132a0   0x00000060   Code   RO         6709    i.OLED_ClearPoint   oled.o
    0x08013300   0x08013300   0x0000003c   Code   RO         6716    i.OLED_DrawPoint    oled.o
    0x0801333c   0x0801333c   0x00000140   Code   RO         6717    i.OLED_Init         oled.o
    0x0801347c   0x0801347c   0x0000004c   Code   RO         6719    i.OLED_Refresh      oled.o
    0x080134c8   0x080134c8   0x000000fc   Code   RO         6721    i.OLED_ShowChar     oled.o
    0x080135c4   0x080135c4   0x00000042   Code   RO         6725    i.OLED_ShowString   oled.o
    0x08013606   0x08013606   0x00000038   Code   RO         6727    i.OLED_WR_Byte      oled.o
    0x0801363e   0x0801363e   0x00000002   PAD
    0x08013640   0x08013640   0x000000a8   Code   RO         7475    i.PT100_GetTemp_FromADC  pt100.o
    0x080136e8   0x080136e8   0x00000002   Code   RO            8    i.PendSV_Handler    gd32f4xx_it.o
    0x080136ea   0x080136ea   0x00000002   PAD
    0x080136ec   0x080136ec   0x00000204   Code   RO          441    i.Protocol_ParseFrame  protocol.o
    0x080138f0   0x080138f0   0x0000001a   Code   RO          442    i.Protocol_SendAck  protocol.o
    0x0801390a   0x0801390a   0x0000001a   Code   RO          443    i.Protocol_SendError  protocol.o
    0x08013924   0x08013924   0x0000001a   Code   RO          710    i.Protocol_SendErrorFrame  command.o
    0x0801393e   0x0801393e   0x000000cc   Code   RO          444    i.Protocol_SendFrame  protocol.o
    0x08013a0a   0x08013a0a   0x0000001a   Code   RO          445    i.Protocol_SendHeartbeat  protocol.o
    0x08013a24   0x08013a24   0x00000030   Code   RO         7092    i.Query_CH0         adc.o
    0x08013a54   0x08013a54   0x00000030   Code   RO         7093    i.Query_CH1         adc.o
    0x08013a84   0x08013a84   0x0000005c   Code   RO         7476    i.Query_CH2         pt100.o
    0x08013ae0   0x08013ae0   0x00000104   Code   RO         6975    i.RS485_Init        usart1.o
    0x08013be4   0x08013be4   0x00000032   Code   RO         6976    i.RS485_Printf      usart1.o
    0x08013c16   0x08013c16   0x00000002   PAD
    0x08013c18   0x08013c18   0x00000074   Code   RO         6977    i.RS485_ReInit      usart1.o
    0x08013c8c   0x08013c8c   0x00000064   Code   RO         6979    i.RS485_SendData    usart1.o
    0x08013cf0   0x08013cf0   0x0000001e   Code   RO         7174    i.RTC_Alarm_IRQHandler  rtc.o
    0x08013d0e   0x08013d0e   0x00000014   Code   RO         7175    i.RTC_BcdToDec      rtc.o
    0x08013d22   0x08013d22   0x00000002   PAD
    0x08013d24   0x08013d24   0x00000094   Code   RO         7176    i.RTC_CalcWeekday   rtc.o
    0x08013db8   0x08013db8   0x0000001c   Code   RO         7177    i.RTC_DecToBcd      rtc.o
    0x08013dd4   0x08013dd4   0x00000064   Code   RO         7179    i.RTC_GetDateTime   rtc.o
    0x08013e38   0x08013e38   0x00000034   Code   RO         7180    i.RTC_GetDaysInMonth  rtc.o
    0x08013e6c   0x08013e6c   0x00000118   Code   RO         7181    i.RTC_Init          rtc.o
    0x08013f84   0x08013f84   0x00000032   Code   RO         7183    i.RTC_IsLeapYear    rtc.o
    0x08013fb6   0x08013fb6   0x00000088   Code   RO         7184    i.RTC_SetAlarmA     rtc.o
    0x0801403e   0x0801403e   0x00000002   PAD
    0x08014040   0x08014040   0x000000a0   Code   RO         7185    i.RTC_SetDateTime   rtc.o
    0x080140e0   0x080140e0   0x0000007e   Code   RO         7187    i.RTC_ValidateDateTime  rtc.o
    0x0801415e   0x0801415e   0x0000001e   Code   RO         7188    i.RTC_WKUP_IRQHandler  rtc.o
    0x0801417c   0x0801417c   0x00000002   Code   RO            9    i.SVC_Handler       gd32f4xx_it.o
    0x0801417e   0x0801417e   0x000000dc   Code   RO          711    i.SendAutoReportFrame  command.o
    0x0801425a   0x0801425a   0x00000002   PAD
    0x0801425c   0x0801425c   0x0000005c   Code   RO         6728    i.Send_Byte         oled.o
    0x080142b8   0x080142b8   0x00000008   Code   RO           10    i.SysTick_Handler   gd32f4xx_it.o
    0x080142c0   0x080142c0   0x000000d4   Code   RO         1152    i.SystemInit        system_gd32f4xx.o
    0x08014394   0x08014394   0x000002c4   Code   RO          971    i.System_Init       function.o
    0x08014658   0x08014658   0x00000038   Code   RO         7534    i.TIMER6_IRQHandler  timer.o
    0x08014690   0x08014690   0x0000012c   Code   RO          712    i.Threshold_WriteToFlash  command.o
    0x080147bc   0x080147bc   0x00000058   Code   RO         6980    i.USART1_IRQHandler  usart1.o
    0x08014814   0x08014814   0x000000d4   Code   RO         1062    i.UnixToDateTime    rtc_func.o
    0x080148e8   0x080148e8   0x00000060   Code   RO         1064    i.Up_RTC_Time       rtc_func.o
    0x08014948   0x08014948   0x00000004   Code   RO           11    i.UsageFault_Handler  gd32f4xx_it.o
    0x0801494c   0x0801494c   0x00000024   Code   RO         6981    i.Usart1Ring_GetCount  usart1.o
    0x08014970   0x08014970   0x00000040   Code   RO         6982    i.Usart1Ring_Peek   usart1.o
    0x080149b0   0x080149b0   0x00000040   Code   RO         6983    i.Usart1Ring_PutChar  usart1.o
    0x080149f0   0x080149f0   0x00000030   Code   RO         6984    i.Usart1Ring_Skip   usart1.o
    0x08014a20   0x08014a20   0x00000010   Code   RO         6987    i.Usart1_RxReset    usart1.o
    0x08014a30   0x08014a30   0x00000184   Code   RO          972    i.UsrFunction       function.o
    0x08014bb4   0x08014bb4   0x00000020   Code   RO         7806    i.__0printf         mc_w.l(printfa.o)
    0x08014bd4   0x08014bd4   0x00000030   Code   RO         7807    i.__0snprintf       mc_w.l(printfa.o)
    0x08014c04   0x08014c04   0x00000028   Code   RO         7808    i.__0sprintf        mc_w.l(printfa.o)
    0x08014c2c   0x08014c2c   0x0000002c   Code   RO         7811    i.__0vsnprintf      mc_w.l(printfa.o)
    0x08014c58   0x08014c58   0x0000000e   Code   RO         7899    i.__scatterload_copy  mc_w.l(handlers.o)
    0x08014c66   0x08014c66   0x00000002   Code   RO         7900    i.__scatterload_null  mc_w.l(handlers.o)
    0x08014c68   0x08014c68   0x0000000e   Code   RO         7901    i.__scatterload_zeroinit  mc_w.l(handlers.o)
    0x08014c76   0x08014c76   0x0000000a   Code   RO          973    i.__set_FAULTMASK   function.o
    0x08014c80   0x08014c80   0x00000184   Code   RO         7813    i._fp_digits        mc_w.l(printfa.o)
    0x08014e04   0x08014e04   0x000006dc   Code   RO         7814    i._printf_core      mc_w.l(printfa.o)
    0x080154e0   0x080154e0   0x00000024   Code   RO         7815    i._printf_post_padding  mc_w.l(printfa.o)
    0x08015504   0x08015504   0x0000002e   Code   RO         7816    i._printf_pre_padding  mc_w.l(printfa.o)
    0x08015532   0x08015532   0x00000016   Code   RO         7817    i._snputc           mc_w.l(printfa.o)
    0x08015548   0x08015548   0x0000000a   Code   RO         7818    i._sputc            mc_w.l(printfa.o)
    0x08015552   0x08015552   0x00000002   PAD
    0x08015554   0x08015554   0x000000a0   Code   RO         7384    i.ad3344_ExtRef     gd30ad3344_standard.o
    0x080155f4   0x080155f4   0x00000044   Code   RO         7385    i.ad3344_Exti_disable  gd30ad3344_standard.o
    0x08015638   0x08015638   0x00000040   Code   RO         7387    i.ad3344_init       gd30ad3344_standard.o
    0x08015678   0x08015678   0x0000004c   Code   RO         7388    i.ad3344_process    gd30ad3344_standard.o
    0x080156c4   0x080156c4   0x00000044   Code   RO         7389    i.ad3344_read_data16  gd30ad3344_standard.o
    0x08015708   0x08015708   0x000000bc   Code   RO         7508    i.ad3344_spi_init   spi_port.o
    0x080157c4   0x080157c4   0x00000034   Code   RO         7509    i.ad3344_spi_txrx16bit  spi_port.o
    0x080157f8   0x080157f8   0x0000002a   Code   RO         1197    i.adc_calibration_enable  gd32f4xx_adc.o
    0x08015822   0x08015822   0x00000052   Code   RO         1199    i.adc_channel_length_config  gd32f4xx_adc.o
    0x08015874   0x08015874   0x00000024   Code   RO         1200    i.adc_clock_config  gd32f4xx_adc.o
    0x08015898   0x08015898   0x00000016   Code   RO         1201    i.adc_data_alignment_config  gd32f4xx_adc.o
    0x080158ae   0x080158ae   0x00000014   Code   RO         1202    i.adc_deinit        gd32f4xx_adc.o
    0x080158c2   0x080158c2   0x00000012   Code   RO         1209    i.adc_enable        gd32f4xx_adc.o
    0x080158d4   0x080158d4   0x00000008   Code   RO         1213    i.adc_flag_clear    gd32f4xx_adc.o
    0x080158dc   0x080158dc   0x0000000e   Code   RO         1214    i.adc_flag_get      gd32f4xx_adc.o
    0x080158ea   0x080158ea   0x000000ac   Code   RO         1227    i.adc_routine_channel_config  gd32f4xx_adc.o
    0x08015996   0x08015996   0x00000008   Code   RO         1228    i.adc_routine_data_read  gd32f4xx_adc.o
    0x0801599e   0x0801599e   0x00000024   Code   RO         1230    i.adc_software_trigger_enable  gd32f4xx_adc.o
    0x080159c2   0x080159c2   0x0000005a   Code   RO         1231    i.adc_special_function_config  gd32f4xx_adc.o
    0x08015a1c   0x08015a1c   0x00000024   Code   RO         1236    i.adc_sync_mode_config  gd32f4xx_adc.o
    0x08015a40   0x08015a40   0x00000040   Code   RO         1859    i.dac_data_set      gd32f4xx_dac.o
    0x08015a80   0x08015a80   0x00000028   Code   RO         1860    i.dac_deinit        gd32f4xx_dac.o
    0x08015aa8   0x08015aa8   0x0000001a   Code   RO         1864    i.dac_enable        gd32f4xx_dac.o
    0x08015ac2   0x08015ac2   0x0000001a   Code   RO         1873    i.dac_output_buffer_enable  gd32f4xx_dac.o
    0x08015adc   0x08015adc   0x0000001a   Code   RO         1875    i.dac_software_trigger_enable  gd32f4xx_dac.o
    0x08015af6   0x08015af6   0x0000001a   Code   RO         1878    i.dac_trigger_enable  gd32f4xx_dac.o
    0x08015b10   0x08015b10   0x00000028   Code   RO         1879    i.dac_trigger_source_config  gd32f4xx_dac.o
    0x08015b38   0x08015b38   0x00000028   Code   RO         1880    i.dac_wave_mode_config  gd32f4xx_dac.o
    0x08015b60   0x08015b60   0x00000014   Code   RO          280    i.delay_1ms         systick.o
    0x08015b74   0x08015b74   0x00000024   Code   RO          281    i.delay_decrement   systick.o
    0x08015b98   0x08015b98   0x0000001a   Code   RO         7394    i.delay_us          gd30ad3344_standard.o
    0x08015bb2   0x08015bb2   0x00000002   PAD
    0x08015bb4   0x08015bb4   0x0000000c   Code   RO         3263    i.exti_flag_clear   gd32f4xx_exti.o
    0x08015bc0   0x08015bc0   0x000000bc   Code   RO         3265    i.exti_init         gd32f4xx_exti.o
    0x08015c7c   0x08015c7c   0x00000010   Code   RO         3266    i.exti_interrupt_disable  gd32f4xx_exti.o
    0x08015c8c   0x08015c8c   0x0000000c   Code   RO         3268    i.exti_interrupt_flag_clear  gd32f4xx_exti.o
    0x08015c98   0x08015c98   0x00000050   Code   RO         3348    i.fmc_byte_program  gd32f4xx_fmc.o
    0x08015ce8   0x08015ce8   0x0000000c   Code   RO         3349    i.fmc_flag_clear    gd32f4xx_fmc.o
    0x08015cf4   0x08015cf4   0x00000018   Code   RO         3350    i.fmc_flag_get      gd32f4xx_fmc.o
    0x08015d0c   0x08015d0c   0x00000014   Code   RO         3356    i.fmc_lock          gd32f4xx_fmc.o
    0x08015d20   0x08015d20   0x0000007c   Code   RO         3358    i.fmc_page_erase    gd32f4xx_fmc.o
    0x08015d9c   0x08015d9c   0x00000020   Code   RO         3359    i.fmc_ready_wait    gd32f4xx_fmc.o
    0x08015dbc   0x08015dbc   0x0000004c   Code   RO         3361    i.fmc_state_get     gd32f4xx_fmc.o
    0x08015e08   0x08015e08   0x00000024   Code   RO         3362    i.fmc_unlock        gd32f4xx_fmc.o
    0x08015e2c   0x08015e2c   0x00000012   Code   RO         7854    i.fputc             mc_w.l(fputc.o)
    0x08015e3e   0x08015e3e   0x00000002   PAD
    0x08015e40   0x08015e40   0x00000068   Code   RO         3594    i.fwdgt_config      gd32f4xx_fwdgt.o
    0x08015ea8   0x08015ea8   0x00000010   Code   RO         3595    i.fwdgt_counter_reload  gd32f4xx_fwdgt.o
    0x08015eb8   0x08015eb8   0x00000010   Code   RO         3596    i.fwdgt_enable      gd32f4xx_fwdgt.o
    0x08015ec8   0x08015ec8   0x0000005e   Code   RO         3656    i.gpio_af_set       gd32f4xx_gpio.o
    0x08015f26   0x08015f26   0x00000004   Code   RO         3657    i.gpio_bit_reset    gd32f4xx_gpio.o
    0x08015f2a   0x08015f2a   0x00000004   Code   RO         3658    i.gpio_bit_set      gd32f4xx_gpio.o
    0x08015f2e   0x08015f2e   0x00000010   Code   RO         3662    i.gpio_input_bit_get  gd32f4xx_gpio.o
    0x08015f3e   0x08015f3e   0x0000004e   Code   RO         3664    i.gpio_mode_set     gd32f4xx_gpio.o
    0x08015f8c   0x08015f8c   0x00000010   Code   RO         3665    i.gpio_output_bit_get  gd32f4xx_gpio.o
    0x08015f9c   0x08015f9c   0x00000042   Code   RO         3666    i.gpio_output_options_set  gd32f4xx_gpio.o
    0x08015fde   0x08015fde   0x00000044   Code   RO         7281    i.internal_flash_erase  rom.o
    0x08016022   0x08016022   0x00000006   Code   RO         7283    i.internal_flash_read_Char  rom.o
    0x08016028   0x08016028   0x0000004e   Code   RO         7287    i.internal_flash_write_str_Char  rom.o
    0x08016076   0x08016076   0x00000034   Code   RO         1065    i.is_leap_year      rtc_func.o
    0x080160aa   0x080160aa   0x0000000e   Code   RO          196    i.main              main.o
    0x080160b8   0x080160b8   0x0000000a   Code   RO          974    i.mcu_software_reset  function.o
    0x080160c2   0x080160c2   0x00000002   PAD
    0x080160c4   0x080160c4   0x0000005c   Code   RO         7154    i.my_dac_init       dac.o
    0x08016120   0x08016120   0x00000074   Code   RO         7535    i.my_timer_init     timer.o
    0x08016194   0x08016194   0x00000018   Code   RO         4228    i.nvic_irq_disable  gd32f4xx_misc.o
    0x080161ac   0x080161ac   0x000000c4   Code   RO         4229    i.nvic_irq_enable   gd32f4xx_misc.o
    0x08016270   0x08016270   0x00000014   Code   RO         4230    i.nvic_priority_group_set  gd32f4xx_misc.o
    0x08016284   0x08016284   0x00000014   Code   RO         4286    i.pmu_backup_write_enable  gd32f4xx_pmu.o
    0x08016298   0x08016298   0x000000f4   Code   RO         4300    i.pmu_to_deepsleepmode  gd32f4xx_pmu.o
    0x0801638c   0x0801638c   0x00000124   Code   RO         4434    i.rcu_clock_freq_get  gd32f4xx_rcu.o
    0x080164b0   0x080164b0   0x0000012c   Code   RO          714    i.rcu_config        command.o
    0x080165dc   0x080165dc   0x0000008c   Code   RO         4436    i.rcu_deinit        gd32f4xx_rcu.o
    0x08016668   0x08016668   0x00000024   Code   RO         4437    i.rcu_flag_get      gd32f4xx_rcu.o
    0x0801668c   0x0801668c   0x00000024   Code   RO         4450    i.rcu_osci_on       gd32f4xx_rcu.o
    0x080166b0   0x080166b0   0x0000015c   Code   RO         4451    i.rcu_osci_stab_wait  gd32f4xx_rcu.o
    0x0801680c   0x0801680c   0x00000024   Code   RO         4453    i.rcu_periph_clock_enable  gd32f4xx_rcu.o
    0x08016830   0x08016830   0x00000024   Code   RO         4456    i.rcu_periph_reset_disable  gd32f4xx_rcu.o
    0x08016854   0x08016854   0x00000024   Code   RO         4457    i.rcu_periph_reset_enable  gd32f4xx_rcu.o
    0x08016878   0x08016878   0x00000018   Code   RO         4462    i.rcu_rtc_clock_config  gd32f4xx_rcu.o
    0x08016890   0x08016890   0x00000024   Code   RO         4469    i.rcu_timer_clock_prescaler_config  gd32f4xx_rcu.o
    0x080168b4   0x080168b4   0x00000064   Code   RO         4721    i.rtc_alarm_config  gd32f4xx_rtc.o
    0x08016918   0x08016918   0x00000080   Code   RO         4722    i.rtc_alarm_disable  gd32f4xx_rtc.o
    0x08016998   0x08016998   0x0000003c   Code   RO         4723    i.rtc_alarm_enable  gd32f4xx_rtc.o
    0x080169d4   0x080169d4   0x00000064   Code   RO         4734    i.rtc_current_time_get  gd32f4xx_rtc.o
    0x08016a38   0x08016a38   0x00000010   Code   RO         4736    i.rtc_flag_clear    gd32f4xx_rtc.o
    0x08016a48   0x08016a48   0x00000014   Code   RO         4737    i.rtc_flag_get      gd32f4xx_rtc.o
    0x08016a5c   0x08016a5c   0x000000dc   Code   RO         4739    i.rtc_init          gd32f4xx_rtc.o
    0x08016b38   0x08016b38   0x00000048   Code   RO         4740    i.rtc_init_mode_enter  gd32f4xx_rtc.o
    0x08016b80   0x08016b80   0x00000014   Code   RO         4741    i.rtc_init_mode_exit  gd32f4xx_rtc.o
    0x08016b94   0x08016b94   0x0000003c   Code   RO         4743    i.rtc_interrupt_enable  gd32f4xx_rtc.o
    0x08016bd0   0x08016bd0   0x00000060   Code   RO         4746    i.rtc_register_sync_wait  gd32f4xx_rtc.o
    0x08016c30   0x08016c30   0x0000000a   Code   RO         5293    i.spi_enable        gd32f4xx_spi.o
    0x08016c3a   0x08016c3a   0x0000014c   Code   RO         6876    i.spi_flash_buffer_erase  spi_flash.o
    0x08016d86   0x08016d86   0x00000002   PAD
    0x08016d88   0x08016d88   0x00000054   Code   RO         6877    i.spi_flash_buffer_read  spi_flash.o
    0x08016ddc   0x08016ddc   0x000000c6   Code   RO         6878    i.spi_flash_buffer_write  spi_flash.o
    0x08016ea2   0x08016ea2   0x00000002   PAD
    0x08016ea4   0x08016ea4   0x000000a0   Code   RO         6880    i.spi_flash_init    spi_flash.o
    0x08016f44   0x08016f44   0x0000005c   Code   RO         6881    i.spi_flash_page_write  spi_flash.o
    0x08016fa0   0x08016fa0   0x00000054   Code   RO         6883    i.spi_flash_read_id  spi_flash.o
    0x08016ff4   0x08016ff4   0x00000012   Code   RO          975    i.spi_flash_read_version  function.o
    0x08017006   0x08017006   0x00000002   PAD
    0x08017008   0x08017008   0x00000044   Code   RO         6884    i.spi_flash_sector_erase  spi_flash.o
    0x0801704c   0x0801704c   0x00000038   Code   RO         6885    i.spi_flash_send_byte  spi_flash.o
    0x08017084   0x08017084   0x00000038   Code   RO         6888    i.spi_flash_wait_for_write_end  spi_flash.o
    0x080170bc   0x080170bc   0x00000024   Code   RO         6889    i.spi_flash_write_enable  spi_flash.o
    0x080170e0   0x080170e0   0x0000001c   Code   RO          976    i.spi_flash_write_version  function.o
    0x080170fc   0x080170fc   0x00000008   Code   RO         5295    i.spi_i2s_data_receive  gd32f4xx_spi.o
    0x08017104   0x08017104   0x00000004   Code   RO         5296    i.spi_i2s_data_transmit  gd32f4xx_spi.o
    0x08017108   0x08017108   0x000000ac   Code   RO         5297    i.spi_i2s_deinit    gd32f4xx_spi.o
    0x080171b4   0x080171b4   0x00000010   Code   RO         5298    i.spi_i2s_flag_get  gd32f4xx_spi.o
    0x080171c4   0x080171c4   0x00000032   Code   RO         5303    i.spi_init          gd32f4xx_spi.o
    0x080171f6   0x080171f6   0x00000012   Code   RO         5314    i.spi_struct_para_init  gd32f4xx_spi.o
    0x08017208   0x08017208   0x00000108   Code   RO         1153    i.system_clock_240m_25m_hxtal  system_gd32f4xx.o
    0x08017310   0x08017310   0x00000008   Code   RO         1154    i.system_clock_config  system_gd32f4xx.o
    0x08017318   0x08017318   0x00000050   Code   RO          283    i.systick_config    systick.o
    0x08017368   0x08017368   0x00000184   Code   RO         5625    i.timer_deinit      gd32f4xx_timer.o
    0x080174ec   0x080174ec   0x0000000a   Code   RO         5630    i.timer_enable      gd32f4xx_timer.o
    0x080174f6   0x080174f6   0x00000002   PAD
    0x080174f8   0x080174f8   0x00000098   Code   RO         5640    i.timer_init        gd32f4xx_timer.o
    0x08017590   0x08017590   0x00000008   Code   RO         5647    i.timer_interrupt_enable  gd32f4xx_timer.o
    0x08017598   0x08017598   0x00000006   Code   RO         5648    i.timer_interrupt_flag_clear  gd32f4xx_timer.o
    0x0801759e   0x0801759e   0x00000018   Code   RO         5649    i.timer_interrupt_flag_get  gd32f4xx_timer.o
    0x080175b6   0x080175b6   0x00000002   PAD
    0x080175b8   0x080175b8   0x000000e8   Code   RO         6278    i.usart_baudrate_set  gd32f4xx_usart.o
    0x080176a0   0x080176a0   0x0000000a   Code   RO         6282    i.usart_data_receive  gd32f4xx_usart.o
    0x080176aa   0x080176aa   0x00000008   Code   RO         6283    i.usart_data_transmit  gd32f4xx_usart.o
    0x080176b2   0x080176b2   0x00000002   PAD
    0x080176b4   0x080176b4   0x000000dc   Code   RO         6284    i.usart_deinit      gd32f4xx_usart.o
    0x08017790   0x08017790   0x0000000a   Code   RO         6285    i.usart_disable     gd32f4xx_usart.o
    0x0801779a   0x0801779a   0x0000000a   Code   RO         6288    i.usart_enable      gd32f4xx_usart.o
    0x080177a4   0x080177a4   0x0000001e   Code   RO         6290    i.usart_flag_get    gd32f4xx_usart.o
    0x080177c2   0x080177c2   0x00000014   Code   RO         6295    i.usart_hardware_flow_cts_config  gd32f4xx_usart.o
    0x080177d6   0x080177d6   0x00000014   Code   RO         6296    i.usart_hardware_flow_rts_config  gd32f4xx_usart.o
    0x080177ea   0x080177ea   0x0000001a   Code   RO         6297    i.usart_interrupt_disable  gd32f4xx_usart.o
    0x08017804   0x08017804   0x0000001a   Code   RO         6298    i.usart_interrupt_enable  gd32f4xx_usart.o
    0x0801781e   0x0801781e   0x00000038   Code   RO         6300    i.usart_interrupt_flag_get  gd32f4xx_usart.o
    0x08017856   0x08017856   0x00000010   Code   RO         6313    i.usart_parity_config  gd32f4xx_usart.o
    0x08017866   0x08017866   0x00000010   Code   RO         6315    i.usart_receive_config  gd32f4xx_usart.o
    0x08017876   0x08017876   0x00000010   Code   RO         6326    i.usart_stop_bit_set  gd32f4xx_usart.o
    0x08017886   0x08017886   0x00000010   Code   RO         6330    i.usart_transmit_config  gd32f4xx_usart.o
    0x08017896   0x08017896   0x00000010   Code   RO         6331    i.usart_word_length_set  gd32f4xx_usart.o
    0x080178a6   0x080178a6   0x00000004   Data   RO          978    .constdata          function.o
    0x080178aa   0x080178aa   0x0000000c   Data   RO         1071    .constdata          rtc_func.o
    0x080178b6   0x080178b6   0x00001fd8   Data   RO         6730    .constdata          oled.o
    0x0801988e   0x0801988e   0x00000002   PAD
    0x08019890   0x08019890   0x00000060   Data   RO         7477    .constdata          pt100.o
    0x080198f0   0x080198f0   0x00000020   Data   RO         7897    Region$$Table       anon$$obj.o


    Execution Region RW_IRAM1 (Exec base: 0x20000000, Load base: 0x08019910, Size: 0x00007720, Max: 0x00030000, ABSOLUTE)

    Exec Addr    Load Addr    Size         Type   Attr      Idx    E Section Name        Object

    0x20000000   0x08019910   0x00000008   Data   RW          284    .data               systick.o
    0x20000008   0x08019918   0x00000059   Data   RW          979    .data               function.o
    0x20000061   0x08019971   0x00000009   Data   RW         1072    .data               rtc_func.o
    0x2000006a   0x0801997a   0x00000002   PAD
    0x2000006c   0x0801997c   0x00000004   Data   RW         1155    .data               system_gd32f4xx.o
    0x20000070   0x08019980   0x00000006   Data   RW         7395    .data               gd30ad3344_standard.o
    0x20000076   0x08019986   0x00000002   Data   RW         7536    .data               timer.o
    0x20000078   0x08019988   0x00000004   Data   RW         7856    .data               mc_w.l(stdout.o)
    0x2000007c        -       0x00005032   Zero   RW          977    .bss                function.o
    0x200050ae   0x0801998c   0x00000002   PAD
    0x200050b0        -       0x00000010   Zero   RW         4305    .bss                gd32f4xx_pmu.o
    0x200050c0        -       0x00000240   Zero   RW         6729    .bss                oled.o
    0x20005300        -       0x00002006   Zero   RW         6988    .bss                usart1.o
    0x20007306   0x0801998c   0x00000002   PAD
    0x20007308        -       0x00000014   Zero   RW         7189    .bss                rtc.o
    0x2000731c   0x0801998c   0x00000004   PAD
    0x20007320        -       0x00000400   Zero   RW         6675    STACK               startup_gd32f450_470.o


==============================================================================

Image component sizes


      Code (inc. data)   RO Data    RW Data    ZI Data      Debug   Object Name

       492         50          0          0          0       5682   adc.o
      5774        330          0          0          0      34311   command.o
        92         10          0          0          0        522   dac.o
      1782        234          4         89      20530      36731   function.o
       478         22          0          6          0       5291   gd30ad3344_standard.o
       584         16          0          0          0       8686   gd32f4xx_adc.o
       288          6          0          0          0       5374   gd32f4xx_dac.o
       228         20          0          0          0       2531   gd32f4xx_exti.o
       404         50          0          0          0       5129   gd32f4xx_fmc.o
       136         22          0          0          0       1997   gd32f4xx_fwdgt.o
       278          0          0          0          0       5143   gd32f4xx_gpio.o
        32          0          0          0          0      49618   gd32f4xx_it.o
       240         26          0          0          0       2099   gd32f4xx_misc.o
       264         46          0          0         16       1385   gd32f4xx_pmu.o
      1020         82          0          0          0       7709   gd32f4xx_rcu.o
       892         54          0          0          0       8187   gd32f4xx_rtc.o
       278         10          0          0          0       5086   gd32f4xx_spi.o
       588         44          0          0          0       4560   gd32f4xx_timer.o
       748         18          0          0          0      11609   gd32f4xx_usart.o
        48          4          0          0          0        499   led.o
        14          0          0          0          0       5486   main.o
      1362         58       8152          0        576       9750   oled.o
      1088         30          0          0          0       8347   protocol.o
       260         38         96          0          0       2403   pt100.o
       152          0          0          0          0       2238   rom.o
      1160         84          0          0         20       8400   rtc.o
       508         40         12          9          0       4442   rtc_func.o
      1166         52          0          0          0       7773   spi_flash.o
       240         18          0          0          0       1273   spi_port.o
        36          8        428          0       1024        872   startup_gd32f450_470.o
       484         32          0          4          0       2771   system_gd32f4xx.o
       176         26          0          8          0     113382   systick.o
       172         18          0          2          0       1353   timer.o
       892         80          0          0       8198       8947   usart1.o

    ----------------------------------------------------------------------
     22400       1528       8726        120      30372     379586   Object Totals
         0          0         32          0          0          0   (incl. Generated)
        44          0          2          2          8          0   (incl. Padding)

    ----------------------------------------------------------------------

      Code (inc. data)   RO Data    RW Data    ZI Data      Debug   Library Member Name

         0          0          0          0          0          0   entry.o
         0          0          0          0          0          0   entry10a.o
         0          0          0          0          0          0   entry11a.o
         8          4          0          0          0          0   entry2.o
         4          0          0          0          0          0   entry5.o
         0          0          0          0          0          0   entry7b.o
         0          0          0          0          0          0   entry8b.o
         8          4          0          0          0          0   entry9a.o
        18          0          0          0          0         80   fputc.o
        30          0          0          0          0          0   handlers.o
        36          8          0          0          0         68   init.o
         0          0          0          0          0          0   iusefp.o
         0          0          0          0          0          0   iusesemip.o
        30          0          0          0          0         68   llshl.o
        36          0          0          0          0         68   llsshr.o
        32          0          0          0          0         68   llushr.o
        36          0          0          0          0         68   memcpya.o
        36          0          0          0          0        108   memseta.o
      2422        104          0          0          0        836   printfa.o
         0          0          0          0          0          0   semi.o
         0          0          0          4          0          0   stdout.o
        14          0          0          0          0         68   strlen.o
        44          0          0          0          0         80   uidiv.o
        98          0          0          0          0         92   uldiv.o
        48          0          0          0          0         68   cdrcmple.o
       334          0          0          0          0        148   dadd.o
       222          0          0          0          0        100   ddiv.o
       186          0          0          0          0        176   depilogue.o
        48          0          0          0          0         68   dfixul.o
       228          0          0          0          0         96   dmul.o
        38          0          0          0          0         68   f2d.o

    ----------------------------------------------------------------------
      3962        120          0          4          0       2328   Library Totals
         6          0          0          0          0          0   (incl. Padding)

    ----------------------------------------------------------------------

      Code (inc. data)   RO Data    RW Data    ZI Data      Debug   Library Name

      2852        120          0          4          0       1604   mc_w.l
      1104          0          0          0          0        724   mf_w.l

    ----------------------------------------------------------------------
      3962        120          0          4          0       2328   Library Totals

    ----------------------------------------------------------------------

==============================================================================


      Code (inc. data)   RO Data    RW Data    ZI Data      Debug   

     26362       1648       8726        124      30372     355970   Grand Totals
     26362       1648       8726        124      30372     355970   ELF Image Totals
     26362       1648       8726        124          0          0   ROM Totals

==============================================================================

    Total RO  Size (Code + RO Data)                35088 (  34.27kB)
    Total RW  Size (RW Data + ZI Data)             30496 (  29.78kB)
    Total ROM Size (Code + RO Data + RW Data)      35212 (  34.39kB)

==============================================================================

