<html>
<body>
<pre>
<h1>礦ision Build Log</h1>
<h2>Tool Versions:</h2>
IDE-Version: μVision V5.25.0.0
Copyright (C) 2017 ARM Ltd and ARM Germany GmbH. All rights reserved.
License Information: 1 1683346, HP Inc., LIC=KRMW3-AK1SF-EVK1R-K1310-01QVX-BCPUN
 
Tool Versions:
Toolchain:       MDK-ARM Plus  Version: 5.25.0.0
Toolchain Path:  C:\Keil_v5\ARM\ARMCC\Bin
C Compiler:      Armcc.exe V5.06 update 6 (build 750)
Assembler:       Armasm.exe V5.06 update 6 (build 750)
Linker/Locator:  ArmLink.exe V5.06 update 6 (build 750)
Library Manager: ArmAr.exe V5.06 update 6 (build 750)
Hex Converter:   FromElf.exe V5.06 update 6 (build 750)
CPU DLL:         SARMCM3.DLL V5.25.0.0
Dialog DLL:      DCM.DLL V1.17.0.0
Target DLL:      STLink\ST-LINKIII-KEIL_SWO.dll V3.0.1.0
Dialog DLL:      TCM.DLL V1.34.0.0
 
<h2>Project:</h2>
D:\gd32F4\04 例程模版分享(1)\2026\新建文件夹\App\project\CIMC_GD32_Template.uvprojx
Project File Date:  06/07/2026

<h2>Output:</h2>
*** Using Compiler 'V5.06 update 6 (build 750)', folder: 'C:\Keil_v5\ARM\ARMCC\Bin'
Build target 'CIMC_GD32_Template'
compiling main.c...
compiling RTC_func.c...
compiling crc32.c...
compiling Function.c...
..\Function\Function.c(353): warning:  #1-D: last line of file ends without a newline
  }
..\Function\Function.c: 1 warning, 0 errors
compiling OLED.c...
compiling LED.c...
compiling spi_port.c...
compiling ADC.c...
compiling dac.c...
compiling USART1.c...
compiling Command.c...
..\Protocol\Command.c(889): warning:  #1-D: last line of file ends without a newline
  }
..\Protocol\Command.c(122): warning:  #177-D: function "_soft_delay_"  was declared but never referenced
  static void _soft_delay_(uint32_t time)
..\Protocol\Command.c: 2 warnings, 0 errors
compiling PT100.c...
compiling BootConfig.c...
compiling timer.c...
compiling RTC.c...
compiling gd30ad3344_standard.c...
compiling rom.c...
compiling SPI_FLASH.c...
..\Driver\SPI_FLASH\SPI_FLASH.c(227): warning:  #177-D: variable "temp"  was declared but never referenced
      uint8_t num_of_page = 0, num_of_single = 0, addr = 0, count = 0, temp = 0;
..\Driver\SPI_FLASH\SPI_FLASH.c: 1 warning, 0 errors
linking...
Program Size: Code=26362 RO-data=8726 RW-data=124 ZI-data=30372  
".\Objects\CIMC_GD32_Template.axf" - 0 Error(s), 4 Warning(s).

<h2>Software Packages used:</h2>

Package Vendor: ARM
                http://www.keil.com/pack/ARM.CMSIS.5.2.0.pack
                ARM.CMSIS.5.2.0
                CMSIS (Cortex Microcontroller Software Interface Standard)
   * Component: CORE Version: 5.0.2

Package Vendor: GigaDevice
                https://gd32mcu.com/data/documents/pack/GigaDevice.GD32F4xx_DFP.3.0.5.pack
                GigaDevice.GD32F4xx_DFP.3.0.5
                GigaDevice GD32F4xx Series Device Support and Examples

<h2>Collection of Component include folders:</h2>
  .\RTE\_CIMC_GD32_Template
  C:\Keil_v5\ARM\PACK\ARM\CMSIS\5.2.0\CMSIS\Include
  C:\Keil_v5\ARM\PACK\GigaDevice\GD32F4xx_DFP\3.0.5\Device\F4XX\Include

<h2>Collection of Component Files used:</h2>

   * Component: ARM::CMSIS:CORE:5.0.2
Build Time Elapsed:  00:00:02
</pre>
</body>
</html>
