<!doctype html public "-//w3c//dtd html 4.0 transitional//en">
<html><head>
<title>Static Call Graph - [.\Objects\CIMC_GD32_Template.axf]</title></head>
<body><HR>
<H1>Static Call Graph for image .\Objects\CIMC_GD32_Template.axf</H1><HR>
<BR><P>#&#060CALLGRAPH&#062# ARM Linker, 5060750: Last Updated: Mon Jun 08 21:48:38 2026
<BR><P>
<H3>Maximum Stack Usage =       8456 bytes + Unknown(Cycles, Untraceable Function Pointers)</H3><H3>
Call chain for Maximum Stack Depth:</H3>
main &rArr; UsrFunction &rArr; spi_flash_write_version &rArr; spi_flash_buffer_erase &rArr; spi_flash_buffer_write &rArr; spi_flash_page_write &rArr; spi_flash_write_enable &rArr; spi_flash_send_byte
<P>
<H3>
Mutually Recursive functions
</H3> <LI><a href="#[1c]">ADC_IRQHandler</a>&nbsp;&nbsp;&nbsp;&rArr;&nbsp;&nbsp;&nbsp;<a href="#[1c]">ADC_IRQHandler</a><BR>
</UL>
<P>
<H3>
Function Pointers
</H3><UL>
 <LI><a href="#[1c]">ADC_IRQHandler</a> from startup_gd32f450_470.o(.text) referenced from startup_gd32f450_470.o(RESET)
 <LI><a href="#[4]">BusFault_Handler</a> from gd32f4xx_it.o(i.BusFault_Handler) referenced from startup_gd32f450_470.o(RESET)
 <LI><a href="#[20]">CAN0_EWMC_IRQHandler</a> from startup_gd32f450_470.o(.text) referenced from startup_gd32f450_470.o(RESET)
 <LI><a href="#[1e]">CAN0_RX0_IRQHandler</a> from startup_gd32f450_470.o(.text) referenced from startup_gd32f450_470.o(RESET)
 <LI><a href="#[1f]">CAN0_RX1_IRQHandler</a> from startup_gd32f450_470.o(.text) referenced from startup_gd32f450_470.o(RESET)
 <LI><a href="#[1d]">CAN0_TX_IRQHandler</a> from startup_gd32f450_470.o(.text) referenced from startup_gd32f450_470.o(RESET)
 <LI><a href="#[4c]">CAN1_EWMC_IRQHandler</a> from startup_gd32f450_470.o(.text) referenced from startup_gd32f450_470.o(RESET)
 <LI><a href="#[4a]">CAN1_RX0_IRQHandler</a> from startup_gd32f450_470.o(.text) referenced from startup_gd32f450_470.o(RESET)
 <LI><a href="#[4b]">CAN1_RX1_IRQHandler</a> from startup_gd32f450_470.o(.text) referenced from startup_gd32f450_470.o(RESET)
 <LI><a href="#[49]">CAN1_TX_IRQHandler</a> from startup_gd32f450_470.o(.text) referenced from startup_gd32f450_470.o(RESET)
 <LI><a href="#[58]">DCI_IRQHandler</a> from startup_gd32f450_470.o(.text) referenced from startup_gd32f450_470.o(RESET)
 <LI><a href="#[15]">DMA0_Channel0_IRQHandler</a> from startup_gd32f450_470.o(.text) referenced from startup_gd32f450_470.o(RESET)
 <LI><a href="#[16]">DMA0_Channel1_IRQHandler</a> from startup_gd32f450_470.o(.text) referenced from startup_gd32f450_470.o(RESET)
 <LI><a href="#[17]">DMA0_Channel2_IRQHandler</a> from startup_gd32f450_470.o(.text) referenced from startup_gd32f450_470.o(RESET)
 <LI><a href="#[18]">DMA0_Channel3_IRQHandler</a> from startup_gd32f450_470.o(.text) referenced from startup_gd32f450_470.o(RESET)
 <LI><a href="#[19]">DMA0_Channel4_IRQHandler</a> from startup_gd32f450_470.o(.text) referenced from startup_gd32f450_470.o(RESET)
 <LI><a href="#[1a]">DMA0_Channel5_IRQHandler</a> from startup_gd32f450_470.o(.text) referenced from startup_gd32f450_470.o(RESET)
 <LI><a href="#[1b]">DMA0_Channel6_IRQHandler</a> from startup_gd32f450_470.o(.text) referenced from startup_gd32f450_470.o(RESET)
 <LI><a href="#[39]">DMA0_Channel7_IRQHandler</a> from startup_gd32f450_470.o(.text) referenced from startup_gd32f450_470.o(RESET)
 <LI><a href="#[42]">DMA1_Channel0_IRQHandler</a> from startup_gd32f450_470.o(.text) referenced from startup_gd32f450_470.o(RESET)
 <LI><a href="#[43]">DMA1_Channel1_IRQHandler</a> from startup_gd32f450_470.o(.text) referenced from startup_gd32f450_470.o(RESET)
 <LI><a href="#[44]">DMA1_Channel2_IRQHandler</a> from startup_gd32f450_470.o(.text) referenced from startup_gd32f450_470.o(RESET)
 <LI><a href="#[45]">DMA1_Channel3_IRQHandler</a> from startup_gd32f450_470.o(.text) referenced from startup_gd32f450_470.o(RESET)
 <LI><a href="#[46]">DMA1_Channel4_IRQHandler</a> from startup_gd32f450_470.o(.text) referenced from startup_gd32f450_470.o(RESET)
 <LI><a href="#[4e]">DMA1_Channel5_IRQHandler</a> from startup_gd32f450_470.o(.text) referenced from startup_gd32f450_470.o(RESET)
 <LI><a href="#[4f]">DMA1_Channel6_IRQHandler</a> from startup_gd32f450_470.o(.text) referenced from startup_gd32f450_470.o(RESET)
 <LI><a href="#[50]">DMA1_Channel7_IRQHandler</a> from startup_gd32f450_470.o(.text) referenced from startup_gd32f450_470.o(RESET)
 <LI><a href="#[7]">DebugMon_Handler</a> from gd32f4xx_it.o(i.DebugMon_Handler) referenced from startup_gd32f450_470.o(RESET)
 <LI><a href="#[47]">ENET_IRQHandler</a> from startup_gd32f450_470.o(.text) referenced from startup_gd32f450_470.o(RESET)
 <LI><a href="#[48]">ENET_WKUP_IRQHandler</a> from startup_gd32f450_470.o(.text) referenced from startup_gd32f450_470.o(RESET)
 <LI><a href="#[3a]">EXMC_IRQHandler</a> from startup_gd32f450_470.o(.text) referenced from startup_gd32f450_470.o(RESET)
 <LI><a href="#[10]">EXTI0_IRQHandler</a> from startup_gd32f450_470.o(.text) referenced from startup_gd32f450_470.o(RESET)
 <LI><a href="#[32]">EXTI10_15_IRQHandler</a> from startup_gd32f450_470.o(.text) referenced from startup_gd32f450_470.o(RESET)
 <LI><a href="#[11]">EXTI1_IRQHandler</a> from startup_gd32f450_470.o(.text) referenced from startup_gd32f450_470.o(RESET)
 <LI><a href="#[12]">EXTI2_IRQHandler</a> from startup_gd32f450_470.o(.text) referenced from startup_gd32f450_470.o(RESET)
 <LI><a href="#[13]">EXTI3_IRQHandler</a> from startup_gd32f450_470.o(.text) referenced from startup_gd32f450_470.o(RESET)
 <LI><a href="#[14]">EXTI4_IRQHandler</a> from startup_gd32f450_470.o(.text) referenced from startup_gd32f450_470.o(RESET)
 <LI><a href="#[21]">EXTI5_9_IRQHandler</a> from startup_gd32f450_470.o(.text) referenced from startup_gd32f450_470.o(RESET)
 <LI><a href="#[e]">FMC_IRQHandler</a> from startup_gd32f450_470.o(.text) referenced from startup_gd32f450_470.o(RESET)
 <LI><a href="#[5a]">FPU_IRQHandler</a> from startup_gd32f450_470.o(.text) referenced from startup_gd32f450_470.o(RESET)
 <LI><a href="#[2]">HardFault_Handler</a> from gd32f4xx_it.o(i.HardFault_Handler) referenced from startup_gd32f450_470.o(RESET)
 <LI><a href="#[2a]">I2C0_ER_IRQHandler</a> from startup_gd32f450_470.o(.text) referenced from startup_gd32f450_470.o(RESET)
 <LI><a href="#[29]">I2C0_EV_IRQHandler</a> from startup_gd32f450_470.o(.text) referenced from startup_gd32f450_470.o(RESET)
 <LI><a href="#[2c]">I2C1_ER_IRQHandler</a> from startup_gd32f450_470.o(.text) referenced from startup_gd32f450_470.o(RESET)
 <LI><a href="#[2b]">I2C1_EV_IRQHandler</a> from startup_gd32f450_470.o(.text) referenced from startup_gd32f450_470.o(RESET)
 <LI><a href="#[53]">I2C2_ER_IRQHandler</a> from startup_gd32f450_470.o(.text) referenced from startup_gd32f450_470.o(RESET)
 <LI><a href="#[52]">I2C2_EV_IRQHandler</a> from startup_gd32f450_470.o(.text) referenced from startup_gd32f450_470.o(RESET)
 <LI><a href="#[62]">IPA_IRQHandler</a> from startup_gd32f450_470.o(.text) referenced from startup_gd32f450_470.o(RESET)
 <LI><a href="#[b]">LVD_IRQHandler</a> from startup_gd32f450_470.o(.text) referenced from startup_gd32f450_470.o(RESET)
 <LI><a href="#[3]">MemManage_Handler</a> from gd32f4xx_it.o(i.MemManage_Handler) referenced from startup_gd32f450_470.o(RESET)
 <LI><a href="#[1]">NMI_Handler</a> from gd32f4xx_it.o(i.NMI_Handler) referenced from startup_gd32f450_470.o(RESET)
 <LI><a href="#[8]">PendSV_Handler</a> from gd32f4xx_it.o(i.PendSV_Handler) referenced from startup_gd32f450_470.o(RESET)
 <LI><a href="#[f]">RCU_CTC_IRQHandler</a> from startup_gd32f450_470.o(.text) referenced from startup_gd32f450_470.o(RESET)
 <LI><a href="#[33]">RTC_Alarm_IRQHandler</a> from rtc.o(i.RTC_Alarm_IRQHandler) referenced from startup_gd32f450_470.o(RESET)
 <LI><a href="#[d]">RTC_WKUP_IRQHandler</a> from rtc.o(i.RTC_WKUP_IRQHandler) referenced from startup_gd32f450_470.o(RESET)
 <LI><a href="#[0]">Reset_Handler</a> from startup_gd32f450_470.o(.text) referenced from startup_gd32f450_470.o(RESET)
 <LI><a href="#[3b]">SDIO_IRQHandler</a> from startup_gd32f450_470.o(.text) referenced from startup_gd32f450_470.o(RESET)
 <LI><a href="#[2d]">SPI0_IRQHandler</a> from startup_gd32f450_470.o(.text) referenced from startup_gd32f450_470.o(RESET)
 <LI><a href="#[2e]">SPI1_IRQHandler</a> from startup_gd32f450_470.o(.text) referenced from startup_gd32f450_470.o(RESET)
 <LI><a href="#[3d]">SPI2_IRQHandler</a> from startup_gd32f450_470.o(.text) referenced from startup_gd32f450_470.o(RESET)
 <LI><a href="#[5d]">SPI3_IRQHandler</a> from startup_gd32f450_470.o(.text) referenced from startup_gd32f450_470.o(RESET)
 <LI><a href="#[5e]">SPI4_IRQHandler</a> from startup_gd32f450_470.o(.text) referenced from startup_gd32f450_470.o(RESET)
 <LI><a href="#[5f]">SPI5_IRQHandler</a> from startup_gd32f450_470.o(.text) referenced from startup_gd32f450_470.o(RESET)
 <LI><a href="#[6]">SVC_Handler</a> from gd32f4xx_it.o(i.SVC_Handler) referenced from startup_gd32f450_470.o(RESET)
 <LI><a href="#[9]">SysTick_Handler</a> from gd32f4xx_it.o(i.SysTick_Handler) referenced from startup_gd32f450_470.o(RESET)
 <LI><a href="#[64]">SystemInit</a> from system_gd32f4xx.o(i.SystemInit) referenced from startup_gd32f450_470.o(.text)
 <LI><a href="#[c]">TAMPER_STAMP_IRQHandler</a> from startup_gd32f450_470.o(.text) referenced from startup_gd32f450_470.o(RESET)
 <LI><a href="#[22]">TIMER0_BRK_TIMER8_IRQHandler</a> from startup_gd32f450_470.o(.text) referenced from startup_gd32f450_470.o(RESET)
 <LI><a href="#[25]">TIMER0_Channel_IRQHandler</a> from startup_gd32f450_470.o(.text) referenced from startup_gd32f450_470.o(RESET)
 <LI><a href="#[24]">TIMER0_TRG_CMT_TIMER10_IRQHandler</a> from startup_gd32f450_470.o(.text) referenced from startup_gd32f450_470.o(RESET)
 <LI><a href="#[23]">TIMER0_UP_TIMER9_IRQHandler</a> from startup_gd32f450_470.o(.text) referenced from startup_gd32f450_470.o(RESET)
 <LI><a href="#[26]">TIMER1_IRQHandler</a> from startup_gd32f450_470.o(.text) referenced from startup_gd32f450_470.o(RESET)
 <LI><a href="#[27]">TIMER2_IRQHandler</a> from startup_gd32f450_470.o(.text) referenced from startup_gd32f450_470.o(RESET)
 <LI><a href="#[28]">TIMER3_IRQHandler</a> from startup_gd32f450_470.o(.text) referenced from startup_gd32f450_470.o(RESET)
 <LI><a href="#[3c]">TIMER4_IRQHandler</a> from startup_gd32f450_470.o(.text) referenced from startup_gd32f450_470.o(RESET)
 <LI><a href="#[40]">TIMER5_DAC_IRQHandler</a> from startup_gd32f450_470.o(.text) referenced from startup_gd32f450_470.o(RESET)
 <LI><a href="#[41]">TIMER6_IRQHandler</a> from timer.o(i.TIMER6_IRQHandler) referenced from startup_gd32f450_470.o(RESET)
 <LI><a href="#[35]">TIMER7_BRK_TIMER11_IRQHandler</a> from startup_gd32f450_470.o(.text) referenced from startup_gd32f450_470.o(RESET)
 <LI><a href="#[38]">TIMER7_Channel_IRQHandler</a> from startup_gd32f450_470.o(.text) referenced from startup_gd32f450_470.o(RESET)
 <LI><a href="#[37]">TIMER7_TRG_CMT_TIMER13_IRQHandler</a> from startup_gd32f450_470.o(.text) referenced from startup_gd32f450_470.o(RESET)
 <LI><a href="#[36]">TIMER7_UP_TIMER12_IRQHandler</a> from startup_gd32f450_470.o(.text) referenced from startup_gd32f450_470.o(RESET)
 <LI><a href="#[61]">TLI_ER_IRQHandler</a> from startup_gd32f450_470.o(.text) referenced from startup_gd32f450_470.o(RESET)
 <LI><a href="#[60]">TLI_IRQHandler</a> from startup_gd32f450_470.o(.text) referenced from startup_gd32f450_470.o(RESET)
 <LI><a href="#[59]">TRNG_IRQHandler</a> from startup_gd32f450_470.o(.text) referenced from startup_gd32f450_470.o(RESET)
 <LI><a href="#[3e]">UART3_IRQHandler</a> from startup_gd32f450_470.o(.text) referenced from startup_gd32f450_470.o(RESET)
 <LI><a href="#[3f]">UART4_IRQHandler</a> from startup_gd32f450_470.o(.text) referenced from startup_gd32f450_470.o(RESET)
 <LI><a href="#[5b]">UART6_IRQHandler</a> from startup_gd32f450_470.o(.text) referenced from startup_gd32f450_470.o(RESET)
 <LI><a href="#[5c]">UART7_IRQHandler</a> from startup_gd32f450_470.o(.text) referenced from startup_gd32f450_470.o(RESET)
 <LI><a href="#[2f]">USART0_IRQHandler</a> from startup_gd32f450_470.o(.text) referenced from startup_gd32f450_470.o(RESET)
 <LI><a href="#[30]">USART1_IRQHandler</a> from usart1.o(i.USART1_IRQHandler) referenced from startup_gd32f450_470.o(RESET)
 <LI><a href="#[31]">USART2_IRQHandler</a> from startup_gd32f450_470.o(.text) referenced from startup_gd32f450_470.o(RESET)
 <LI><a href="#[51]">USART5_IRQHandler</a> from startup_gd32f450_470.o(.text) referenced from startup_gd32f450_470.o(RESET)
 <LI><a href="#[4d]">USBFS_IRQHandler</a> from startup_gd32f450_470.o(.text) referenced from startup_gd32f450_470.o(RESET)
 <LI><a href="#[34]">USBFS_WKUP_IRQHandler</a> from startup_gd32f450_470.o(.text) referenced from startup_gd32f450_470.o(RESET)
 <LI><a href="#[55]">USBHS_EP1_In_IRQHandler</a> from startup_gd32f450_470.o(.text) referenced from startup_gd32f450_470.o(RESET)
 <LI><a href="#[54]">USBHS_EP1_Out_IRQHandler</a> from startup_gd32f450_470.o(.text) referenced from startup_gd32f450_470.o(RESET)
 <LI><a href="#[57]">USBHS_IRQHandler</a> from startup_gd32f450_470.o(.text) referenced from startup_gd32f450_470.o(RESET)
 <LI><a href="#[56]">USBHS_WKUP_IRQHandler</a> from startup_gd32f450_470.o(.text) referenced from startup_gd32f450_470.o(RESET)
 <LI><a href="#[5]">UsageFault_Handler</a> from gd32f4xx_it.o(i.UsageFault_Handler) referenced from startup_gd32f450_470.o(RESET)
 <LI><a href="#[a]">WWDGT_IRQHandler</a> from startup_gd32f450_470.o(.text) referenced from startup_gd32f450_470.o(RESET)
 <LI><a href="#[65]">__main</a> from entry.o(.ARM.Collect$$$$00000000) referenced from startup_gd32f450_470.o(.text)
 <LI><a href="#[67]">_snputc</a> from printfa.o(i._snputc) referenced from printfa.o(i.__0snprintf)
 <LI><a href="#[67]">_snputc</a> from printfa.o(i._snputc) referenced from printfa.o(i.__0vsnprintf)
 <LI><a href="#[68]">_sputc</a> from printfa.o(i._sputc) referenced from printfa.o(i.__0sprintf)
 <LI><a href="#[66]">fputc</a> from fputc.o(i.fputc) referenced from printfa.o(i.__0printf)
 <LI><a href="#[63]">main</a> from main.o(i.main) referenced from entry9a.o(.ARM.Collect$$$$0000000B)
</UL>
<P>
<H3>
Global Symbols
</H3>
<P><STRONG><a name="[65]"></a>__main</STRONG> (Thumb, 0 bytes, Stack size unknown bytes, entry.o(.ARM.Collect$$$$00000000))
<BR>[Address Reference Count : 1]<UL><LI> startup_gd32f450_470.o(.text)
</UL>
<P><STRONG><a name="[182]"></a>_main_stk</STRONG> (Thumb, 0 bytes, Stack size unknown bytes, entry2.o(.ARM.Collect$$$$00000001))

<P><STRONG><a name="[69]"></a>_main_scatterload</STRONG> (Thumb, 0 bytes, Stack size unknown bytes, entry5.o(.ARM.Collect$$$$00000004))
<BR><BR>[Calls]<UL><LI><a href="#[6a]">&gt;&gt;</a>&nbsp;&nbsp;&nbsp;__scatterload
</UL>

<P><STRONG><a name="[7a]"></a>__main_after_scatterload</STRONG> (Thumb, 0 bytes, Stack size unknown bytes, entry5.o(.ARM.Collect$$$$00000004))
<BR><BR>[Called By]<UL><LI><a href="#[6a]">&gt;&gt;</a>&nbsp;&nbsp;&nbsp;__scatterload
</UL>

<P><STRONG><a name="[183]"></a>_main_clock</STRONG> (Thumb, 0 bytes, Stack size unknown bytes, entry7b.o(.ARM.Collect$$$$00000008))

<P><STRONG><a name="[184]"></a>_main_cpp_init</STRONG> (Thumb, 0 bytes, Stack size unknown bytes, entry8b.o(.ARM.Collect$$$$0000000A))

<P><STRONG><a name="[185]"></a>_main_init</STRONG> (Thumb, 0 bytes, Stack size unknown bytes, entry9a.o(.ARM.Collect$$$$0000000B))

<P><STRONG><a name="[186]"></a>__rt_final_cpp</STRONG> (Thumb, 0 bytes, Stack size unknown bytes, entry10a.o(.ARM.Collect$$$$0000000D))

<P><STRONG><a name="[187]"></a>__rt_final_exit</STRONG> (Thumb, 0 bytes, Stack size unknown bytes, entry11a.o(.ARM.Collect$$$$0000000F))

<P><STRONG><a name="[0]"></a>Reset_Handler</STRONG> (Thumb, 8 bytes, Stack size 0 bytes, startup_gd32f450_470.o(.text))
<BR>[Address Reference Count : 1]<UL><LI> startup_gd32f450_470.o(RESET)
</UL>
<P><STRONG><a name="[1c]"></a>ADC_IRQHandler</STRONG> (Thumb, 0 bytes, Stack size 0 bytes, startup_gd32f450_470.o(.text))
<BR><BR>[Calls]<UL><LI><a href="#[1c]">&gt;&gt;</a>&nbsp;&nbsp;&nbsp;ADC_IRQHandler
</UL>
<BR>[Called By]<UL><LI><a href="#[1c]">&gt;&gt;</a>&nbsp;&nbsp;&nbsp;ADC_IRQHandler
</UL>
<BR>[Address Reference Count : 1]<UL><LI> startup_gd32f450_470.o(RESET)
</UL>
<P><STRONG><a name="[20]"></a>CAN0_EWMC_IRQHandler</STRONG> (Thumb, 0 bytes, Stack size 0 bytes, startup_gd32f450_470.o(.text))
<BR>[Address Reference Count : 1]<UL><LI> startup_gd32f450_470.o(RESET)
</UL>
<P><STRONG><a name="[1e]"></a>CAN0_RX0_IRQHandler</STRONG> (Thumb, 0 bytes, Stack size 0 bytes, startup_gd32f450_470.o(.text))
<BR>[Address Reference Count : 1]<UL><LI> startup_gd32f450_470.o(RESET)
</UL>
<P><STRONG><a name="[1f]"></a>CAN0_RX1_IRQHandler</STRONG> (Thumb, 0 bytes, Stack size 0 bytes, startup_gd32f450_470.o(.text))
<BR>[Address Reference Count : 1]<UL><LI> startup_gd32f450_470.o(RESET)
</UL>
<P><STRONG><a name="[1d]"></a>CAN0_TX_IRQHandler</STRONG> (Thumb, 0 bytes, Stack size 0 bytes, startup_gd32f450_470.o(.text))
<BR>[Address Reference Count : 1]<UL><LI> startup_gd32f450_470.o(RESET)
</UL>
<P><STRONG><a name="[4c]"></a>CAN1_EWMC_IRQHandler</STRONG> (Thumb, 0 bytes, Stack size 0 bytes, startup_gd32f450_470.o(.text))
<BR>[Address Reference Count : 1]<UL><LI> startup_gd32f450_470.o(RESET)
</UL>
<P><STRONG><a name="[4a]"></a>CAN1_RX0_IRQHandler</STRONG> (Thumb, 0 bytes, Stack size 0 bytes, startup_gd32f450_470.o(.text))
<BR>[Address Reference Count : 1]<UL><LI> startup_gd32f450_470.o(RESET)
</UL>
<P><STRONG><a name="[4b]"></a>CAN1_RX1_IRQHandler</STRONG> (Thumb, 0 bytes, Stack size 0 bytes, startup_gd32f450_470.o(.text))
<BR>[Address Reference Count : 1]<UL><LI> startup_gd32f450_470.o(RESET)
</UL>
<P><STRONG><a name="[49]"></a>CAN1_TX_IRQHandler</STRONG> (Thumb, 0 bytes, Stack size 0 bytes, startup_gd32f450_470.o(.text))
<BR>[Address Reference Count : 1]<UL><LI> startup_gd32f450_470.o(RESET)
</UL>
<P><STRONG><a name="[58]"></a>DCI_IRQHandler</STRONG> (Thumb, 0 bytes, Stack size 0 bytes, startup_gd32f450_470.o(.text))
<BR>[Address Reference Count : 1]<UL><LI> startup_gd32f450_470.o(RESET)
</UL>
<P><STRONG><a name="[15]"></a>DMA0_Channel0_IRQHandler</STRONG> (Thumb, 0 bytes, Stack size 0 bytes, startup_gd32f450_470.o(.text))
<BR>[Address Reference Count : 1]<UL><LI> startup_gd32f450_470.o(RESET)
</UL>
<P><STRONG><a name="[16]"></a>DMA0_Channel1_IRQHandler</STRONG> (Thumb, 0 bytes, Stack size 0 bytes, startup_gd32f450_470.o(.text))
<BR>[Address Reference Count : 1]<UL><LI> startup_gd32f450_470.o(RESET)
</UL>
<P><STRONG><a name="[17]"></a>DMA0_Channel2_IRQHandler</STRONG> (Thumb, 0 bytes, Stack size 0 bytes, startup_gd32f450_470.o(.text))
<BR>[Address Reference Count : 1]<UL><LI> startup_gd32f450_470.o(RESET)
</UL>
<P><STRONG><a name="[18]"></a>DMA0_Channel3_IRQHandler</STRONG> (Thumb, 0 bytes, Stack size 0 bytes, startup_gd32f450_470.o(.text))
<BR>[Address Reference Count : 1]<UL><LI> startup_gd32f450_470.o(RESET)
</UL>
<P><STRONG><a name="[19]"></a>DMA0_Channel4_IRQHandler</STRONG> (Thumb, 0 bytes, Stack size 0 bytes, startup_gd32f450_470.o(.text))
<BR>[Address Reference Count : 1]<UL><LI> startup_gd32f450_470.o(RESET)
</UL>
<P><STRONG><a name="[1a]"></a>DMA0_Channel5_IRQHandler</STRONG> (Thumb, 0 bytes, Stack size 0 bytes, startup_gd32f450_470.o(.text))
<BR>[Address Reference Count : 1]<UL><LI> startup_gd32f450_470.o(RESET)
</UL>
<P><STRONG><a name="[1b]"></a>DMA0_Channel6_IRQHandler</STRONG> (Thumb, 0 bytes, Stack size 0 bytes, startup_gd32f450_470.o(.text))
<BR>[Address Reference Count : 1]<UL><LI> startup_gd32f450_470.o(RESET)
</UL>
<P><STRONG><a name="[39]"></a>DMA0_Channel7_IRQHandler</STRONG> (Thumb, 0 bytes, Stack size 0 bytes, startup_gd32f450_470.o(.text))
<BR>[Address Reference Count : 1]<UL><LI> startup_gd32f450_470.o(RESET)
</UL>
<P><STRONG><a name="[42]"></a>DMA1_Channel0_IRQHandler</STRONG> (Thumb, 0 bytes, Stack size 0 bytes, startup_gd32f450_470.o(.text))
<BR>[Address Reference Count : 1]<UL><LI> startup_gd32f450_470.o(RESET)
</UL>
<P><STRONG><a name="[43]"></a>DMA1_Channel1_IRQHandler</STRONG> (Thumb, 0 bytes, Stack size 0 bytes, startup_gd32f450_470.o(.text))
<BR>[Address Reference Count : 1]<UL><LI> startup_gd32f450_470.o(RESET)
</UL>
<P><STRONG><a name="[44]"></a>DMA1_Channel2_IRQHandler</STRONG> (Thumb, 0 bytes, Stack size 0 bytes, startup_gd32f450_470.o(.text))
<BR>[Address Reference Count : 1]<UL><LI> startup_gd32f450_470.o(RESET)
</UL>
<P><STRONG><a name="[45]"></a>DMA1_Channel3_IRQHandler</STRONG> (Thumb, 0 bytes, Stack size 0 bytes, startup_gd32f450_470.o(.text))
<BR>[Address Reference Count : 1]<UL><LI> startup_gd32f450_470.o(RESET)
</UL>
<P><STRONG><a name="[46]"></a>DMA1_Channel4_IRQHandler</STRONG> (Thumb, 0 bytes, Stack size 0 bytes, startup_gd32f450_470.o(.text))
<BR>[Address Reference Count : 1]<UL><LI> startup_gd32f450_470.o(RESET)
</UL>
<P><STRONG><a name="[4e]"></a>DMA1_Channel5_IRQHandler</STRONG> (Thumb, 0 bytes, Stack size 0 bytes, startup_gd32f450_470.o(.text))
<BR>[Address Reference Count : 1]<UL><LI> startup_gd32f450_470.o(RESET)
</UL>
<P><STRONG><a name="[4f]"></a>DMA1_Channel6_IRQHandler</STRONG> (Thumb, 0 bytes, Stack size 0 bytes, startup_gd32f450_470.o(.text))
<BR>[Address Reference Count : 1]<UL><LI> startup_gd32f450_470.o(RESET)
</UL>
<P><STRONG><a name="[50]"></a>DMA1_Channel7_IRQHandler</STRONG> (Thumb, 0 bytes, Stack size 0 bytes, startup_gd32f450_470.o(.text))
<BR>[Address Reference Count : 1]<UL><LI> startup_gd32f450_470.o(RESET)
</UL>
<P><STRONG><a name="[47]"></a>ENET_IRQHandler</STRONG> (Thumb, 0 bytes, Stack size 0 bytes, startup_gd32f450_470.o(.text))
<BR>[Address Reference Count : 1]<UL><LI> startup_gd32f450_470.o(RESET)
</UL>
<P><STRONG><a name="[48]"></a>ENET_WKUP_IRQHandler</STRONG> (Thumb, 0 bytes, Stack size 0 bytes, startup_gd32f450_470.o(.text))
<BR>[Address Reference Count : 1]<UL><LI> startup_gd32f450_470.o(RESET)
</UL>
<P><STRONG><a name="[3a]"></a>EXMC_IRQHandler</STRONG> (Thumb, 0 bytes, Stack size 0 bytes, startup_gd32f450_470.o(.text))
<BR>[Address Reference Count : 1]<UL><LI> startup_gd32f450_470.o(RESET)
</UL>
<P><STRONG><a name="[10]"></a>EXTI0_IRQHandler</STRONG> (Thumb, 0 bytes, Stack size 0 bytes, startup_gd32f450_470.o(.text))
<BR>[Address Reference Count : 1]<UL><LI> startup_gd32f450_470.o(RESET)
</UL>
<P><STRONG><a name="[32]"></a>EXTI10_15_IRQHandler</STRONG> (Thumb, 0 bytes, Stack size 0 bytes, startup_gd32f450_470.o(.text))
<BR>[Address Reference Count : 1]<UL><LI> startup_gd32f450_470.o(RESET)
</UL>
<P><STRONG><a name="[11]"></a>EXTI1_IRQHandler</STRONG> (Thumb, 0 bytes, Stack size 0 bytes, startup_gd32f450_470.o(.text))
<BR>[Address Reference Count : 1]<UL><LI> startup_gd32f450_470.o(RESET)
</UL>
<P><STRONG><a name="[12]"></a>EXTI2_IRQHandler</STRONG> (Thumb, 0 bytes, Stack size 0 bytes, startup_gd32f450_470.o(.text))
<BR>[Address Reference Count : 1]<UL><LI> startup_gd32f450_470.o(RESET)
</UL>
<P><STRONG><a name="[13]"></a>EXTI3_IRQHandler</STRONG> (Thumb, 0 bytes, Stack size 0 bytes, startup_gd32f450_470.o(.text))
<BR>[Address Reference Count : 1]<UL><LI> startup_gd32f450_470.o(RESET)
</UL>
<P><STRONG><a name="[14]"></a>EXTI4_IRQHandler</STRONG> (Thumb, 0 bytes, Stack size 0 bytes, startup_gd32f450_470.o(.text))
<BR>[Address Reference Count : 1]<UL><LI> startup_gd32f450_470.o(RESET)
</UL>
<P><STRONG><a name="[21]"></a>EXTI5_9_IRQHandler</STRONG> (Thumb, 0 bytes, Stack size 0 bytes, startup_gd32f450_470.o(.text))
<BR>[Address Reference Count : 1]<UL><LI> startup_gd32f450_470.o(RESET)
</UL>
<P><STRONG><a name="[e]"></a>FMC_IRQHandler</STRONG> (Thumb, 0 bytes, Stack size 0 bytes, startup_gd32f450_470.o(.text))
<BR>[Address Reference Count : 1]<UL><LI> startup_gd32f450_470.o(RESET)
</UL>
<P><STRONG><a name="[5a]"></a>FPU_IRQHandler</STRONG> (Thumb, 0 bytes, Stack size 0 bytes, startup_gd32f450_470.o(.text))
<BR>[Address Reference Count : 1]<UL><LI> startup_gd32f450_470.o(RESET)
</UL>
<P><STRONG><a name="[2a]"></a>I2C0_ER_IRQHandler</STRONG> (Thumb, 0 bytes, Stack size 0 bytes, startup_gd32f450_470.o(.text))
<BR>[Address Reference Count : 1]<UL><LI> startup_gd32f450_470.o(RESET)
</UL>
<P><STRONG><a name="[29]"></a>I2C0_EV_IRQHandler</STRONG> (Thumb, 0 bytes, Stack size 0 bytes, startup_gd32f450_470.o(.text))
<BR>[Address Reference Count : 1]<UL><LI> startup_gd32f450_470.o(RESET)
</UL>
<P><STRONG><a name="[2c]"></a>I2C1_ER_IRQHandler</STRONG> (Thumb, 0 bytes, Stack size 0 bytes, startup_gd32f450_470.o(.text))
<BR>[Address Reference Count : 1]<UL><LI> startup_gd32f450_470.o(RESET)
</UL>
<P><STRONG><a name="[2b]"></a>I2C1_EV_IRQHandler</STRONG> (Thumb, 0 bytes, Stack size 0 bytes, startup_gd32f450_470.o(.text))
<BR>[Address Reference Count : 1]<UL><LI> startup_gd32f450_470.o(RESET)
</UL>
<P><STRONG><a name="[53]"></a>I2C2_ER_IRQHandler</STRONG> (Thumb, 0 bytes, Stack size 0 bytes, startup_gd32f450_470.o(.text))
<BR>[Address Reference Count : 1]<UL><LI> startup_gd32f450_470.o(RESET)
</UL>
<P><STRONG><a name="[52]"></a>I2C2_EV_IRQHandler</STRONG> (Thumb, 0 bytes, Stack size 0 bytes, startup_gd32f450_470.o(.text))
<BR>[Address Reference Count : 1]<UL><LI> startup_gd32f450_470.o(RESET)
</UL>
<P><STRONG><a name="[62]"></a>IPA_IRQHandler</STRONG> (Thumb, 0 bytes, Stack size 0 bytes, startup_gd32f450_470.o(.text))
<BR>[Address Reference Count : 1]<UL><LI> startup_gd32f450_470.o(RESET)
</UL>
<P><STRONG><a name="[b]"></a>LVD_IRQHandler</STRONG> (Thumb, 0 bytes, Stack size 0 bytes, startup_gd32f450_470.o(.text))
<BR>[Address Reference Count : 1]<UL><LI> startup_gd32f450_470.o(RESET)
</UL>
<P><STRONG><a name="[f]"></a>RCU_CTC_IRQHandler</STRONG> (Thumb, 0 bytes, Stack size 0 bytes, startup_gd32f450_470.o(.text))
<BR>[Address Reference Count : 1]<UL><LI> startup_gd32f450_470.o(RESET)
</UL>
<P><STRONG><a name="[3b]"></a>SDIO_IRQHandler</STRONG> (Thumb, 0 bytes, Stack size 0 bytes, startup_gd32f450_470.o(.text))
<BR>[Address Reference Count : 1]<UL><LI> startup_gd32f450_470.o(RESET)
</UL>
<P><STRONG><a name="[2d]"></a>SPI0_IRQHandler</STRONG> (Thumb, 0 bytes, Stack size 0 bytes, startup_gd32f450_470.o(.text))
<BR>[Address Reference Count : 1]<UL><LI> startup_gd32f450_470.o(RESET)
</UL>
<P><STRONG><a name="[2e]"></a>SPI1_IRQHandler</STRONG> (Thumb, 0 bytes, Stack size 0 bytes, startup_gd32f450_470.o(.text))
<BR>[Address Reference Count : 1]<UL><LI> startup_gd32f450_470.o(RESET)
</UL>
<P><STRONG><a name="[3d]"></a>SPI2_IRQHandler</STRONG> (Thumb, 0 bytes, Stack size 0 bytes, startup_gd32f450_470.o(.text))
<BR>[Address Reference Count : 1]<UL><LI> startup_gd32f450_470.o(RESET)
</UL>
<P><STRONG><a name="[5d]"></a>SPI3_IRQHandler</STRONG> (Thumb, 0 bytes, Stack size 0 bytes, startup_gd32f450_470.o(.text))
<BR>[Address Reference Count : 1]<UL><LI> startup_gd32f450_470.o(RESET)
</UL>
<P><STRONG><a name="[5e]"></a>SPI4_IRQHandler</STRONG> (Thumb, 0 bytes, Stack size 0 bytes, startup_gd32f450_470.o(.text))
<BR>[Address Reference Count : 1]<UL><LI> startup_gd32f450_470.o(RESET)
</UL>
<P><STRONG><a name="[5f]"></a>SPI5_IRQHandler</STRONG> (Thumb, 0 bytes, Stack size 0 bytes, startup_gd32f450_470.o(.text))
<BR>[Address Reference Count : 1]<UL><LI> startup_gd32f450_470.o(RESET)
</UL>
<P><STRONG><a name="[c]"></a>TAMPER_STAMP_IRQHandler</STRONG> (Thumb, 0 bytes, Stack size 0 bytes, startup_gd32f450_470.o(.text))
<BR>[Address Reference Count : 1]<UL><LI> startup_gd32f450_470.o(RESET)
</UL>
<P><STRONG><a name="[22]"></a>TIMER0_BRK_TIMER8_IRQHandler</STRONG> (Thumb, 0 bytes, Stack size 0 bytes, startup_gd32f450_470.o(.text))
<BR>[Address Reference Count : 1]<UL><LI> startup_gd32f450_470.o(RESET)
</UL>
<P><STRONG><a name="[25]"></a>TIMER0_Channel_IRQHandler</STRONG> (Thumb, 0 bytes, Stack size 0 bytes, startup_gd32f450_470.o(.text))
<BR>[Address Reference Count : 1]<UL><LI> startup_gd32f450_470.o(RESET)
</UL>
<P><STRONG><a name="[24]"></a>TIMER0_TRG_CMT_TIMER10_IRQHandler</STRONG> (Thumb, 0 bytes, Stack size 0 bytes, startup_gd32f450_470.o(.text))
<BR>[Address Reference Count : 1]<UL><LI> startup_gd32f450_470.o(RESET)
</UL>
<P><STRONG><a name="[23]"></a>TIMER0_UP_TIMER9_IRQHandler</STRONG> (Thumb, 0 bytes, Stack size 0 bytes, startup_gd32f450_470.o(.text))
<BR>[Address Reference Count : 1]<UL><LI> startup_gd32f450_470.o(RESET)
</UL>
<P><STRONG><a name="[26]"></a>TIMER1_IRQHandler</STRONG> (Thumb, 0 bytes, Stack size 0 bytes, startup_gd32f450_470.o(.text))
<BR>[Address Reference Count : 1]<UL><LI> startup_gd32f450_470.o(RESET)
</UL>
<P><STRONG><a name="[27]"></a>TIMER2_IRQHandler</STRONG> (Thumb, 0 bytes, Stack size 0 bytes, startup_gd32f450_470.o(.text))
<BR>[Address Reference Count : 1]<UL><LI> startup_gd32f450_470.o(RESET)
</UL>
<P><STRONG><a name="[28]"></a>TIMER3_IRQHandler</STRONG> (Thumb, 0 bytes, Stack size 0 bytes, startup_gd32f450_470.o(.text))
<BR>[Address Reference Count : 1]<UL><LI> startup_gd32f450_470.o(RESET)
</UL>
<P><STRONG><a name="[3c]"></a>TIMER4_IRQHandler</STRONG> (Thumb, 0 bytes, Stack size 0 bytes, startup_gd32f450_470.o(.text))
<BR>[Address Reference Count : 1]<UL><LI> startup_gd32f450_470.o(RESET)
</UL>
<P><STRONG><a name="[40]"></a>TIMER5_DAC_IRQHandler</STRONG> (Thumb, 0 bytes, Stack size 0 bytes, startup_gd32f450_470.o(.text))
<BR>[Address Reference Count : 1]<UL><LI> startup_gd32f450_470.o(RESET)
</UL>
<P><STRONG><a name="[35]"></a>TIMER7_BRK_TIMER11_IRQHandler</STRONG> (Thumb, 0 bytes, Stack size 0 bytes, startup_gd32f450_470.o(.text))
<BR>[Address Reference Count : 1]<UL><LI> startup_gd32f450_470.o(RESET)
</UL>
<P><STRONG><a name="[38]"></a>TIMER7_Channel_IRQHandler</STRONG> (Thumb, 0 bytes, Stack size 0 bytes, startup_gd32f450_470.o(.text))
<BR>[Address Reference Count : 1]<UL><LI> startup_gd32f450_470.o(RESET)
</UL>
<P><STRONG><a name="[37]"></a>TIMER7_TRG_CMT_TIMER13_IRQHandler</STRONG> (Thumb, 0 bytes, Stack size 0 bytes, startup_gd32f450_470.o(.text))
<BR>[Address Reference Count : 1]<UL><LI> startup_gd32f450_470.o(RESET)
</UL>
<P><STRONG><a name="[36]"></a>TIMER7_UP_TIMER12_IRQHandler</STRONG> (Thumb, 0 bytes, Stack size 0 bytes, startup_gd32f450_470.o(.text))
<BR>[Address Reference Count : 1]<UL><LI> startup_gd32f450_470.o(RESET)
</UL>
<P><STRONG><a name="[61]"></a>TLI_ER_IRQHandler</STRONG> (Thumb, 0 bytes, Stack size 0 bytes, startup_gd32f450_470.o(.text))
<BR>[Address Reference Count : 1]<UL><LI> startup_gd32f450_470.o(RESET)
</UL>
<P><STRONG><a name="[60]"></a>TLI_IRQHandler</STRONG> (Thumb, 0 bytes, Stack size 0 bytes, startup_gd32f450_470.o(.text))
<BR>[Address Reference Count : 1]<UL><LI> startup_gd32f450_470.o(RESET)
</UL>
<P><STRONG><a name="[59]"></a>TRNG_IRQHandler</STRONG> (Thumb, 0 bytes, Stack size 0 bytes, startup_gd32f450_470.o(.text))
<BR>[Address Reference Count : 1]<UL><LI> startup_gd32f450_470.o(RESET)
</UL>
<P><STRONG><a name="[3e]"></a>UART3_IRQHandler</STRONG> (Thumb, 0 bytes, Stack size 0 bytes, startup_gd32f450_470.o(.text))
<BR>[Address Reference Count : 1]<UL><LI> startup_gd32f450_470.o(RESET)
</UL>
<P><STRONG><a name="[3f]"></a>UART4_IRQHandler</STRONG> (Thumb, 0 bytes, Stack size 0 bytes, startup_gd32f450_470.o(.text))
<BR>[Address Reference Count : 1]<UL><LI> startup_gd32f450_470.o(RESET)
</UL>
<P><STRONG><a name="[5b]"></a>UART6_IRQHandler</STRONG> (Thumb, 0 bytes, Stack size 0 bytes, startup_gd32f450_470.o(.text))
<BR>[Address Reference Count : 1]<UL><LI> startup_gd32f450_470.o(RESET)
</UL>
<P><STRONG><a name="[5c]"></a>UART7_IRQHandler</STRONG> (Thumb, 0 bytes, Stack size 0 bytes, startup_gd32f450_470.o(.text))
<BR>[Address Reference Count : 1]<UL><LI> startup_gd32f450_470.o(RESET)
</UL>
<P><STRONG><a name="[2f]"></a>USART0_IRQHandler</STRONG> (Thumb, 0 bytes, Stack size 0 bytes, startup_gd32f450_470.o(.text))
<BR>[Address Reference Count : 1]<UL><LI> startup_gd32f450_470.o(RESET)
</UL>
<P><STRONG><a name="[31]"></a>USART2_IRQHandler</STRONG> (Thumb, 0 bytes, Stack size 0 bytes, startup_gd32f450_470.o(.text))
<BR>[Address Reference Count : 1]<UL><LI> startup_gd32f450_470.o(RESET)
</UL>
<P><STRONG><a name="[51]"></a>USART5_IRQHandler</STRONG> (Thumb, 0 bytes, Stack size 0 bytes, startup_gd32f450_470.o(.text))
<BR>[Address Reference Count : 1]<UL><LI> startup_gd32f450_470.o(RESET)
</UL>
<P><STRONG><a name="[4d]"></a>USBFS_IRQHandler</STRONG> (Thumb, 0 bytes, Stack size 0 bytes, startup_gd32f450_470.o(.text))
<BR>[Address Reference Count : 1]<UL><LI> startup_gd32f450_470.o(RESET)
</UL>
<P><STRONG><a name="[34]"></a>USBFS_WKUP_IRQHandler</STRONG> (Thumb, 0 bytes, Stack size 0 bytes, startup_gd32f450_470.o(.text))
<BR>[Address Reference Count : 1]<UL><LI> startup_gd32f450_470.o(RESET)
</UL>
<P><STRONG><a name="[55]"></a>USBHS_EP1_In_IRQHandler</STRONG> (Thumb, 0 bytes, Stack size 0 bytes, startup_gd32f450_470.o(.text))
<BR>[Address Reference Count : 1]<UL><LI> startup_gd32f450_470.o(RESET)
</UL>
<P><STRONG><a name="[54]"></a>USBHS_EP1_Out_IRQHandler</STRONG> (Thumb, 0 bytes, Stack size 0 bytes, startup_gd32f450_470.o(.text))
<BR>[Address Reference Count : 1]<UL><LI> startup_gd32f450_470.o(RESET)
</UL>
<P><STRONG><a name="[57]"></a>USBHS_IRQHandler</STRONG> (Thumb, 0 bytes, Stack size 0 bytes, startup_gd32f450_470.o(.text))
<BR>[Address Reference Count : 1]<UL><LI> startup_gd32f450_470.o(RESET)
</UL>
<P><STRONG><a name="[56]"></a>USBHS_WKUP_IRQHandler</STRONG> (Thumb, 0 bytes, Stack size 0 bytes, startup_gd32f450_470.o(.text))
<BR>[Address Reference Count : 1]<UL><LI> startup_gd32f450_470.o(RESET)
</UL>
<P><STRONG><a name="[a]"></a>WWDGT_IRQHandler</STRONG> (Thumb, 0 bytes, Stack size 0 bytes, startup_gd32f450_470.o(.text))
<BR>[Address Reference Count : 1]<UL><LI> startup_gd32f450_470.o(RESET)
</UL>
<P><STRONG><a name="[10e]"></a>__aeabi_memcpy</STRONG> (Thumb, 36 bytes, Stack size 0 bytes, memcpya.o(.text))
<BR><BR>[Called By]<UL><LI><a href="#[10f]">&gt;&gt;</a>&nbsp;&nbsp;&nbsp;Protocol_SendFrame
<LI><a href="#[109]">&gt;&gt;</a>&nbsp;&nbsp;&nbsp;Protocol_ParseFrame
</UL>

<P><STRONG><a name="[93]"></a>__aeabi_memcpy4</STRONG> (Thumb, 0 bytes, Stack size 0 bytes, memcpya.o(.text))
<BR><BR>[Called By]<UL><LI><a href="#[ab]">&gt;&gt;</a>&nbsp;&nbsp;&nbsp;BytesToAscii
<LI><a href="#[90]">&gt;&gt;</a>&nbsp;&nbsp;&nbsp;APP_HandleUpgradeRequest
</UL>

<P><STRONG><a name="[188]"></a>__aeabi_memcpy8</STRONG> (Thumb, 0 bytes, Stack size 0 bytes, memcpya.o(.text), UNUSED)

<P><STRONG><a name="[6c]"></a>__aeabi_memset</STRONG> (Thumb, 14 bytes, Stack size 0 bytes, memseta.o(.text))
<BR><BR>[Called By]<UL><LI><a href="#[6d]">&gt;&gt;</a>&nbsp;&nbsp;&nbsp;_memset$wrapper
<LI><a href="#[6b]">&gt;&gt;</a>&nbsp;&nbsp;&nbsp;__aeabi_memclr
</UL>

<P><STRONG><a name="[189]"></a>__aeabi_memset4</STRONG> (Thumb, 0 bytes, Stack size 0 bytes, memseta.o(.text), UNUSED)

<P><STRONG><a name="[18a]"></a>__aeabi_memset8</STRONG> (Thumb, 0 bytes, Stack size 0 bytes, memseta.o(.text), UNUSED)

<P><STRONG><a name="[6b]"></a>__aeabi_memclr</STRONG> (Thumb, 4 bytes, Stack size 0 bytes, memseta.o(.text))
<BR><BR>[Calls]<UL><LI><a href="#[6c]">&gt;&gt;</a>&nbsp;&nbsp;&nbsp;__aeabi_memset
</UL>
<BR>[Called By]<UL><LI><a href="#[114]">&gt;&gt;</a>&nbsp;&nbsp;&nbsp;RS485_Init
</UL>

<P><STRONG><a name="[91]"></a>__aeabi_memclr4</STRONG> (Thumb, 0 bytes, Stack size 0 bytes, memseta.o(.text))
<BR><BR>[Called By]<UL><LI><a href="#[17a]">&gt;&gt;</a>&nbsp;&nbsp;&nbsp;spi_flash_buffer_erase
<LI><a href="#[90]">&gt;&gt;</a>&nbsp;&nbsp;&nbsp;APP_HandleUpgradeRequest
</UL>

<P><STRONG><a name="[18b]"></a>__aeabi_memclr8</STRONG> (Thumb, 0 bytes, Stack size 0 bytes, memseta.o(.text), UNUSED)

<P><STRONG><a name="[6d]"></a>_memset$wrapper</STRONG> (Thumb, 18 bytes, Stack size 8 bytes, memseta.o(.text), UNUSED)
<BR><BR>[Calls]<UL><LI><a href="#[6c]">&gt;&gt;</a>&nbsp;&nbsp;&nbsp;__aeabi_memset
</UL>

<P><STRONG><a name="[a2]"></a>strlen</STRONG> (Thumb, 14 bytes, Stack size 0 bytes, strlen.o(.text))
<BR><BR>[Called By]<UL><LI><a href="#[10f]">&gt;&gt;</a>&nbsp;&nbsp;&nbsp;Protocol_SendFrame
<LI><a href="#[11f]">&gt;&gt;</a>&nbsp;&nbsp;&nbsp;RS485_Printf
<LI><a href="#[e8]">&gt;&gt;</a>&nbsp;&nbsp;&nbsp;Cmd_QueryAlarmRecord
<LI><a href="#[a0]">&gt;&gt;</a>&nbsp;&nbsp;&nbsp;Alarm_CheckAndReport
</UL>

<P><STRONG><a name="[a6]"></a>__aeabi_f2d</STRONG> (Thumb, 38 bytes, Stack size 0 bytes, f2d.o(.text))
<BR><BR>[Called By]<UL><LI><a href="#[a1]">&gt;&gt;</a>&nbsp;&nbsp;&nbsp;Alarm_RecordToString
</UL>

<P><STRONG><a name="[18c]"></a>__aeabi_uidiv</STRONG> (Thumb, 0 bytes, Stack size 12 bytes, uidiv.o(.text), UNUSED)

<P><STRONG><a name="[155]"></a>__aeabi_uidivmod</STRONG> (Thumb, 44 bytes, Stack size 12 bytes, uidiv.o(.text), UNUSED)
<BR><BR>[Called By]<UL><LI><a href="#[14d]">&gt;&gt;</a>&nbsp;&nbsp;&nbsp;_printf_core
</UL>

<P><STRONG><a name="[6e]"></a>__aeabi_uldivmod</STRONG> (Thumb, 98 bytes, Stack size 40 bytes, uldiv.o(.text), UNUSED)
<BR><BR>[Calls]<UL><LI><a href="#[6f]">&gt;&gt;</a>&nbsp;&nbsp;&nbsp;__aeabi_llsr
<LI><a href="#[70]">&gt;&gt;</a>&nbsp;&nbsp;&nbsp;__aeabi_llsl
</UL>
<BR>[Called By]<UL><LI><a href="#[14d]">&gt;&gt;</a>&nbsp;&nbsp;&nbsp;_printf_core
<LI><a href="#[151]">&gt;&gt;</a>&nbsp;&nbsp;&nbsp;_fp_digits
</UL>

<P><STRONG><a name="[18d]"></a>__I$use$fp</STRONG> (Thumb, 0 bytes, Stack size 48 bytes, iusefp.o(.text), UNUSED)

<P><STRONG><a name="[71]"></a>__aeabi_dadd</STRONG> (Thumb, 322 bytes, Stack size 48 bytes, dadd.o(.text), UNUSED)
<BR><BR>[Calls]<UL><LI><a href="#[72]">&gt;&gt;</a>&nbsp;&nbsp;&nbsp;__aeabi_lasr
<LI><a href="#[70]">&gt;&gt;</a>&nbsp;&nbsp;&nbsp;__aeabi_llsl
<LI><a href="#[74]">&gt;&gt;</a>&nbsp;&nbsp;&nbsp;_double_round
<LI><a href="#[73]">&gt;&gt;</a>&nbsp;&nbsp;&nbsp;_double_epilogue
</UL>
<BR>[Called By]<UL><LI><a href="#[151]">&gt;&gt;</a>&nbsp;&nbsp;&nbsp;_fp_digits
<LI><a href="#[76]">&gt;&gt;</a>&nbsp;&nbsp;&nbsp;__aeabi_drsub
<LI><a href="#[75]">&gt;&gt;</a>&nbsp;&nbsp;&nbsp;__aeabi_dsub
</UL>

<P><STRONG><a name="[75]"></a>__aeabi_dsub</STRONG> (Thumb, 6 bytes, Stack size 0 bytes, dadd.o(.text), UNUSED)
<BR><BR>[Calls]<UL><LI><a href="#[71]">&gt;&gt;</a>&nbsp;&nbsp;&nbsp;__aeabi_dadd
</UL>

<P><STRONG><a name="[76]"></a>__aeabi_drsub</STRONG> (Thumb, 6 bytes, Stack size 0 bytes, dadd.o(.text), UNUSED)
<BR><BR>[Calls]<UL><LI><a href="#[71]">&gt;&gt;</a>&nbsp;&nbsp;&nbsp;__aeabi_dadd
</UL>

<P><STRONG><a name="[77]"></a>__aeabi_dmul</STRONG> (Thumb, 228 bytes, Stack size 48 bytes, dmul.o(.text), UNUSED)
<BR><BR>[Calls]<UL><LI><a href="#[73]">&gt;&gt;</a>&nbsp;&nbsp;&nbsp;_double_epilogue
</UL>
<BR>[Called By]<UL><LI><a href="#[151]">&gt;&gt;</a>&nbsp;&nbsp;&nbsp;_fp_digits
</UL>

<P><STRONG><a name="[78]"></a>__aeabi_ddiv</STRONG> (Thumb, 222 bytes, Stack size 32 bytes, ddiv.o(.text), UNUSED)
<BR><BR>[Calls]<UL><LI><a href="#[74]">&gt;&gt;</a>&nbsp;&nbsp;&nbsp;_double_round
</UL>
<BR>[Called By]<UL><LI><a href="#[151]">&gt;&gt;</a>&nbsp;&nbsp;&nbsp;_fp_digits
</UL>

<P><STRONG><a name="[79]"></a>__aeabi_d2ulz</STRONG> (Thumb, 48 bytes, Stack size 0 bytes, dfixul.o(.text), UNUSED)
<BR><BR>[Calls]<UL><LI><a href="#[6f]">&gt;&gt;</a>&nbsp;&nbsp;&nbsp;__aeabi_llsr
<LI><a href="#[70]">&gt;&gt;</a>&nbsp;&nbsp;&nbsp;__aeabi_llsl
</UL>
<BR>[Called By]<UL><LI><a href="#[151]">&gt;&gt;</a>&nbsp;&nbsp;&nbsp;_fp_digits
</UL>

<P><STRONG><a name="[152]"></a>__aeabi_cdrcmple</STRONG> (Thumb, 48 bytes, Stack size 0 bytes, cdrcmple.o(.text), UNUSED)
<BR><BR>[Called By]<UL><LI><a href="#[151]">&gt;&gt;</a>&nbsp;&nbsp;&nbsp;_fp_digits
</UL>

<P><STRONG><a name="[6a]"></a>__scatterload</STRONG> (Thumb, 28 bytes, Stack size 0 bytes, init.o(.text))
<BR><BR>[Calls]<UL><LI><a href="#[7a]">&gt;&gt;</a>&nbsp;&nbsp;&nbsp;__main_after_scatterload
</UL>
<BR>[Called By]<UL><LI><a href="#[69]">&gt;&gt;</a>&nbsp;&nbsp;&nbsp;_main_scatterload
</UL>

<P><STRONG><a name="[18e]"></a>__scatterload_rt2</STRONG> (Thumb, 0 bytes, Stack size 0 bytes, init.o(.text), UNUSED)

<P><STRONG><a name="[70]"></a>__aeabi_llsl</STRONG> (Thumb, 30 bytes, Stack size 0 bytes, llshl.o(.text), UNUSED)
<BR><BR>[Called By]<UL><LI><a href="#[71]">&gt;&gt;</a>&nbsp;&nbsp;&nbsp;__aeabi_dadd
<LI><a href="#[79]">&gt;&gt;</a>&nbsp;&nbsp;&nbsp;__aeabi_d2ulz
<LI><a href="#[73]">&gt;&gt;</a>&nbsp;&nbsp;&nbsp;_double_epilogue
<LI><a href="#[6e]">&gt;&gt;</a>&nbsp;&nbsp;&nbsp;__aeabi_uldivmod
</UL>

<P><STRONG><a name="[18f]"></a>__semihosting_library_function</STRONG> (Thumb, 0 bytes, Stack size 0 bytes, semi.o(.text), UNUSED)

<P><STRONG><a name="[190]"></a>_ll_shift_l</STRONG> (Thumb, 0 bytes, Stack size 0 bytes, llshl.o(.text), UNUSED)

<P><STRONG><a name="[6f]"></a>__aeabi_llsr</STRONG> (Thumb, 32 bytes, Stack size 0 bytes, llushr.o(.text), UNUSED)
<BR><BR>[Called By]<UL><LI><a href="#[79]">&gt;&gt;</a>&nbsp;&nbsp;&nbsp;__aeabi_d2ulz
<LI><a href="#[73]">&gt;&gt;</a>&nbsp;&nbsp;&nbsp;_double_epilogue
<LI><a href="#[6e]">&gt;&gt;</a>&nbsp;&nbsp;&nbsp;__aeabi_uldivmod
</UL>

<P><STRONG><a name="[191]"></a>_ll_ushift_r</STRONG> (Thumb, 0 bytes, Stack size 0 bytes, llushr.o(.text), UNUSED)

<P><STRONG><a name="[72]"></a>__aeabi_lasr</STRONG> (Thumb, 36 bytes, Stack size 0 bytes, llsshr.o(.text), UNUSED)
<BR><BR>[Called By]<UL><LI><a href="#[71]">&gt;&gt;</a>&nbsp;&nbsp;&nbsp;__aeabi_dadd
</UL>

<P><STRONG><a name="[192]"></a>_ll_sshift_r</STRONG> (Thumb, 0 bytes, Stack size 0 bytes, llsshr.o(.text), UNUSED)

<P><STRONG><a name="[193]"></a>__I$use$semihosting$fputc</STRONG> (Thumb, 0 bytes, Stack size 8 bytes, iusesemip.o(.text), UNUSED)

<P><STRONG><a name="[74]"></a>_double_round</STRONG> (Thumb, 30 bytes, Stack size 8 bytes, depilogue.o(.text), UNUSED)
<BR><BR>[Called By]<UL><LI><a href="#[78]">&gt;&gt;</a>&nbsp;&nbsp;&nbsp;__aeabi_ddiv
<LI><a href="#[71]">&gt;&gt;</a>&nbsp;&nbsp;&nbsp;__aeabi_dadd
<LI><a href="#[73]">&gt;&gt;</a>&nbsp;&nbsp;&nbsp;_double_epilogue
</UL>

<P><STRONG><a name="[73]"></a>_double_epilogue</STRONG> (Thumb, 156 bytes, Stack size 32 bytes, depilogue.o(.text), UNUSED)
<BR><BR>[Calls]<UL><LI><a href="#[6f]">&gt;&gt;</a>&nbsp;&nbsp;&nbsp;__aeabi_llsr
<LI><a href="#[70]">&gt;&gt;</a>&nbsp;&nbsp;&nbsp;__aeabi_llsl
<LI><a href="#[74]">&gt;&gt;</a>&nbsp;&nbsp;&nbsp;_double_round
</UL>
<BR>[Called By]<UL><LI><a href="#[77]">&gt;&gt;</a>&nbsp;&nbsp;&nbsp;__aeabi_dmul
<LI><a href="#[71]">&gt;&gt;</a>&nbsp;&nbsp;&nbsp;__aeabi_dadd
</UL>

<P><STRONG><a name="[7b]"></a>AD3344_Send_Data</STRONG> (Thumb, 16 bytes, Stack size 16 bytes, gd30ad3344_standard.o(i.AD3344_Send_Data))
<BR><BR>[Stack]<UL><LI>Max Depth = 24<LI>Call Chain = AD3344_Send_Data &rArr; ad3344_spi_txrx16bit
</UL>
<BR>[Calls]<UL><LI><a href="#[7c]">&gt;&gt;</a>&nbsp;&nbsp;&nbsp;ad3344_spi_txrx16bit
</UL>
<BR>[Called By]<UL><LI><a href="#[112]">&gt;&gt;</a>&nbsp;&nbsp;&nbsp;ad3344_read_data16
</UL>

<P><STRONG><a name="[147]"></a>AD3344_reg_Config</STRONG> (Thumb, 378 bytes, Stack size 0 bytes, function.o(i.AD3344_reg_Config))
<BR><BR>[Called By]<UL><LI><a href="#[141]">&gt;&gt;</a>&nbsp;&nbsp;&nbsp;UsrFunction
</UL>

<P><STRONG><a name="[7d]"></a>ADC_Init</STRONG> (Thumb, 118 bytes, Stack size 8 bytes, adc.o(i.ADC_Init))
<BR><BR>[Stack]<UL><LI>Max Depth = 36<LI>Call Chain = ADC_Init &rArr; my_dac_init &rArr; gpio_mode_set
</UL>
<BR>[Calls]<UL><LI><a href="#[87]">&gt;&gt;</a>&nbsp;&nbsp;&nbsp;delay_1ms
<LI><a href="#[82]">&gt;&gt;</a>&nbsp;&nbsp;&nbsp;adc_sync_mode_config
<LI><a href="#[83]">&gt;&gt;</a>&nbsp;&nbsp;&nbsp;adc_special_function_config
<LI><a href="#[86]">&gt;&gt;</a>&nbsp;&nbsp;&nbsp;adc_enable
<LI><a href="#[80]">&gt;&gt;</a>&nbsp;&nbsp;&nbsp;adc_deinit
<LI><a href="#[84]">&gt;&gt;</a>&nbsp;&nbsp;&nbsp;adc_data_alignment_config
<LI><a href="#[81]">&gt;&gt;</a>&nbsp;&nbsp;&nbsp;adc_clock_config
<LI><a href="#[85]">&gt;&gt;</a>&nbsp;&nbsp;&nbsp;adc_channel_length_config
<LI><a href="#[88]">&gt;&gt;</a>&nbsp;&nbsp;&nbsp;adc_calibration_enable
<LI><a href="#[7e]">&gt;&gt;</a>&nbsp;&nbsp;&nbsp;rcu_periph_clock_enable
<LI><a href="#[7f]">&gt;&gt;</a>&nbsp;&nbsp;&nbsp;gpio_mode_set
<LI><a href="#[89]">&gt;&gt;</a>&nbsp;&nbsp;&nbsp;my_dac_init
</UL>
<BR>[Called By]<UL><LI><a href="#[139]">&gt;&gt;</a>&nbsp;&nbsp;&nbsp;System_Init
</UL>

<P><STRONG><a name="[8a]"></a>ADC_Read_Channel</STRONG> (Thumb, 94 bytes, Stack size 16 bytes, adc.o(i.ADC_Read_Channel))
<BR><BR>[Stack]<UL><LI>Max Depth = 36<LI>Call Chain = ADC_Read_Channel &rArr; adc_routine_channel_config
</UL>
<BR>[Calls]<UL><LI><a href="#[8c]">&gt;&gt;</a>&nbsp;&nbsp;&nbsp;adc_software_trigger_enable
<LI><a href="#[8e]">&gt;&gt;</a>&nbsp;&nbsp;&nbsp;adc_routine_data_read
<LI><a href="#[8b]">&gt;&gt;</a>&nbsp;&nbsp;&nbsp;adc_routine_channel_config
<LI><a href="#[8d]">&gt;&gt;</a>&nbsp;&nbsp;&nbsp;adc_flag_get
<LI><a href="#[8f]">&gt;&gt;</a>&nbsp;&nbsp;&nbsp;adc_flag_clear
</UL>
<BR>[Called By]<UL><LI><a href="#[ae]">&gt;&gt;</a>&nbsp;&nbsp;&nbsp;Query_CH1
<LI><a href="#[ad]">&gt;&gt;</a>&nbsp;&nbsp;&nbsp;Query_CH0
</UL>

<P><STRONG><a name="[90]"></a>APP_HandleUpgradeRequest</STRONG> (Thumb, 118 bytes, Stack size 6656 bytes, function.o(i.APP_HandleUpgradeRequest))
<BR><BR>[Stack]<UL><LI>Max Depth = 6704<LI>Call Chain = APP_HandleUpgradeRequest &rArr; internal_flash_write_str_Char &rArr; fmc_byte_program &rArr; fmc_ready_wait
</UL>
<BR>[Calls]<UL><LI><a href="#[95]">&gt;&gt;</a>&nbsp;&nbsp;&nbsp;internal_flash_write_str_Char
<LI><a href="#[92]">&gt;&gt;</a>&nbsp;&nbsp;&nbsp;internal_flash_read_Char
<LI><a href="#[94]">&gt;&gt;</a>&nbsp;&nbsp;&nbsp;internal_flash_erase
<LI><a href="#[96]">&gt;&gt;</a>&nbsp;&nbsp;&nbsp;__set_FAULTMASK
<LI><a href="#[97]">&gt;&gt;</a>&nbsp;&nbsp;&nbsp;NVIC_SystemReset
<LI><a href="#[91]">&gt;&gt;</a>&nbsp;&nbsp;&nbsp;__aeabi_memclr4
<LI><a href="#[93]">&gt;&gt;</a>&nbsp;&nbsp;&nbsp;__aeabi_memcpy4
</UL>
<BR>[Called By]<UL><LI><a href="#[e6]">&gt;&gt;</a>&nbsp;&nbsp;&nbsp;Cmd_UpgradeRequest
</UL>

<P><STRONG><a name="[a0]"></a>Alarm_CheckAndReport</STRONG> (Thumb, 116 bytes, Stack size 112 bytes, command.o(i.Alarm_CheckAndReport))
<BR><BR>[Stack]<UL><LI>Max Depth = 440<LI>Call Chain = Alarm_CheckAndReport &rArr; Alarm_AddRecord &rArr; Alarm_WriteRecord &rArr; spi_flash_buffer_write &rArr; spi_flash_page_write &rArr; spi_flash_write_enable &rArr; spi_flash_send_byte
</UL>
<BR>[Calls]<UL><LI><a href="#[a1]">&gt;&gt;</a>&nbsp;&nbsp;&nbsp;Alarm_RecordToString
<LI><a href="#[9a]">&gt;&gt;</a>&nbsp;&nbsp;&nbsp;Alarm_ReadRecord
<LI><a href="#[98]">&gt;&gt;</a>&nbsp;&nbsp;&nbsp;Alarm_AddRecord
<LI><a href="#[a3]">&gt;&gt;</a>&nbsp;&nbsp;&nbsp;RS485_SendData
<LI><a href="#[99]">&gt;&gt;</a>&nbsp;&nbsp;&nbsp;spi_flash_buffer_read
<LI><a href="#[a2]">&gt;&gt;</a>&nbsp;&nbsp;&nbsp;strlen
</UL>
<BR>[Called By]<UL><LI><a href="#[ac]">&gt;&gt;</a>&nbsp;&nbsp;&nbsp;Cmd_AutoReportTick
</UL>

<P><STRONG><a name="[ed]"></a>Baudrate_CodeToValue</STRONG> (Thumb, 50 bytes, Stack size 0 bytes, usart1.o(i.Baudrate_CodeToValue))
<BR><BR>[Called By]<UL><LI><a href="#[139]">&gt;&gt;</a>&nbsp;&nbsp;&nbsp;System_Init
<LI><a href="#[d3]">&gt;&gt;</a>&nbsp;&nbsp;&nbsp;Cmd_SetBaudrate
</UL>

<P><STRONG><a name="[a4]"></a>BeBytesToFloat</STRONG> (Thumb, 32 bytes, Stack size 8 bytes, adc.o(i.BeBytesToFloat))
<BR><BR>[Stack]<UL><LI>Max Depth = 8<LI>Call Chain = BeBytesToFloat
</UL>
<BR>[Called By]<UL><LI><a href="#[9a]">&gt;&gt;</a>&nbsp;&nbsp;&nbsp;Alarm_ReadRecord
<LI><a href="#[139]">&gt;&gt;</a>&nbsp;&nbsp;&nbsp;System_Init
<LI><a href="#[e5]">&gt;&gt;</a>&nbsp;&nbsp;&nbsp;Cmd_WriteCh2Threshold
<LI><a href="#[e4]">&gt;&gt;</a>&nbsp;&nbsp;&nbsp;Cmd_WriteCh1Threshold
<LI><a href="#[e3]">&gt;&gt;</a>&nbsp;&nbsp;&nbsp;Cmd_WriteCh0Threshold
<LI><a href="#[da]">&gt;&gt;</a>&nbsp;&nbsp;&nbsp;Cmd_SetCh1Ratio
<LI><a href="#[d9]">&gt;&gt;</a>&nbsp;&nbsp;&nbsp;Cmd_SetCh0Ratio
</UL>

<P><STRONG><a name="[4]"></a>BusFault_Handler</STRONG> (Thumb, 4 bytes, Stack size 0 bytes, gd32f4xx_it.o(i.BusFault_Handler))
<BR>[Address Reference Count : 1]<UL><LI> startup_gd32f450_470.o(RESET)
</UL>
<P><STRONG><a name="[10d]"></a>CRC16_Modbus</STRONG> (Thumb, 58 bytes, Stack size 12 bytes, protocol.o(i.CRC16_Modbus))
<BR><BR>[Stack]<UL><LI>Max Depth = 12<LI>Call Chain = CRC16_Modbus
</UL>
<BR>[Called By]<UL><LI><a href="#[10f]">&gt;&gt;</a>&nbsp;&nbsp;&nbsp;Protocol_SendFrame
<LI><a href="#[109]">&gt;&gt;</a>&nbsp;&nbsp;&nbsp;Protocol_ParseFrame
</UL>

<P><STRONG><a name="[ac]"></a>Cmd_AutoReportTick</STRONG> (Thumb, 178 bytes, Stack size 24 bytes, command.o(i.Cmd_AutoReportTick))
<BR><BR>[Stack]<UL><LI>Max Depth = 1072<LI>Call Chain = Cmd_AutoReportTick &rArr; SendAutoReportFrame &rArr; Protocol_SendAck &rArr; Protocol_SendFrame &rArr; BytesToAscii
</UL>
<BR>[Calls]<UL><LI><a href="#[b0]">&gt;&gt;</a>&nbsp;&nbsp;&nbsp;SendAutoReportFrame
<LI><a href="#[af]">&gt;&gt;</a>&nbsp;&nbsp;&nbsp;Query_CH2
<LI><a href="#[ae]">&gt;&gt;</a>&nbsp;&nbsp;&nbsp;Query_CH1
<LI><a href="#[ad]">&gt;&gt;</a>&nbsp;&nbsp;&nbsp;Query_CH0
<LI><a href="#[a0]">&gt;&gt;</a>&nbsp;&nbsp;&nbsp;Alarm_CheckAndReport
</UL>
<BR>[Called By]<UL><LI><a href="#[41]">&gt;&gt;</a>&nbsp;&nbsp;&nbsp;TIMER6_IRQHandler
</UL>

<P><STRONG><a name="[b1]"></a>Cmd_BroadcastFind</STRONG> (Thumb, 14 bytes, Stack size 8 bytes, command.o(i.Cmd_BroadcastFind))
<BR><BR>[Stack]<UL><LI>Max Depth = 1000<LI>Call Chain = Cmd_BroadcastFind &rArr; Protocol_SendHeartbeat &rArr; Protocol_SendFrame &rArr; BytesToAscii
</UL>
<BR>[Calls]<UL><LI><a href="#[b2]">&gt;&gt;</a>&nbsp;&nbsp;&nbsp;Protocol_SendHeartbeat
</UL>
<BR>[Called By]<UL><LI><a href="#[cb]">&gt;&gt;</a>&nbsp;&nbsp;&nbsp;Cmd_ProcessFrame
</UL>

<P><STRONG><a name="[b3]"></a>Cmd_ClearAlarmRecord</STRONG> (Thumb, 78 bytes, Stack size 16 bytes, command.o(i.Cmd_ClearAlarmRecord))
<BR><BR>[Stack]<UL><LI>Max Depth = 1032<LI>Call Chain = Cmd_ClearAlarmRecord &rArr; Cmd_SendOkAck &rArr; Protocol_SendAck &rArr; Protocol_SendFrame &rArr; BytesToAscii
</UL>
<BR>[Calls]<UL><LI><a href="#[b4]">&gt;&gt;</a>&nbsp;&nbsp;&nbsp;Cmd_SendOkAck
<LI><a href="#[87]">&gt;&gt;</a>&nbsp;&nbsp;&nbsp;delay_1ms
<LI><a href="#[9d]">&gt;&gt;</a>&nbsp;&nbsp;&nbsp;spi_flash_sector_erase
<LI><a href="#[9e]">&gt;&gt;</a>&nbsp;&nbsp;&nbsp;spi_flash_buffer_write
<LI><a href="#[99]">&gt;&gt;</a>&nbsp;&nbsp;&nbsp;spi_flash_buffer_read
</UL>
<BR>[Called By]<UL><LI><a href="#[cb]">&gt;&gt;</a>&nbsp;&nbsp;&nbsp;Cmd_ProcessFrame
</UL>

<P><STRONG><a name="[b5]"></a>Cmd_DeviceReboot</STRONG> (Thumb, 16 bytes, Stack size 8 bytes, command.o(i.Cmd_DeviceReboot))
<BR><BR>[Stack]<UL><LI>Max Depth = 1024<LI>Call Chain = Cmd_DeviceReboot &rArr; Cmd_SendOkAck &rArr; Protocol_SendAck &rArr; Protocol_SendFrame &rArr; BytesToAscii
</UL>
<BR>[Calls]<UL><LI><a href="#[b4]">&gt;&gt;</a>&nbsp;&nbsp;&nbsp;Cmd_SendOkAck
<LI><a href="#[b6]">&gt;&gt;</a>&nbsp;&nbsp;&nbsp;mcu_software_reset
</UL>
<BR>[Called By]<UL><LI><a href="#[cb]">&gt;&gt;</a>&nbsp;&nbsp;&nbsp;Cmd_ProcessFrame
</UL>

<P><STRONG><a name="[b7]"></a>Cmd_EnterSleep</STRONG> (Thumb, 232 bytes, Stack size 32 bytes, command.o(i.Cmd_EnterSleep))
<BR><BR>[Stack]<UL><LI>Max Depth = 1048<LI>Call Chain = Cmd_EnterSleep &rArr; Cmd_SendOkAck &rArr; Protocol_SendAck &rArr; Protocol_SendFrame &rArr; BytesToAscii
</UL>
<BR>[Calls]<UL><LI><a href="#[bd]">&gt;&gt;</a>&nbsp;&nbsp;&nbsp;rcu_config
<LI><a href="#[b4]">&gt;&gt;</a>&nbsp;&nbsp;&nbsp;Cmd_SendOkAck
<LI><a href="#[a3]">&gt;&gt;</a>&nbsp;&nbsp;&nbsp;RS485_SendData
<LI><a href="#[87]">&gt;&gt;</a>&nbsp;&nbsp;&nbsp;delay_1ms
<LI><a href="#[c5]">&gt;&gt;</a>&nbsp;&nbsp;&nbsp;usart_interrupt_enable
<LI><a href="#[bb]">&gt;&gt;</a>&nbsp;&nbsp;&nbsp;usart_interrupt_disable
<LI><a href="#[c3]">&gt;&gt;</a>&nbsp;&nbsp;&nbsp;usart_enable
<LI><a href="#[c2]">&gt;&gt;</a>&nbsp;&nbsp;&nbsp;usart_disable
<LI><a href="#[bf]">&gt;&gt;</a>&nbsp;&nbsp;&nbsp;rtc_flag_clear
<LI><a href="#[be]">&gt;&gt;</a>&nbsp;&nbsp;&nbsp;rtc_alarm_disable
<LI><a href="#[7e]">&gt;&gt;</a>&nbsp;&nbsp;&nbsp;rcu_periph_clock_enable
<LI><a href="#[bc]">&gt;&gt;</a>&nbsp;&nbsp;&nbsp;pmu_to_deepsleepmode
<LI><a href="#[c4]">&gt;&gt;</a>&nbsp;&nbsp;&nbsp;nvic_irq_enable
<LI><a href="#[b8]">&gt;&gt;</a>&nbsp;&nbsp;&nbsp;gpio_bit_reset
<LI><a href="#[c6]">&gt;&gt;</a>&nbsp;&nbsp;&nbsp;fwdgt_counter_reload
<LI><a href="#[c0]">&gt;&gt;</a>&nbsp;&nbsp;&nbsp;exti_interrupt_flag_clear
<LI><a href="#[c1]">&gt;&gt;</a>&nbsp;&nbsp;&nbsp;exti_flag_clear
<LI><a href="#[ba]">&gt;&gt;</a>&nbsp;&nbsp;&nbsp;RTC_SetAlarmA
<LI><a href="#[9b]">&gt;&gt;</a>&nbsp;&nbsp;&nbsp;RTC_GetDateTime
<LI><a href="#[b9]">&gt;&gt;</a>&nbsp;&nbsp;&nbsp;OLED_Clear
</UL>
<BR>[Called By]<UL><LI><a href="#[cb]">&gt;&gt;</a>&nbsp;&nbsp;&nbsp;Cmd_ProcessFrame
</UL>

<P><STRONG><a name="[c7]"></a>Cmd_ExecuteUpgrade</STRONG> (Thumb, 24 bytes, Stack size 16 bytes, command.o(i.Cmd_ExecuteUpgrade))
<BR><BR>[Stack]<UL><LI>Max Depth = 1016<LI>Call Chain = Cmd_ExecuteUpgrade &rArr; Protocol_SendAck &rArr; Protocol_SendFrame &rArr; BytesToAscii
</UL>
<BR>[Calls]<UL><LI><a href="#[c8]">&gt;&gt;</a>&nbsp;&nbsp;&nbsp;Protocol_SendAck
</UL>
<BR>[Called By]<UL><LI><a href="#[cb]">&gt;&gt;</a>&nbsp;&nbsp;&nbsp;Cmd_ProcessFrame
</UL>

<P><STRONG><a name="[c9]"></a>Cmd_FactoryReset</STRONG> (Thumb, 12 bytes, Stack size 8 bytes, command.o(i.Cmd_FactoryReset))
<BR><BR>[Stack]<UL><LI>Max Depth = 1024<LI>Call Chain = Cmd_FactoryReset &rArr; Cmd_SendOkAck &rArr; Protocol_SendAck &rArr; Protocol_SendFrame &rArr; BytesToAscii
</UL>
<BR>[Calls]<UL><LI><a href="#[b4]">&gt;&gt;</a>&nbsp;&nbsp;&nbsp;Cmd_SendOkAck
</UL>
<BR>[Called By]<UL><LI><a href="#[cb]">&gt;&gt;</a>&nbsp;&nbsp;&nbsp;Cmd_ProcessFrame
</UL>

<P><STRONG><a name="[e9]"></a>Cmd_Heartbeat</STRONG> (Thumb, 2 bytes, Stack size 0 bytes, command.o(i.Cmd_Heartbeat))
<BR><BR>[Called By]<UL><LI><a href="#[cb]">&gt;&gt;</a>&nbsp;&nbsp;&nbsp;Cmd_ProcessFrame
</UL>

<P><STRONG><a name="[ca]"></a>Cmd_PrepareFirmware</STRONG> (Thumb, 24 bytes, Stack size 16 bytes, command.o(i.Cmd_PrepareFirmware))
<BR><BR>[Stack]<UL><LI>Max Depth = 1016<LI>Call Chain = Cmd_PrepareFirmware &rArr; Protocol_SendAck &rArr; Protocol_SendFrame &rArr; BytesToAscii
</UL>
<BR>[Calls]<UL><LI><a href="#[c8]">&gt;&gt;</a>&nbsp;&nbsp;&nbsp;Protocol_SendAck
</UL>
<BR>[Called By]<UL><LI><a href="#[cb]">&gt;&gt;</a>&nbsp;&nbsp;&nbsp;Cmd_ProcessFrame
</UL>

<P><STRONG><a name="[cb]"></a>Cmd_ProcessFrame</STRONG> (Thumb, 624 bytes, Stack size 8 bytes, command.o(i.Cmd_ProcessFrame))
<BR><BR>[Stack]<UL><LI>Max Depth = 6728<LI>Call Chain = Cmd_ProcessFrame &rArr; Cmd_UpgradeRequest &rArr; APP_HandleUpgradeRequest &rArr; internal_flash_write_str_Char &rArr; fmc_byte_program &rArr; fmc_ready_wait
</UL>
<BR>[Calls]<UL><LI><a href="#[cd]">&gt;&gt;</a>&nbsp;&nbsp;&nbsp;Protocol_SendErrorFrame
<LI><a href="#[e5]">&gt;&gt;</a>&nbsp;&nbsp;&nbsp;Cmd_WriteCh2Threshold
<LI><a href="#[e4]">&gt;&gt;</a>&nbsp;&nbsp;&nbsp;Cmd_WriteCh1Threshold
<LI><a href="#[e3]">&gt;&gt;</a>&nbsp;&nbsp;&nbsp;Cmd_WriteCh0Threshold
<LI><a href="#[e6]">&gt;&gt;</a>&nbsp;&nbsp;&nbsp;Cmd_UpgradeRequest
<LI><a href="#[de]">&gt;&gt;</a>&nbsp;&nbsp;&nbsp;Cmd_StopAutoReport
<LI><a href="#[dd]">&gt;&gt;</a>&nbsp;&nbsp;&nbsp;Cmd_StartAutoReport
<LI><a href="#[d0]">&gt;&gt;</a>&nbsp;&nbsp;&nbsp;Cmd_SetTime
<LI><a href="#[db]">&gt;&gt;</a>&nbsp;&nbsp;&nbsp;Cmd_SetReportInterval
<LI><a href="#[d2]">&gt;&gt;</a>&nbsp;&nbsp;&nbsp;Cmd_SetDeviceID
<LI><a href="#[dc]">&gt;&gt;</a>&nbsp;&nbsp;&nbsp;Cmd_SetDacOutput
<LI><a href="#[da]">&gt;&gt;</a>&nbsp;&nbsp;&nbsp;Cmd_SetCh1Ratio
<LI><a href="#[d9]">&gt;&gt;</a>&nbsp;&nbsp;&nbsp;Cmd_SetCh0Ratio
<LI><a href="#[d3]">&gt;&gt;</a>&nbsp;&nbsp;&nbsp;Cmd_SetBaudrate
<LI><a href="#[e7]">&gt;&gt;</a>&nbsp;&nbsp;&nbsp;Cmd_SetAlarmMode
<LI><a href="#[df]">&gt;&gt;</a>&nbsp;&nbsp;&nbsp;Cmd_ReadThresholds
<LI><a href="#[e2]">&gt;&gt;</a>&nbsp;&nbsp;&nbsp;Cmd_ReadCh2Threshold
<LI><a href="#[e1]">&gt;&gt;</a>&nbsp;&nbsp;&nbsp;Cmd_ReadCh1Threshold
<LI><a href="#[e0]">&gt;&gt;</a>&nbsp;&nbsp;&nbsp;Cmd_ReadCh0Threshold
<LI><a href="#[d1]">&gt;&gt;</a>&nbsp;&nbsp;&nbsp;Cmd_QueryTime
<LI><a href="#[cf]">&gt;&gt;</a>&nbsp;&nbsp;&nbsp;Cmd_QueryFwVersion
<LI><a href="#[ce]">&gt;&gt;</a>&nbsp;&nbsp;&nbsp;Cmd_QueryDeviceInfo
<LI><a href="#[d4]">&gt;&gt;</a>&nbsp;&nbsp;&nbsp;Cmd_QueryDeviceID
<LI><a href="#[d8]">&gt;&gt;</a>&nbsp;&nbsp;&nbsp;Cmd_QueryCh2Pt100
<LI><a href="#[d7]">&gt;&gt;</a>&nbsp;&nbsp;&nbsp;Cmd_QueryCh1
<LI><a href="#[d6]">&gt;&gt;</a>&nbsp;&nbsp;&nbsp;Cmd_QueryCh0
<LI><a href="#[d5]">&gt;&gt;</a>&nbsp;&nbsp;&nbsp;Cmd_QueryBaudrate
<LI><a href="#[e8]">&gt;&gt;</a>&nbsp;&nbsp;&nbsp;Cmd_QueryAlarmRecord
<LI><a href="#[ca]">&gt;&gt;</a>&nbsp;&nbsp;&nbsp;Cmd_PrepareFirmware
<LI><a href="#[e9]">&gt;&gt;</a>&nbsp;&nbsp;&nbsp;Cmd_Heartbeat
<LI><a href="#[c9]">&gt;&gt;</a>&nbsp;&nbsp;&nbsp;Cmd_FactoryReset
<LI><a href="#[c7]">&gt;&gt;</a>&nbsp;&nbsp;&nbsp;Cmd_ExecuteUpgrade
<LI><a href="#[b7]">&gt;&gt;</a>&nbsp;&nbsp;&nbsp;Cmd_EnterSleep
<LI><a href="#[b5]">&gt;&gt;</a>&nbsp;&nbsp;&nbsp;Cmd_DeviceReboot
<LI><a href="#[b3]">&gt;&gt;</a>&nbsp;&nbsp;&nbsp;Cmd_ClearAlarmRecord
<LI><a href="#[b1]">&gt;&gt;</a>&nbsp;&nbsp;&nbsp;Cmd_BroadcastFind
<LI><a href="#[cc]">&gt;&gt;</a>&nbsp;&nbsp;&nbsp;__2printf
</UL>
<BR>[Called By]<UL><LI><a href="#[141]">&gt;&gt;</a>&nbsp;&nbsp;&nbsp;UsrFunction
</UL>

<P><STRONG><a name="[e8]"></a>Cmd_QueryAlarmRecord</STRONG> (Thumb, 114 bytes, Stack size 104 bytes, command.o(i.Cmd_QueryAlarmRecord))
<BR><BR>[Stack]<UL><LI>Max Depth = 240<LI>Call Chain = Cmd_QueryAlarmRecord &rArr; Alarm_RecordToString &rArr; UnixToDateTime
</UL>
<BR>[Calls]<UL><LI><a href="#[a1]">&gt;&gt;</a>&nbsp;&nbsp;&nbsp;Alarm_RecordToString
<LI><a href="#[9a]">&gt;&gt;</a>&nbsp;&nbsp;&nbsp;Alarm_ReadRecord
<LI><a href="#[a3]">&gt;&gt;</a>&nbsp;&nbsp;&nbsp;RS485_SendData
<LI><a href="#[87]">&gt;&gt;</a>&nbsp;&nbsp;&nbsp;delay_1ms
<LI><a href="#[99]">&gt;&gt;</a>&nbsp;&nbsp;&nbsp;spi_flash_buffer_read
<LI><a href="#[a2]">&gt;&gt;</a>&nbsp;&nbsp;&nbsp;strlen
</UL>
<BR>[Called By]<UL><LI><a href="#[cb]">&gt;&gt;</a>&nbsp;&nbsp;&nbsp;Cmd_ProcessFrame
</UL>

<P><STRONG><a name="[d5]"></a>Cmd_QueryBaudrate</STRONG> (Thumb, 30 bytes, Stack size 8 bytes, command.o(i.Cmd_QueryBaudrate))
<BR><BR>[Stack]<UL><LI>Max Depth = 1008<LI>Call Chain = Cmd_QueryBaudrate &rArr; Protocol_SendAck &rArr; Protocol_SendFrame &rArr; BytesToAscii
</UL>
<BR>[Calls]<UL><LI><a href="#[c8]">&gt;&gt;</a>&nbsp;&nbsp;&nbsp;Protocol_SendAck
<LI><a href="#[99]">&gt;&gt;</a>&nbsp;&nbsp;&nbsp;spi_flash_buffer_read
</UL>
<BR>[Called By]<UL><LI><a href="#[cb]">&gt;&gt;</a>&nbsp;&nbsp;&nbsp;Cmd_ProcessFrame
</UL>

<P><STRONG><a name="[d6]"></a>Cmd_QueryCh0</STRONG> (Thumb, 46 bytes, Stack size 24 bytes, command.o(i.Cmd_QueryCh0))
<BR><BR>[Stack]<UL><LI>Max Depth = 1024<LI>Call Chain = Cmd_QueryCh0 &rArr; Protocol_SendAck &rArr; Protocol_SendFrame &rArr; BytesToAscii
</UL>
<BR>[Calls]<UL><LI><a href="#[c8]">&gt;&gt;</a>&nbsp;&nbsp;&nbsp;Protocol_SendAck
<LI><a href="#[ad]">&gt;&gt;</a>&nbsp;&nbsp;&nbsp;Query_CH0
<LI><a href="#[a8]">&gt;&gt;</a>&nbsp;&nbsp;&nbsp;FloatToBeBytes
</UL>
<BR>[Called By]<UL><LI><a href="#[cb]">&gt;&gt;</a>&nbsp;&nbsp;&nbsp;Cmd_ProcessFrame
</UL>

<P><STRONG><a name="[d7]"></a>Cmd_QueryCh1</STRONG> (Thumb, 46 bytes, Stack size 24 bytes, command.o(i.Cmd_QueryCh1))
<BR><BR>[Stack]<UL><LI>Max Depth = 1024<LI>Call Chain = Cmd_QueryCh1 &rArr; Protocol_SendAck &rArr; Protocol_SendFrame &rArr; BytesToAscii
</UL>
<BR>[Calls]<UL><LI><a href="#[c8]">&gt;&gt;</a>&nbsp;&nbsp;&nbsp;Protocol_SendAck
<LI><a href="#[ae]">&gt;&gt;</a>&nbsp;&nbsp;&nbsp;Query_CH1
<LI><a href="#[a8]">&gt;&gt;</a>&nbsp;&nbsp;&nbsp;FloatToBeBytes
</UL>
<BR>[Called By]<UL><LI><a href="#[cb]">&gt;&gt;</a>&nbsp;&nbsp;&nbsp;Cmd_ProcessFrame
</UL>

<P><STRONG><a name="[d8]"></a>Cmd_QueryCh2Pt100</STRONG> (Thumb, 46 bytes, Stack size 24 bytes, command.o(i.Cmd_QueryCh2Pt100))
<BR><BR>[Stack]<UL><LI>Max Depth = 1024<LI>Call Chain = Cmd_QueryCh2Pt100 &rArr; Protocol_SendAck &rArr; Protocol_SendFrame &rArr; BytesToAscii
</UL>
<BR>[Calls]<UL><LI><a href="#[c8]">&gt;&gt;</a>&nbsp;&nbsp;&nbsp;Protocol_SendAck
<LI><a href="#[af]">&gt;&gt;</a>&nbsp;&nbsp;&nbsp;Query_CH2
<LI><a href="#[a8]">&gt;&gt;</a>&nbsp;&nbsp;&nbsp;FloatToBeBytes
</UL>
<BR>[Called By]<UL><LI><a href="#[cb]">&gt;&gt;</a>&nbsp;&nbsp;&nbsp;Cmd_ProcessFrame
</UL>

<P><STRONG><a name="[d4]"></a>Cmd_QueryDeviceID</STRONG> (Thumb, 30 bytes, Stack size 16 bytes, command.o(i.Cmd_QueryDeviceID))
<BR><BR>[Stack]<UL><LI>Max Depth = 1016<LI>Call Chain = Cmd_QueryDeviceID &rArr; Protocol_SendAck &rArr; Protocol_SendFrame &rArr; BytesToAscii
</UL>
<BR>[Calls]<UL><LI><a href="#[c8]">&gt;&gt;</a>&nbsp;&nbsp;&nbsp;Protocol_SendAck
<LI><a href="#[99]">&gt;&gt;</a>&nbsp;&nbsp;&nbsp;spi_flash_buffer_read
</UL>
<BR>[Called By]<UL><LI><a href="#[cb]">&gt;&gt;</a>&nbsp;&nbsp;&nbsp;Cmd_ProcessFrame
</UL>

<P><STRONG><a name="[ce]"></a>Cmd_QueryDeviceInfo</STRONG> (Thumb, 12 bytes, Stack size 8 bytes, command.o(i.Cmd_QueryDeviceInfo))
<BR><BR>[Stack]<UL><LI>Max Depth = 1024<LI>Call Chain = Cmd_QueryDeviceInfo &rArr; Cmd_SendOkAck &rArr; Protocol_SendAck &rArr; Protocol_SendFrame &rArr; BytesToAscii
</UL>
<BR>[Calls]<UL><LI><a href="#[b4]">&gt;&gt;</a>&nbsp;&nbsp;&nbsp;Cmd_SendOkAck
</UL>
<BR>[Called By]<UL><LI><a href="#[cb]">&gt;&gt;</a>&nbsp;&nbsp;&nbsp;Cmd_ProcessFrame
</UL>

<P><STRONG><a name="[cf]"></a>Cmd_QueryFwVersion</STRONG> (Thumb, 36 bytes, Stack size 16 bytes, command.o(i.Cmd_QueryFwVersion))
<BR><BR>[Stack]<UL><LI>Max Depth = 1016<LI>Call Chain = Cmd_QueryFwVersion &rArr; Protocol_SendAck &rArr; Protocol_SendFrame &rArr; BytesToAscii
</UL>
<BR>[Calls]<UL><LI><a href="#[c8]">&gt;&gt;</a>&nbsp;&nbsp;&nbsp;Protocol_SendAck
<LI><a href="#[eb]">&gt;&gt;</a>&nbsp;&nbsp;&nbsp;spi_flash_read_version
<LI><a href="#[ea]">&gt;&gt;</a>&nbsp;&nbsp;&nbsp;gpio_bit_set
</UL>
<BR>[Called By]<UL><LI><a href="#[cb]">&gt;&gt;</a>&nbsp;&nbsp;&nbsp;Cmd_ProcessFrame
</UL>

<P><STRONG><a name="[d1]"></a>Cmd_QueryTime</STRONG> (Thumb, 190 bytes, Stack size 32 bytes, command.o(i.Cmd_QueryTime))
<BR><BR>[Stack]<UL><LI>Max Depth = 1032<LI>Call Chain = Cmd_QueryTime &rArr; Protocol_SendAck &rArr; Protocol_SendFrame &rArr; BytesToAscii
</UL>
<BR>[Calls]<UL><LI><a href="#[ec]">&gt;&gt;</a>&nbsp;&nbsp;&nbsp;Protocol_SendError
<LI><a href="#[c8]">&gt;&gt;</a>&nbsp;&nbsp;&nbsp;Protocol_SendAck
<LI><a href="#[9b]">&gt;&gt;</a>&nbsp;&nbsp;&nbsp;RTC_GetDateTime
<LI><a href="#[9c]">&gt;&gt;</a>&nbsp;&nbsp;&nbsp;DateTimeToUnix
</UL>
<BR>[Called By]<UL><LI><a href="#[cb]">&gt;&gt;</a>&nbsp;&nbsp;&nbsp;Cmd_ProcessFrame
</UL>

<P><STRONG><a name="[e0]"></a>Cmd_ReadCh0Threshold</STRONG> (Thumb, 32 bytes, Stack size 16 bytes, command.o(i.Cmd_ReadCh0Threshold))
<BR><BR>[Stack]<UL><LI>Max Depth = 1016<LI>Call Chain = Cmd_ReadCh0Threshold &rArr; Protocol_SendAck &rArr; Protocol_SendFrame &rArr; BytesToAscii
</UL>
<BR>[Calls]<UL><LI><a href="#[c8]">&gt;&gt;</a>&nbsp;&nbsp;&nbsp;Protocol_SendAck
<LI><a href="#[a8]">&gt;&gt;</a>&nbsp;&nbsp;&nbsp;FloatToBeBytes
</UL>
<BR>[Called By]<UL><LI><a href="#[cb]">&gt;&gt;</a>&nbsp;&nbsp;&nbsp;Cmd_ProcessFrame
</UL>

<P><STRONG><a name="[e1]"></a>Cmd_ReadCh1Threshold</STRONG> (Thumb, 32 bytes, Stack size 16 bytes, command.o(i.Cmd_ReadCh1Threshold))
<BR><BR>[Stack]<UL><LI>Max Depth = 1016<LI>Call Chain = Cmd_ReadCh1Threshold &rArr; Protocol_SendAck &rArr; Protocol_SendFrame &rArr; BytesToAscii
</UL>
<BR>[Calls]<UL><LI><a href="#[c8]">&gt;&gt;</a>&nbsp;&nbsp;&nbsp;Protocol_SendAck
<LI><a href="#[a8]">&gt;&gt;</a>&nbsp;&nbsp;&nbsp;FloatToBeBytes
</UL>
<BR>[Called By]<UL><LI><a href="#[cb]">&gt;&gt;</a>&nbsp;&nbsp;&nbsp;Cmd_ProcessFrame
</UL>

<P><STRONG><a name="[e2]"></a>Cmd_ReadCh2Threshold</STRONG> (Thumb, 32 bytes, Stack size 16 bytes, command.o(i.Cmd_ReadCh2Threshold))
<BR><BR>[Stack]<UL><LI>Max Depth = 1016<LI>Call Chain = Cmd_ReadCh2Threshold &rArr; Protocol_SendAck &rArr; Protocol_SendFrame &rArr; BytesToAscii
</UL>
<BR>[Calls]<UL><LI><a href="#[c8]">&gt;&gt;</a>&nbsp;&nbsp;&nbsp;Protocol_SendAck
<LI><a href="#[a8]">&gt;&gt;</a>&nbsp;&nbsp;&nbsp;FloatToBeBytes
</UL>
<BR>[Called By]<UL><LI><a href="#[cb]">&gt;&gt;</a>&nbsp;&nbsp;&nbsp;Cmd_ProcessFrame
</UL>

<P><STRONG><a name="[df]"></a>Cmd_ReadThresholds</STRONG> (Thumb, 42 bytes, Stack size 16 bytes, command.o(i.Cmd_ReadThresholds))
<BR><BR>[Stack]<UL><LI>Max Depth = 1016<LI>Call Chain = Cmd_ReadThresholds &rArr; Protocol_SendAck &rArr; Protocol_SendFrame &rArr; BytesToAscii
</UL>
<BR>[Calls]<UL><LI><a href="#[c8]">&gt;&gt;</a>&nbsp;&nbsp;&nbsp;Protocol_SendAck
<LI><a href="#[a8]">&gt;&gt;</a>&nbsp;&nbsp;&nbsp;FloatToBeBytes
</UL>
<BR>[Called By]<UL><LI><a href="#[cb]">&gt;&gt;</a>&nbsp;&nbsp;&nbsp;Cmd_ProcessFrame
</UL>

<P><STRONG><a name="[e7]"></a>Cmd_SetAlarmMode</STRONG> (Thumb, 216 bytes, Stack size 184 bytes, command.o(i.Cmd_SetAlarmMode))
<BR><BR>[Stack]<UL><LI>Max Depth = 1200<LI>Call Chain = Cmd_SetAlarmMode &rArr; Cmd_SendOkAck &rArr; Protocol_SendAck &rArr; Protocol_SendFrame &rArr; BytesToAscii
</UL>
<BR>[Calls]<UL><LI><a href="#[b4]">&gt;&gt;</a>&nbsp;&nbsp;&nbsp;Cmd_SendOkAck
<LI><a href="#[9f]">&gt;&gt;</a>&nbsp;&nbsp;&nbsp;Alarm_WriteRecord
<LI><a href="#[9a]">&gt;&gt;</a>&nbsp;&nbsp;&nbsp;Alarm_ReadRecord
<LI><a href="#[ec]">&gt;&gt;</a>&nbsp;&nbsp;&nbsp;Protocol_SendError
<LI><a href="#[87]">&gt;&gt;</a>&nbsp;&nbsp;&nbsp;delay_1ms
<LI><a href="#[9d]">&gt;&gt;</a>&nbsp;&nbsp;&nbsp;spi_flash_sector_erase
<LI><a href="#[9e]">&gt;&gt;</a>&nbsp;&nbsp;&nbsp;spi_flash_buffer_write
<LI><a href="#[99]">&gt;&gt;</a>&nbsp;&nbsp;&nbsp;spi_flash_buffer_read
</UL>
<BR>[Called By]<UL><LI><a href="#[cb]">&gt;&gt;</a>&nbsp;&nbsp;&nbsp;Cmd_ProcessFrame
</UL>

<P><STRONG><a name="[d3]"></a>Cmd_SetBaudrate</STRONG> (Thumb, 236 bytes, Stack size 32 bytes, command.o(i.Cmd_SetBaudrate))
<BR><BR>[Stack]<UL><LI>Max Depth = 1048<LI>Call Chain = Cmd_SetBaudrate &rArr; Cmd_SendOkAck &rArr; Protocol_SendAck &rArr; Protocol_SendFrame &rArr; BytesToAscii
</UL>
<BR>[Calls]<UL><LI><a href="#[b4]">&gt;&gt;</a>&nbsp;&nbsp;&nbsp;Cmd_SendOkAck
<LI><a href="#[ec]">&gt;&gt;</a>&nbsp;&nbsp;&nbsp;Protocol_SendError
<LI><a href="#[87]">&gt;&gt;</a>&nbsp;&nbsp;&nbsp;delay_1ms
<LI><a href="#[9d]">&gt;&gt;</a>&nbsp;&nbsp;&nbsp;spi_flash_sector_erase
<LI><a href="#[9e]">&gt;&gt;</a>&nbsp;&nbsp;&nbsp;spi_flash_buffer_write
<LI><a href="#[99]">&gt;&gt;</a>&nbsp;&nbsp;&nbsp;spi_flash_buffer_read
<LI><a href="#[ee]">&gt;&gt;</a>&nbsp;&nbsp;&nbsp;RS485_ReInit
<LI><a href="#[ed]">&gt;&gt;</a>&nbsp;&nbsp;&nbsp;Baudrate_CodeToValue
</UL>
<BR>[Called By]<UL><LI><a href="#[cb]">&gt;&gt;</a>&nbsp;&nbsp;&nbsp;Cmd_ProcessFrame
</UL>

<P><STRONG><a name="[d9]"></a>Cmd_SetCh0Ratio</STRONG> (Thumb, 214 bytes, Stack size 32 bytes, command.o(i.Cmd_SetCh0Ratio))
<BR><BR>[Stack]<UL><LI>Max Depth = 1048<LI>Call Chain = Cmd_SetCh0Ratio &rArr; Cmd_SendOkAck &rArr; Protocol_SendAck &rArr; Protocol_SendFrame &rArr; BytesToAscii
</UL>
<BR>[Calls]<UL><LI><a href="#[b4]">&gt;&gt;</a>&nbsp;&nbsp;&nbsp;Cmd_SendOkAck
<LI><a href="#[ec]">&gt;&gt;</a>&nbsp;&nbsp;&nbsp;Protocol_SendError
<LI><a href="#[87]">&gt;&gt;</a>&nbsp;&nbsp;&nbsp;delay_1ms
<LI><a href="#[9d]">&gt;&gt;</a>&nbsp;&nbsp;&nbsp;spi_flash_sector_erase
<LI><a href="#[9e]">&gt;&gt;</a>&nbsp;&nbsp;&nbsp;spi_flash_buffer_write
<LI><a href="#[99]">&gt;&gt;</a>&nbsp;&nbsp;&nbsp;spi_flash_buffer_read
<LI><a href="#[a4]">&gt;&gt;</a>&nbsp;&nbsp;&nbsp;BeBytesToFloat
</UL>
<BR>[Called By]<UL><LI><a href="#[cb]">&gt;&gt;</a>&nbsp;&nbsp;&nbsp;Cmd_ProcessFrame
</UL>

<P><STRONG><a name="[da]"></a>Cmd_SetCh1Ratio</STRONG> (Thumb, 240 bytes, Stack size 32 bytes, command.o(i.Cmd_SetCh1Ratio))
<BR><BR>[Stack]<UL><LI>Max Depth = 1048<LI>Call Chain = Cmd_SetCh1Ratio &rArr; Cmd_SendOkAck &rArr; Protocol_SendAck &rArr; Protocol_SendFrame &rArr; BytesToAscii
</UL>
<BR>[Calls]<UL><LI><a href="#[b4]">&gt;&gt;</a>&nbsp;&nbsp;&nbsp;Cmd_SendOkAck
<LI><a href="#[ec]">&gt;&gt;</a>&nbsp;&nbsp;&nbsp;Protocol_SendError
<LI><a href="#[87]">&gt;&gt;</a>&nbsp;&nbsp;&nbsp;delay_1ms
<LI><a href="#[9d]">&gt;&gt;</a>&nbsp;&nbsp;&nbsp;spi_flash_sector_erase
<LI><a href="#[9e]">&gt;&gt;</a>&nbsp;&nbsp;&nbsp;spi_flash_buffer_write
<LI><a href="#[99]">&gt;&gt;</a>&nbsp;&nbsp;&nbsp;spi_flash_buffer_read
<LI><a href="#[a4]">&gt;&gt;</a>&nbsp;&nbsp;&nbsp;BeBytesToFloat
</UL>
<BR>[Called By]<UL><LI><a href="#[cb]">&gt;&gt;</a>&nbsp;&nbsp;&nbsp;Cmd_ProcessFrame
</UL>

<P><STRONG><a name="[dc]"></a>Cmd_SetDacOutput</STRONG> (Thumb, 346 bytes, Stack size 56 bytes, command.o(i.Cmd_SetDacOutput))
<BR><BR>[Stack]<UL><LI>Max Depth = 1072<LI>Call Chain = Cmd_SetDacOutput &rArr; Cmd_SendOkAck &rArr; Protocol_SendAck &rArr; Protocol_SendFrame &rArr; BytesToAscii
</UL>
<BR>[Calls]<UL><LI><a href="#[b4]">&gt;&gt;</a>&nbsp;&nbsp;&nbsp;Cmd_SendOkAck
<LI><a href="#[ec]">&gt;&gt;</a>&nbsp;&nbsp;&nbsp;Protocol_SendError
<LI><a href="#[87]">&gt;&gt;</a>&nbsp;&nbsp;&nbsp;delay_1ms
<LI><a href="#[9d]">&gt;&gt;</a>&nbsp;&nbsp;&nbsp;spi_flash_sector_erase
<LI><a href="#[9e]">&gt;&gt;</a>&nbsp;&nbsp;&nbsp;spi_flash_buffer_write
<LI><a href="#[99]">&gt;&gt;</a>&nbsp;&nbsp;&nbsp;spi_flash_buffer_read
<LI><a href="#[ef]">&gt;&gt;</a>&nbsp;&nbsp;&nbsp;DAC_Set_Value
</UL>
<BR>[Called By]<UL><LI><a href="#[cb]">&gt;&gt;</a>&nbsp;&nbsp;&nbsp;Cmd_ProcessFrame
</UL>

<P><STRONG><a name="[d2]"></a>Cmd_SetDeviceID</STRONG> (Thumb, 154 bytes, Stack size 24 bytes, command.o(i.Cmd_SetDeviceID))
<BR><BR>[Stack]<UL><LI>Max Depth = 1024<LI>Call Chain = Cmd_SetDeviceID &rArr; Protocol_SendAck &rArr; Protocol_SendFrame &rArr; BytesToAscii
</UL>
<BR>[Calls]<UL><LI><a href="#[c8]">&gt;&gt;</a>&nbsp;&nbsp;&nbsp;Protocol_SendAck
<LI><a href="#[87]">&gt;&gt;</a>&nbsp;&nbsp;&nbsp;delay_1ms
<LI><a href="#[9d]">&gt;&gt;</a>&nbsp;&nbsp;&nbsp;spi_flash_sector_erase
<LI><a href="#[9e]">&gt;&gt;</a>&nbsp;&nbsp;&nbsp;spi_flash_buffer_write
<LI><a href="#[99]">&gt;&gt;</a>&nbsp;&nbsp;&nbsp;spi_flash_buffer_read
</UL>
<BR>[Called By]<UL><LI><a href="#[cb]">&gt;&gt;</a>&nbsp;&nbsp;&nbsp;Cmd_ProcessFrame
</UL>

<P><STRONG><a name="[db]"></a>Cmd_SetReportInterval</STRONG> (Thumb, 86 bytes, Stack size 16 bytes, command.o(i.Cmd_SetReportInterval))
<BR><BR>[Stack]<UL><LI>Max Depth = 1032<LI>Call Chain = Cmd_SetReportInterval &rArr; Cmd_SendOkAck &rArr; Protocol_SendAck &rArr; Protocol_SendFrame &rArr; BytesToAscii
</UL>
<BR>[Calls]<UL><LI><a href="#[b4]">&gt;&gt;</a>&nbsp;&nbsp;&nbsp;Cmd_SendOkAck
<LI><a href="#[ec]">&gt;&gt;</a>&nbsp;&nbsp;&nbsp;Protocol_SendError
</UL>
<BR>[Called By]<UL><LI><a href="#[cb]">&gt;&gt;</a>&nbsp;&nbsp;&nbsp;Cmd_ProcessFrame
</UL>

<P><STRONG><a name="[d0]"></a>Cmd_SetTime</STRONG> (Thumb, 196 bytes, Stack size 32 bytes, command.o(i.Cmd_SetTime))
<BR><BR>[Stack]<UL><LI>Max Depth = 1048<LI>Call Chain = Cmd_SetTime &rArr; Cmd_SendOkAck &rArr; Protocol_SendAck &rArr; Protocol_SendFrame &rArr; BytesToAscii
</UL>
<BR>[Calls]<UL><LI><a href="#[b4]">&gt;&gt;</a>&nbsp;&nbsp;&nbsp;Cmd_SendOkAck
<LI><a href="#[ec]">&gt;&gt;</a>&nbsp;&nbsp;&nbsp;Protocol_SendError
<LI><a href="#[f0]">&gt;&gt;</a>&nbsp;&nbsp;&nbsp;Up_RTC_Time
<LI><a href="#[a5]">&gt;&gt;</a>&nbsp;&nbsp;&nbsp;UnixToDateTime
</UL>
<BR>[Called By]<UL><LI><a href="#[cb]">&gt;&gt;</a>&nbsp;&nbsp;&nbsp;Cmd_ProcessFrame
</UL>

<P><STRONG><a name="[dd]"></a>Cmd_StartAutoReport</STRONG> (Thumb, 40 bytes, Stack size 8 bytes, command.o(i.Cmd_StartAutoReport))
<BR><BR>[Stack]<UL><LI>Max Depth = 1056<LI>Call Chain = Cmd_StartAutoReport &rArr; SendAutoReportFrame &rArr; Protocol_SendAck &rArr; Protocol_SendFrame &rArr; BytesToAscii
</UL>
<BR>[Calls]<UL><LI><a href="#[b0]">&gt;&gt;</a>&nbsp;&nbsp;&nbsp;SendAutoReportFrame
</UL>
<BR>[Called By]<UL><LI><a href="#[cb]">&gt;&gt;</a>&nbsp;&nbsp;&nbsp;Cmd_ProcessFrame
</UL>

<P><STRONG><a name="[de]"></a>Cmd_StopAutoReport</STRONG> (Thumb, 22 bytes, Stack size 8 bytes, command.o(i.Cmd_StopAutoReport))
<BR><BR>[Stack]<UL><LI>Max Depth = 1024<LI>Call Chain = Cmd_StopAutoReport &rArr; Cmd_SendOkAck &rArr; Protocol_SendAck &rArr; Protocol_SendFrame &rArr; BytesToAscii
</UL>
<BR>[Calls]<UL><LI><a href="#[b4]">&gt;&gt;</a>&nbsp;&nbsp;&nbsp;Cmd_SendOkAck
</UL>
<BR>[Called By]<UL><LI><a href="#[cb]">&gt;&gt;</a>&nbsp;&nbsp;&nbsp;Cmd_ProcessFrame
</UL>

<P><STRONG><a name="[e6]"></a>Cmd_UpgradeRequest</STRONG> (Thumb, 28 bytes, Stack size 16 bytes, command.o(i.Cmd_UpgradeRequest))
<BR><BR>[Stack]<UL><LI>Max Depth = 6720<LI>Call Chain = Cmd_UpgradeRequest &rArr; APP_HandleUpgradeRequest &rArr; internal_flash_write_str_Char &rArr; fmc_byte_program &rArr; fmc_ready_wait
</UL>
<BR>[Calls]<UL><LI><a href="#[c8]">&gt;&gt;</a>&nbsp;&nbsp;&nbsp;Protocol_SendAck
<LI><a href="#[90]">&gt;&gt;</a>&nbsp;&nbsp;&nbsp;APP_HandleUpgradeRequest
</UL>
<BR>[Called By]<UL><LI><a href="#[cb]">&gt;&gt;</a>&nbsp;&nbsp;&nbsp;Cmd_ProcessFrame
</UL>

<P><STRONG><a name="[e3]"></a>Cmd_WriteCh0Threshold</STRONG> (Thumb, 56 bytes, Stack size 8 bytes, command.o(i.Cmd_WriteCh0Threshold))
<BR><BR>[Stack]<UL><LI>Max Depth = 1024<LI>Call Chain = Cmd_WriteCh0Threshold &rArr; Cmd_SendOkAck &rArr; Protocol_SendAck &rArr; Protocol_SendFrame &rArr; BytesToAscii
</UL>
<BR>[Calls]<UL><LI><a href="#[f1]">&gt;&gt;</a>&nbsp;&nbsp;&nbsp;Threshold_WriteToFlash
<LI><a href="#[b4]">&gt;&gt;</a>&nbsp;&nbsp;&nbsp;Cmd_SendOkAck
<LI><a href="#[ec]">&gt;&gt;</a>&nbsp;&nbsp;&nbsp;Protocol_SendError
<LI><a href="#[a4]">&gt;&gt;</a>&nbsp;&nbsp;&nbsp;BeBytesToFloat
</UL>
<BR>[Called By]<UL><LI><a href="#[cb]">&gt;&gt;</a>&nbsp;&nbsp;&nbsp;Cmd_ProcessFrame
</UL>

<P><STRONG><a name="[e4]"></a>Cmd_WriteCh1Threshold</STRONG> (Thumb, 56 bytes, Stack size 8 bytes, command.o(i.Cmd_WriteCh1Threshold))
<BR><BR>[Stack]<UL><LI>Max Depth = 1024<LI>Call Chain = Cmd_WriteCh1Threshold &rArr; Cmd_SendOkAck &rArr; Protocol_SendAck &rArr; Protocol_SendFrame &rArr; BytesToAscii
</UL>
<BR>[Calls]<UL><LI><a href="#[f1]">&gt;&gt;</a>&nbsp;&nbsp;&nbsp;Threshold_WriteToFlash
<LI><a href="#[b4]">&gt;&gt;</a>&nbsp;&nbsp;&nbsp;Cmd_SendOkAck
<LI><a href="#[ec]">&gt;&gt;</a>&nbsp;&nbsp;&nbsp;Protocol_SendError
<LI><a href="#[a4]">&gt;&gt;</a>&nbsp;&nbsp;&nbsp;BeBytesToFloat
</UL>
<BR>[Called By]<UL><LI><a href="#[cb]">&gt;&gt;</a>&nbsp;&nbsp;&nbsp;Cmd_ProcessFrame
</UL>

<P><STRONG><a name="[e5]"></a>Cmd_WriteCh2Threshold</STRONG> (Thumb, 56 bytes, Stack size 8 bytes, command.o(i.Cmd_WriteCh2Threshold))
<BR><BR>[Stack]<UL><LI>Max Depth = 1024<LI>Call Chain = Cmd_WriteCh2Threshold &rArr; Cmd_SendOkAck &rArr; Protocol_SendAck &rArr; Protocol_SendFrame &rArr; BytesToAscii
</UL>
<BR>[Calls]<UL><LI><a href="#[f1]">&gt;&gt;</a>&nbsp;&nbsp;&nbsp;Threshold_WriteToFlash
<LI><a href="#[b4]">&gt;&gt;</a>&nbsp;&nbsp;&nbsp;Cmd_SendOkAck
<LI><a href="#[ec]">&gt;&gt;</a>&nbsp;&nbsp;&nbsp;Protocol_SendError
<LI><a href="#[a4]">&gt;&gt;</a>&nbsp;&nbsp;&nbsp;BeBytesToFloat
</UL>
<BR>[Called By]<UL><LI><a href="#[cb]">&gt;&gt;</a>&nbsp;&nbsp;&nbsp;Cmd_ProcessFrame
</UL>

<P><STRONG><a name="[110]"></a>Convert_CH0</STRONG> (Thumb, 26 bytes, Stack size 0 bytes, adc.o(i.Convert_CH0))
<BR><BR>[Called By]<UL><LI><a href="#[ad]">&gt;&gt;</a>&nbsp;&nbsp;&nbsp;Query_CH0
</UL>

<P><STRONG><a name="[111]"></a>Convert_CH1</STRONG> (Thumb, 26 bytes, Stack size 0 bytes, adc.o(i.Convert_CH1))
<BR><BR>[Called By]<UL><LI><a href="#[ae]">&gt;&gt;</a>&nbsp;&nbsp;&nbsp;Query_CH1
</UL>

<P><STRONG><a name="[ef]"></a>DAC_Set_Value</STRONG> (Thumb, 26 bytes, Stack size 8 bytes, adc.o(i.DAC_Set_Value))
<BR><BR>[Stack]<UL><LI>Max Depth = 8<LI>Call Chain = DAC_Set_Value
</UL>
<BR>[Calls]<UL><LI><a href="#[f3]">&gt;&gt;</a>&nbsp;&nbsp;&nbsp;dac_software_trigger_enable
<LI><a href="#[f2]">&gt;&gt;</a>&nbsp;&nbsp;&nbsp;dac_data_set
</UL>
<BR>[Called By]<UL><LI><a href="#[139]">&gt;&gt;</a>&nbsp;&nbsp;&nbsp;System_Init
<LI><a href="#[dc]">&gt;&gt;</a>&nbsp;&nbsp;&nbsp;Cmd_SetDacOutput
</UL>

<P><STRONG><a name="[9c]"></a>DateTimeToUnix</STRONG> (Thumb, 140 bytes, Stack size 32 bytes, rtc_func.o(i.DateTimeToUnix))
<BR><BR>[Stack]<UL><LI>Max Depth = 32<LI>Call Chain = DateTimeToUnix
</UL>
<BR>[Calls]<UL><LI><a href="#[f4]">&gt;&gt;</a>&nbsp;&nbsp;&nbsp;is_leap_year
</UL>
<BR>[Called By]<UL><LI><a href="#[b0]">&gt;&gt;</a>&nbsp;&nbsp;&nbsp;SendAutoReportFrame
<LI><a href="#[98]">&gt;&gt;</a>&nbsp;&nbsp;&nbsp;Alarm_AddRecord
<LI><a href="#[d1]">&gt;&gt;</a>&nbsp;&nbsp;&nbsp;Cmd_QueryTime
</UL>

<P><STRONG><a name="[7]"></a>DebugMon_Handler</STRONG> (Thumb, 2 bytes, Stack size 0 bytes, gd32f4xx_it.o(i.DebugMon_Handler))
<BR>[Address Reference Count : 1]<UL><LI> startup_gd32f450_470.o(RESET)
</UL>
<P><STRONG><a name="[a8]"></a>FloatToBeBytes</STRONG> (Thumb, 32 bytes, Stack size 8 bytes, adc.o(i.FloatToBeBytes))
<BR><BR>[Stack]<UL><LI>Max Depth = 8<LI>Call Chain = FloatToBeBytes
</UL>
<BR>[Called By]<UL><LI><a href="#[f1]">&gt;&gt;</a>&nbsp;&nbsp;&nbsp;Threshold_WriteToFlash
<LI><a href="#[b0]">&gt;&gt;</a>&nbsp;&nbsp;&nbsp;SendAutoReportFrame
<LI><a href="#[9f]">&gt;&gt;</a>&nbsp;&nbsp;&nbsp;Alarm_WriteRecord
<LI><a href="#[139]">&gt;&gt;</a>&nbsp;&nbsp;&nbsp;System_Init
<LI><a href="#[df]">&gt;&gt;</a>&nbsp;&nbsp;&nbsp;Cmd_ReadThresholds
<LI><a href="#[e2]">&gt;&gt;</a>&nbsp;&nbsp;&nbsp;Cmd_ReadCh2Threshold
<LI><a href="#[e1]">&gt;&gt;</a>&nbsp;&nbsp;&nbsp;Cmd_ReadCh1Threshold
<LI><a href="#[e0]">&gt;&gt;</a>&nbsp;&nbsp;&nbsp;Cmd_ReadCh0Threshold
<LI><a href="#[d8]">&gt;&gt;</a>&nbsp;&nbsp;&nbsp;Cmd_QueryCh2Pt100
<LI><a href="#[d7]">&gt;&gt;</a>&nbsp;&nbsp;&nbsp;Cmd_QueryCh1
<LI><a href="#[d6]">&gt;&gt;</a>&nbsp;&nbsp;&nbsp;Cmd_QueryCh0
</UL>

<P><STRONG><a name="[2]"></a>HardFault_Handler</STRONG> (Thumb, 4 bytes, Stack size 0 bytes, gd32f4xx_it.o(i.HardFault_Handler))
<BR>[Address Reference Count : 1]<UL><LI> startup_gd32f450_470.o(RESET)
</UL>
<P><STRONG><a name="[f5]"></a>I2C_Start</STRONG> (Thumb, 84 bytes, Stack size 8 bytes, oled.o(i.I2C_Start))
<BR><BR>[Stack]<UL><LI>Max Depth = 28<LI>Call Chain = I2C_Start &rArr; gpio_output_options_set
</UL>
<BR>[Calls]<UL><LI><a href="#[ea]">&gt;&gt;</a>&nbsp;&nbsp;&nbsp;gpio_bit_set
<LI><a href="#[b8]">&gt;&gt;</a>&nbsp;&nbsp;&nbsp;gpio_bit_reset
<LI><a href="#[f6]">&gt;&gt;</a>&nbsp;&nbsp;&nbsp;gpio_output_options_set
<LI><a href="#[7f]">&gt;&gt;</a>&nbsp;&nbsp;&nbsp;gpio_mode_set
<LI><a href="#[f7]">&gt;&gt;</a>&nbsp;&nbsp;&nbsp;IIC_delay
</UL>
<BR>[Called By]<UL><LI><a href="#[103]">&gt;&gt;</a>&nbsp;&nbsp;&nbsp;OLED_WR_Byte
</UL>

<P><STRONG><a name="[f8]"></a>I2C_Stop</STRONG> (Thumb, 66 bytes, Stack size 8 bytes, oled.o(i.I2C_Stop))
<BR><BR>[Stack]<UL><LI>Max Depth = 28<LI>Call Chain = I2C_Stop &rArr; gpio_output_options_set
</UL>
<BR>[Calls]<UL><LI><a href="#[ea]">&gt;&gt;</a>&nbsp;&nbsp;&nbsp;gpio_bit_set
<LI><a href="#[b8]">&gt;&gt;</a>&nbsp;&nbsp;&nbsp;gpio_bit_reset
<LI><a href="#[f6]">&gt;&gt;</a>&nbsp;&nbsp;&nbsp;gpio_output_options_set
<LI><a href="#[7f]">&gt;&gt;</a>&nbsp;&nbsp;&nbsp;gpio_mode_set
<LI><a href="#[f7]">&gt;&gt;</a>&nbsp;&nbsp;&nbsp;IIC_delay
</UL>
<BR>[Called By]<UL><LI><a href="#[103]">&gt;&gt;</a>&nbsp;&nbsp;&nbsp;OLED_WR_Byte
<LI><a href="#[f9]">&gt;&gt;</a>&nbsp;&nbsp;&nbsp;I2C_WaitAck
</UL>

<P><STRONG><a name="[f9]"></a>I2C_WaitAck</STRONG> (Thumb, 116 bytes, Stack size 8 bytes, oled.o(i.I2C_WaitAck))
<BR><BR>[Stack]<UL><LI>Max Depth = 36<LI>Call Chain = I2C_WaitAck &rArr; I2C_Stop &rArr; gpio_output_options_set
</UL>
<BR>[Calls]<UL><LI><a href="#[ea]">&gt;&gt;</a>&nbsp;&nbsp;&nbsp;gpio_bit_set
<LI><a href="#[b8]">&gt;&gt;</a>&nbsp;&nbsp;&nbsp;gpio_bit_reset
<LI><a href="#[f6]">&gt;&gt;</a>&nbsp;&nbsp;&nbsp;gpio_output_options_set
<LI><a href="#[7f]">&gt;&gt;</a>&nbsp;&nbsp;&nbsp;gpio_mode_set
<LI><a href="#[fa]">&gt;&gt;</a>&nbsp;&nbsp;&nbsp;gpio_input_bit_get
<LI><a href="#[f7]">&gt;&gt;</a>&nbsp;&nbsp;&nbsp;IIC_delay
<LI><a href="#[f8]">&gt;&gt;</a>&nbsp;&nbsp;&nbsp;I2C_Stop
</UL>
<BR>[Called By]<UL><LI><a href="#[103]">&gt;&gt;</a>&nbsp;&nbsp;&nbsp;OLED_WR_Byte
</UL>

<P><STRONG><a name="[f7]"></a>IIC_delay</STRONG> (Thumb, 16 bytes, Stack size 0 bytes, oled.o(i.IIC_delay))
<BR><BR>[Called By]<UL><LI><a href="#[108]">&gt;&gt;</a>&nbsp;&nbsp;&nbsp;Send_Byte
<LI><a href="#[f9]">&gt;&gt;</a>&nbsp;&nbsp;&nbsp;I2C_WaitAck
<LI><a href="#[f8]">&gt;&gt;</a>&nbsp;&nbsp;&nbsp;I2C_Stop
<LI><a href="#[f5]">&gt;&gt;</a>&nbsp;&nbsp;&nbsp;I2C_Start
</UL>

<P><STRONG><a name="[fb]"></a>IWDG_Init</STRONG> (Thumb, 40 bytes, Stack size 8 bytes, function.o(i.IWDG_Init))
<BR><BR>[Stack]<UL><LI>Max Depth = 28<LI>Call Chain = IWDG_Init &rArr; rcu_osci_stab_wait
</UL>
<BR>[Calls]<UL><LI><a href="#[fd]">&gt;&gt;</a>&nbsp;&nbsp;&nbsp;rcu_osci_stab_wait
[...]
<LI><a href="#[161]">&gt;&gt;</a>&nbsp;&nbsp;&nbsp;rcu_periph_reset_disable
</UL>
<BR>[Called By]<UL><LI><a href="#[13c]">&gt;&gt;</a>&nbsp;&nbsp;&nbsp;my_timer_init
</UL>

<P><STRONG><a name="[175]"></a>timer_enable</STRONG> (Thumb, 10 bytes, Stack size 0 bytes, gd32f4xx_timer.o(i.timer_enable))
<BR><BR>[Called By]<UL><LI><a href="#[13c]">&gt;&gt;</a>&nbsp;&nbsp;&nbsp;my_timer_init
</UL>

<P><STRONG><a name="[173]"></a>timer_init</STRONG> (Thumb, 122 bytes, Stack size 0 bytes, gd32f4xx_timer.o(i.timer_init))
<BR><BR>[Called By]<UL><LI><a href="#[13c]">&gt;&gt;</a>&nbsp;&nbsp;&nbsp;my_timer_init
</UL>

<P><STRONG><a name="[174]"></a>timer_interrupt_enable</STRONG> (Thumb, 8 bytes, Stack size 0 bytes, gd32f4xx_timer.o(i.timer_interrupt_enable))
<BR><BR>[Called By]<UL><LI><a href="#[13c]">&gt;&gt;</a>&nbsp;&nbsp;&nbsp;my_timer_init
</UL>

<P><STRONG><a name="[13e]"></a>timer_interrupt_flag_clear</STRONG> (Thumb, 6 bytes, Stack size 0 bytes, gd32f4xx_timer.o(i.timer_interrupt_flag_clear))
<BR><BR>[Called By]<UL><LI><a href="#[13c]">&gt;&gt;</a>&nbsp;&nbsp;&nbsp;my_timer_init
<LI><a href="#[41]">&gt;&gt;</a>&nbsp;&nbsp;&nbsp;TIMER6_IRQHandler
</UL>

<P><STRONG><a name="[13d]"></a>timer_interrupt_flag_get</STRONG> (Thumb, 24 bytes, Stack size 0 bytes, gd32f4xx_timer.o(i.timer_interrupt_flag_get))
<BR><BR>[Called By]<UL><LI><a href="#[41]">&gt;&gt;</a>&nbsp;&nbsp;&nbsp;TIMER6_IRQHandler
</UL>

<P><STRONG><a name="[11a]"></a>usart_baudrate_set</STRONG> (Thumb, 224 bytes, Stack size 32 bytes, gd32f4xx_usart.o(i.usart_baudrate_set))
<BR><BR>[Stack]<UL><LI>Max Depth = 116<LI>Call Chain = usart_baudrate_set &rArr; rcu_clock_freq_get
</UL>
<BR>[Calls]<UL><LI><a href="#[181]">&gt;&gt;</a>&nbsp;&nbsp;&nbsp;rcu_clock_freq_get
</UL>
<BR>[Called By]<UL><LI><a href="#[114]">&gt;&gt;</a>&nbsp;&nbsp;&nbsp;RS485_Init
<LI><a href="#[ee]">&gt;&gt;</a>&nbsp;&nbsp;&nbsp;RS485_ReInit
</UL>

<P><STRONG><a name="[123]"></a>usart_data_receive</STRONG> (Thumb, 10 bytes, Stack size 0 bytes, gd32f4xx_usart.o(i.usart_data_receive))
<BR><BR>[Called By]<UL><LI><a href="#[ee]">&gt;&gt;</a>&nbsp;&nbsp;&nbsp;RS485_ReInit
<LI><a href="#[30]">&gt;&gt;</a>&nbsp;&nbsp;&nbsp;USART1_IRQHandler
</UL>

<P><STRONG><a name="[124]"></a>usart_data_transmit</STRONG> (Thumb, 8 bytes, Stack size 0 bytes, gd32f4xx_usart.o(i.usart_data_transmit))
<BR><BR>[Called By]<UL><LI><a href="#[a3]">&gt;&gt;</a>&nbsp;&nbsp;&nbsp;RS485_SendData
</UL>

<P><STRONG><a name="[116]"></a>usart_deinit</STRONG> (Thumb, 210 bytes, Stack size 8 bytes, gd32f4xx_usart.o(i.usart_deinit))
<BR><BR>[Stack]<UL><LI>Max Depth = 8<LI>Call Chain = usart_deinit
</UL>
<BR>[Calls]<UL><LI><a href="#[160]">&gt;&gt;</a>&nbsp;&nbsp;&nbsp;rcu_periph_reset_enable
<LI><a href="#[161]">&gt;&gt;</a>&nbsp;&nbsp;&nbsp;rcu_periph_reset_disable
</UL>
<BR>[Called By]<UL><LI><a href="#[114]">&gt;&gt;</a>&nbsp;&nbsp;&nbsp;RS485_Init
</UL>

<P><STRONG><a name="[c2]"></a>usart_disable</STRONG> (Thumb, 10 bytes, Stack size 0 bytes, gd32f4xx_usart.o(i.usart_disable))
<BR><BR>[Called By]<UL><LI><a href="#[ee]">&gt;&gt;</a>&nbsp;&nbsp;&nbsp;RS485_ReInit
<LI><a href="#[b7]">&gt;&gt;</a>&nbsp;&nbsp;&nbsp;Cmd_EnterSleep
</UL>

<P><STRONG><a name="[c3]"></a>usart_enable</STRONG> (Thumb, 10 bytes, Stack size 0 bytes, gd32f4xx_usart.o(i.usart_enable))
<BR><BR>[Called By]<UL><LI><a href="#[114]">&gt;&gt;</a>&nbsp;&nbsp;&nbsp;RS485_Init
<LI><a href="#[ee]">&gt;&gt;</a>&nbsp;&nbsp;&nbsp;RS485_ReInit
<LI><a href="#[b7]">&gt;&gt;</a>&nbsp;&nbsp;&nbsp;Cmd_EnterSleep
</UL>

<P><STRONG><a name="[121]"></a>usart_flag_get</STRONG> (Thumb, 30 bytes, Stack size 8 bytes, gd32f4xx_usart.o(i.usart_flag_get))
<BR><BR>[Stack]<UL><LI>Max Depth = 8<LI>Call Chain = usart_flag_get
</UL>
<BR>[Called By]<UL><LI><a href="#[a3]">&gt;&gt;</a>&nbsp;&nbsp;&nbsp;RS485_SendData
<LI><a href="#[ee]">&gt;&gt;</a>&nbsp;&nbsp;&nbsp;RS485_ReInit
<LI><a href="#[30]">&gt;&gt;</a>&nbsp;&nbsp;&nbsp;USART1_IRQHandler
</UL>

<P><STRONG><a name="[11e]"></a>usart_hardware_flow_cts_config</STRONG> (Thumb, 20 bytes, Stack size 0 bytes, gd32f4xx_usart.o(i.usart_hardware_flow_cts_config))
<BR><BR>[Called By]<UL><LI><a href="#[114]">&gt;&gt;</a>&nbsp;&nbsp;&nbsp;RS485_Init
</UL>

<P><STRONG><a name="[11d]"></a>usart_hardware_flow_rts_config</STRONG> (Thumb, 20 bytes, Stack size 0 bytes, gd32f4xx_usart.o(i.usart_hardware_flow_rts_config))
<BR><BR>[Called By]<UL><LI><a href="#[114]">&gt;&gt;</a>&nbsp;&nbsp;&nbsp;RS485_Init
</UL>

<P><STRONG><a name="[bb]"></a>usart_interrupt_disable</STRONG> (Thumb, 26 bytes, Stack size 8 bytes, gd32f4xx_usart.o(i.usart_interrupt_disable))
<BR><BR>[Stack]<UL><LI>Max Depth = 8<LI>Call Chain = usart_interrupt_disable
</UL>
<BR>[Called By]<UL><LI><a href="#[ee]">&gt;&gt;</a>&nbsp;&nbsp;&nbsp;RS485_ReInit
<LI><a href="#[b7]">&gt;&gt;</a>&nbsp;&nbsp;&nbsp;Cmd_EnterSleep
</UL>

<P><STRONG><a name="[c5]"></a>usart_interrupt_enable</STRONG> (Thumb, 26 bytes, Stack size 8 bytes, gd32f4xx_usart.o(i.usart_interrupt_enable))
<BR><BR>[Stack]<UL><LI>Max Depth = 8<LI>Call Chain = usart_interrupt_enable
</UL>
<BR>[Called By]<UL><LI><a href="#[114]">&gt;&gt;</a>&nbsp;&nbsp;&nbsp;RS485_Init
<LI><a href="#[ee]">&gt;&gt;</a>&nbsp;&nbsp;&nbsp;RS485_ReInit
<LI><a href="#[b7]">&gt;&gt;</a>&nbsp;&nbsp;&nbsp;Cmd_EnterSleep
</UL>

<P><STRONG><a name="[13f]"></a>usart_interrupt_flag_get</STRONG> (Thumb, 56 bytes, Stack size 16 bytes, gd32f4xx_usart.o(i.usart_interrupt_flag_get))
<BR><BR>[Stack]<UL><LI>Max Depth = 16<LI>Call Chain = usart_interrupt_flag_get
</UL>
<BR>[Called By]<UL><LI><a href="#[30]">&gt;&gt;</a>&nbsp;&nbsp;&nbsp;USART1_IRQHandler
</UL>

<P><STRONG><a name="[119]"></a>usart_parity_config</STRONG> (Thumb, 16 bytes, Stack size 0 bytes, gd32f4xx_usart.o(i.usart_parity_config))
<BR><BR>[Called By]<UL><LI><a href="#[114]">&gt;&gt;</a>&nbsp;&nbsp;&nbsp;RS485_Init
</UL>

<P><STRONG><a name="[11b]"></a>usart_receive_config</STRONG> (Thumb, 16 bytes, Stack size 0 bytes, gd32f4xx_usart.o(i.usart_receive_config))
<BR><BR>[Called By]<UL><LI><a href="#[114]">&gt;&gt;</a>&nbsp;&nbsp;&nbsp;RS485_Init
<LI><a href="#[ee]">&gt;&gt;</a>&nbsp;&nbsp;&nbsp;RS485_ReInit
</UL>

<P><STRONG><a name="[118]"></a>usart_stop_bit_set</STRONG> (Thumb, 16 bytes, Stack size 0 bytes, gd32f4xx_usart.o(i.usart_stop_bit_set))
<BR><BR>[Called By]<UL><LI><a href="#[114]">&gt;&gt;</a>&nbsp;&nbsp;&nbsp;RS485_Init
</UL>

<P><STRONG><a name="[11c]"></a>usart_transmit_config</STRONG> (Thumb, 16 bytes, Stack size 0 bytes, gd32f4xx_usart.o(i.usart_transmit_config))
<BR><BR>[Called By]<UL><LI><a href="#[114]">&gt;&gt;</a>&nbsp;&nbsp;&nbsp;RS485_Init
<LI><a href="#[ee]">&gt;&gt;</a>&nbsp;&nbsp;&nbsp;RS485_ReInit
</UL>

<P><STRONG><a name="[117]"></a>usart_word_length_set</STRONG> (Thumb, 16 bytes, Stack size 0 bytes, gd32f4xx_usart.o(i.usart_word_length_set))
<BR><BR>[Called By]<UL><LI><a href="#[114]">&gt;&gt;</a>&nbsp;&nbsp;&nbsp;RS485_Init
</UL>
<P>
<H3>
Local Symbols
</H3>
<P><STRONG><a name="[180]"></a>NVIC_SetPriority</STRONG> (Thumb, 32 bytes, Stack size 8 bytes, systick.o(i.NVIC_SetPriority))
<BR><BR>[Stack]<UL><LI>Max Depth = 8<LI>Call Chain = NVIC_SetPriority
</UL>
<BR>[Called By]<UL><LI><a href="#[13a]">&gt;&gt;</a>&nbsp;&nbsp;&nbsp;systick_config
</UL>

<P><STRONG><a name="[aa]"></a>AsciiCharToHex</STRONG> (Thumb, 54 bytes, Stack size 0 bytes, protocol.o(i.AsciiCharToHex))
<BR><BR>[Called By]<UL><LI><a href="#[109]">&gt;&gt;</a>&nbsp;&nbsp;&nbsp;Protocol_ParseFrame
<LI><a href="#[a9]">&gt;&gt;</a>&nbsp;&nbsp;&nbsp;AsciiToBytes
</UL>

<P><STRONG><a name="[a9]"></a>AsciiToBytes</STRONG> (Thumb, 86 bytes, Stack size 32 bytes, protocol.o(i.AsciiToBytes))
<BR><BR>[Stack]<UL><LI>Max Depth = 32<LI>Call Chain = AsciiToBytes
</UL>
<BR>[Calls]<UL><LI><a href="#[aa]">&gt;&gt;</a>&nbsp;&nbsp;&nbsp;AsciiCharToHex
</UL>
<BR>[Called By]<UL><LI><a href="#[109]">&gt;&gt;</a>&nbsp;&nbsp;&nbsp;Protocol_ParseFrame
</UL>

<P><STRONG><a name="[ab]"></a>BytesToAscii</STRONG> (Thumb, 72 bytes, Stack size 40 bytes, protocol.o(i.BytesToAscii))
<BR><BR>[Stack]<UL><LI>Max Depth = 40<LI>Call Chain = BytesToAscii
</UL>
<BR>[Calls]<UL><LI><a href="#[93]">&gt;&gt;</a>&nbsp;&nbsp;&nbsp;__aeabi_memcpy4
</UL>
<BR>[Called By]<UL><LI><a href="#[10f]">&gt;&gt;</a>&nbsp;&nbsp;&nbsp;Protocol_SendFrame
</UL>

<P><STRONG><a name="[98]"></a>Alarm_AddRecord</STRONG> (Thumb, 334 bytes, Stack size 224 bytes, command.o(i.Alarm_AddRecord))
<BR><BR>[Stack]<UL><LI>Max Depth = 328<LI>Call Chain = Alarm_AddRecord &rArr; Alarm_WriteRecord &rArr; spi_flash_buffer_write &rArr; spi_flash_page_write &rArr; spi_flash_write_enable &rArr; spi_flash_send_byte
</UL>
<BR>[Calls]<UL><LI><a href="#[9f]">&gt;&gt;</a>&nbsp;&nbsp;&nbsp;Alarm_WriteRecord
<LI><a href="#[9a]">&gt;&gt;</a>&nbsp;&nbsp;&nbsp;Alarm_ReadRecord
<LI><a href="#[87]">&gt;&gt;</a>&nbsp;&nbsp;&nbsp;delay_1ms
<LI><a href="#[9d]">&gt;&gt;</a>&nbsp;&nbsp;&nbsp;spi_flash_sector_erase
<LI><a href="#[9e]">&gt;&gt;</a>&nbsp;&nbsp;&nbsp;spi_flash_buffer_write
<LI><a href="#[99]">&gt;&gt;</a>&nbsp;&nbsp;&nbsp;spi_flash_buffer_read
<LI><a href="#[9b]">&gt;&gt;</a>&nbsp;&nbsp;&nbsp;RTC_GetDateTime
<LI><a href="#[9c]">&gt;&gt;</a>&nbsp;&nbsp;&nbsp;DateTimeToUnix
</UL>
<BR>[Called By]<UL><LI><a href="#[a0]">&gt;&gt;</a>&nbsp;&nbsp;&nbsp;Alarm_CheckAndReport
</UL>

<P><STRONG><a name="[9a]"></a>Alarm_ReadRecord</STRONG> (Thumb, 74 bytes, Stack size 32 bytes, command.o(i.Alarm_ReadRecord))
<BR><BR>[Stack]<UL><LI>Max Depth = 56<LI>Call Chain = Alarm_ReadRecord &rArr; spi_flash_buffer_read &rArr; spi_flash_send_byte
</UL>
<BR>[Calls]<UL><LI><a href="#[99]">&gt;&gt;</a>&nbsp;&nbsp;&nbsp;spi_flash_buffer_read
<LI><a href="#[a4]">&gt;&gt;</a>&nbsp;&nbsp;&nbsp;BeBytesToFloat
</UL>
<BR>[Called By]<UL><LI><a href="#[98]">&gt;&gt;</a>&nbsp;&nbsp;&nbsp;Alarm_AddRecord
<LI><a href="#[e7]">&gt;&gt;</a>&nbsp;&nbsp;&nbsp;Cmd_SetAlarmMode
<LI><a href="#[e8]">&gt;&gt;</a>&nbsp;&nbsp;&nbsp;Cmd_QueryAlarmRecord
<LI><a href="#[a0]">&gt;&gt;</a>&nbsp;&nbsp;&nbsp;Alarm_CheckAndReport
</UL>

<P><STRONG><a name="[a1]"></a>Alarm_RecordToString</STRONG> (Thumb, 144 bytes, Stack size 88 bytes, command.o(i.Alarm_RecordToString))
<BR><BR>[Stack]<UL><LI>Max Depth = 136<LI>Call Chain = Alarm_RecordToString &rArr; UnixToDateTime
</UL>
<BR>[Calls]<UL><LI><a href="#[a6]">&gt;&gt;</a>&nbsp;&nbsp;&nbsp;__aeabi_f2d
<LI><a href="#[a5]">&gt;&gt;</a>&nbsp;&nbsp;&nbsp;UnixToDateTime
<LI><a href="#[a7]">&gt;&gt;</a>&nbsp;&nbsp;&nbsp;__2snprintf
</UL>
<BR>[Called By]<UL><LI><a href="#[e8]">&gt;&gt;</a>&nbsp;&nbsp;&nbsp;Cmd_QueryAlarmRecord
<LI><a href="#[a0]">&gt;&gt;</a>&nbsp;&nbsp;&nbsp;Alarm_CheckAndReport
</UL>

<P><STRONG><a name="[9f]"></a>Alarm_WriteRecord</STRONG> (Thumb, 102 bytes, Stack size 32 bytes, command.o(i.Alarm_WriteRecord))
<BR><BR>[Stack]<UL><LI>Max Depth = 104<LI>Call Chain = Alarm_WriteRecord &rArr; spi_flash_buffer_write &rArr; spi_flash_page_write &rArr; spi_flash_write_enable &rArr; spi_flash_send_byte
</UL>
<BR>[Calls]<UL><LI><a href="#[87]">&gt;&gt;</a>&nbsp;&nbsp;&nbsp;delay_1ms
<LI><a href="#[9e]">&gt;&gt;</a>&nbsp;&nbsp;&nbsp;spi_flash_buffer_write
<LI><a href="#[a8]">&gt;&gt;</a>&nbsp;&nbsp;&nbsp;FloatToBeBytes
</UL>
<BR>[Called By]<UL><LI><a href="#[98]">&gt;&gt;</a>&nbsp;&nbsp;&nbsp;Alarm_AddRecord
<LI><a href="#[e7]">&gt;&gt;</a>&nbsp;&nbsp;&nbsp;Cmd_SetAlarmMode
</UL>

<P><STRONG><a name="[b4]"></a>Cmd_SendOkAck</STRONG> (Thumb, 22 bytes, Stack size 16 bytes, command.o(i.Cmd_SendOkAck))
<BR><BR>[Stack]<UL><LI>Max Depth = 1016<LI>Call Chain = Cmd_SendOkAck &rArr; Protocol_SendAck &rArr; Protocol_SendFrame &rArr; BytesToAscii
</UL>
<BR>[Calls]<UL><LI><a href="#[c8]">&gt;&gt;</a>&nbsp;&nbsp;&nbsp;Protocol_SendAck
</UL>
<BR>[Called By]<UL><LI><a href="#[e5]">&gt;&gt;</a>&nbsp;&nbsp;&nbsp;Cmd_WriteCh2Threshold
<LI><a href="#[e4]">&gt;&gt;</a>&nbsp;&nbsp;&nbsp;Cmd_WriteCh1Threshold
<LI><a href="#[e3]">&gt;&gt;</a>&nbsp;&nbsp;&nbsp;Cmd_WriteCh0Threshold
<LI><a href="#[de]">&gt;&gt;</a>&nbsp;&nbsp;&nbsp;Cmd_StopAutoReport
<LI><a href="#[d0]">&gt;&gt;</a>&nbsp;&nbsp;&nbsp;Cmd_SetTime
<LI><a href="#[db]">&gt;&gt;</a>&nbsp;&nbsp;&nbsp;Cmd_SetReportInterval
<LI><a href="#[dc]">&gt;&gt;</a>&nbsp;&nbsp;&nbsp;Cmd_SetDacOutput
<LI><a href="#[da]">&gt;&gt;</a>&nbsp;&nbsp;&nbsp;Cmd_SetCh1Ratio
<LI><a href="#[d9]">&gt;&gt;</a>&nbsp;&nbsp;&nbsp;Cmd_SetCh0Ratio
<LI><a href="#[d3]">&gt;&gt;</a>&nbsp;&nbsp;&nbsp;Cmd_SetBaudrate
<LI><a href="#[e7]">&gt;&gt;</a>&nbsp;&nbsp;&nbsp;Cmd_SetAlarmMode
<LI><a href="#[ce]">&gt;&gt;</a>&nbsp;&nbsp;&nbsp;Cmd_QueryDeviceInfo
<LI><a href="#[c9]">&gt;&gt;</a>&nbsp;&nbsp;&nbsp;Cmd_FactoryReset
<LI><a href="#[b7]">&gt;&gt;</a>&nbsp;&nbsp;&nbsp;Cmd_EnterSleep
<LI><a href="#[b5]">&gt;&gt;</a>&nbsp;&nbsp;&nbsp;Cmd_DeviceReboot
<LI><a href="#[b3]">&gt;&gt;</a>&nbsp;&nbsp;&nbsp;Cmd_ClearAlarmRecord
</UL>

<P><STRONG><a name="[b0]"></a>SendAutoReportFrame</STRONG> (Thumb, 220 bytes, Stack size 48 bytes, command.o(i.SendAutoReportFrame))
<BR><BR>[Stack]<UL><LI>Max Depth = 1048<LI>Call Chain = SendAutoReportFrame &rArr; Protocol_SendAck &rArr; Protocol_SendFrame &rArr; BytesToAscii
</UL>
<BR>[Calls]<UL><LI><a href="#[c8]">&gt;&gt;</a>&nbsp;&nbsp;&nbsp;Protocol_SendAck
<LI><a href="#[9b]">&gt;&gt;</a>&nbsp;&nbsp;&nbsp;RTC_GetDateTime
<LI><a href="#[ae]">&gt;&gt;</a>&nbsp;&nbsp;&nbsp;Query_CH1
<LI><a href="#[ad]">&gt;&gt;</a>&nbsp;&nbsp;&nbsp;Query_CH0
<LI><a href="#[a8]">&gt;&gt;</a>&nbsp;&nbsp;&nbsp;FloatToBeBytes
<LI><a href="#[9c]">&gt;&gt;</a>&nbsp;&nbsp;&nbsp;DateTimeToUnix
</UL>
<BR>[Called By]<UL><LI><a href="#[dd]">&gt;&gt;</a>&nbsp;&nbsp;&nbsp;Cmd_StartAutoReport
<LI><a href="#[ac]">&gt;&gt;</a>&nbsp;&nbsp;&nbsp;Cmd_AutoReportTick
</UL>

<P><STRONG><a name="[f1]"></a>Threshold_WriteToFlash</STRONG> (Thumb, 286 bytes, Stack size 48 bytes, command.o(i.Threshold_WriteToFlash))
<BR><BR>[Stack]<UL><LI>Max Depth = 120<LI>Call Chain = Threshold_WriteToFlash &rArr; spi_flash_buffer_write &rArr; spi_flash_page_write &rArr; spi_flash_write_enable &rArr; spi_flash_send_byte
</UL>
<BR>[Calls]<UL><LI><a href="#[87]">&gt;&gt;</a>&nbsp;&nbsp;&nbsp;delay_1ms
<LI><a href="#[9d]">&gt;&gt;</a>&nbsp;&nbsp;&nbsp;spi_flash_sector_erase
<LI><a href="#[9e]">&gt;&gt;</a>&nbsp;&nbsp;&nbsp;spi_flash_buffer_write
<LI><a href="#[99]">&gt;&gt;</a>&nbsp;&nbsp;&nbsp;spi_flash_buffer_read
<LI><a href="#[a8]">&gt;&gt;</a>&nbsp;&nbsp;&nbsp;FloatToBeBytes
</UL>
<BR>[Called By]<UL><LI><a href="#[e5]">&gt;&gt;</a>&nbsp;&nbsp;&nbsp;Cmd_WriteCh2Threshold
<LI><a href="#[e4]">&gt;&gt;</a>&nbsp;&nbsp;&nbsp;Cmd_WriteCh1Threshold
<LI><a href="#[e3]">&gt;&gt;</a>&nbsp;&nbsp;&nbsp;Cmd_WriteCh0Threshold
</UL>

<P><STRONG><a name="[bd]"></a>rcu_config</STRONG> (Thumb, 282 bytes, Stack size 16 bytes, command.o(i.rcu_config))
<BR><BR>[Stack]<UL><LI>Max Depth = 40<LI>Call Chain = rcu_config &rArr; rcu_deinit &rArr; rcu_osci_stab_wait
</UL>
<BR>[Calls]<UL><LI><a href="#[171]">&gt;&gt;</a>&nbsp;&nbsp;&nbsp;rcu_timer_clock_prescaler_config
<LI><a href="#[176]">&gt;&gt;</a>&nbsp;&nbsp;&nbsp;rcu_deinit
</UL>
<BR>[Called By]<UL><LI><a href="#[b7]">&gt;&gt;</a>&nbsp;&nbsp;&nbsp;Cmd_EnterSleep
</UL>

<P><STRONG><a name="[97]"></a>NVIC_SystemReset</STRONG> (Thumb, 30 bytes, Stack size 0 bytes, function.o(i.NVIC_SystemReset))
<BR><BR>[Called By]<UL><LI><a href="#[b6]">&gt;&gt;</a>&nbsp;&nbsp;&nbsp;mcu_software_reset
<LI><a href="#[90]">&gt;&gt;</a>&nbsp;&nbsp;&nbsp;APP_HandleUpgradeRequest
</UL>

<P><STRONG><a name="[96]"></a>__set_FAULTMASK</STRONG> (Thumb, 10 bytes, Stack size 0 bytes, function.o(i.__set_FAULTMASK))
<BR><BR>[Called By]<UL><LI><a href="#[b6]">&gt;&gt;</a>&nbsp;&nbsp;&nbsp;mcu_software_reset
<LI><a href="#[90]">&gt;&gt;</a>&nbsp;&nbsp;&nbsp;APP_HandleUpgradeRequest
</UL>

<P><STRONG><a name="[f4]"></a>is_leap_year</STRONG> (Thumb, 52 bytes, Stack size 0 bytes, rtc_func.o(i.is_leap_year))
<BR><BR>[Called By]<UL><LI><a href="#[a5]">&gt;&gt;</a>&nbsp;&nbsp;&nbsp;UnixToDateTime
<LI><a href="#[9c]">&gt;&gt;</a>&nbsp;&nbsp;&nbsp;DateTimeToUnix
</UL>

<P><STRONG><a name="[17f]"></a>system_clock_240m_25m_hxtal</STRONG> (Thumb, 250 bytes, Stack size 0 bytes, system_gd32f4xx.o(i.system_clock_240m_25m_hxtal))
<BR><BR>[Called By]<UL><LI><a href="#[138]">&gt;&gt;</a>&nbsp;&nbsp;&nbsp;system_clock_config
</UL>

<P><STRONG><a name="[138]"></a>system_clock_config</STRONG> (Thumb, 8 bytes, Stack size 8 bytes, system_gd32f4xx.o(i.system_clock_config))
<BR><BR>[Stack]<UL><LI>Max Depth = 8<LI>Call Chain = system_clock_config
</UL>
<BR>[Calls]<UL><LI><a href="#[17f]">&gt;&gt;</a>&nbsp;&nbsp;&nbsp;system_clock_240m_25m_hxtal
</UL>
<BR>[Called By]<UL><LI><a href="#[64]">&gt;&gt;</a>&nbsp;&nbsp;&nbsp;SystemInit
</UL>

<P><STRONG><a name="[129]"></a>RTC_BcdToDec</STRONG> (Thumb, 20 bytes, Stack size 0 bytes, rtc.o(i.RTC_BcdToDec))
<BR><BR>[Called By]<UL><LI><a href="#[9b]">&gt;&gt;</a>&nbsp;&nbsp;&nbsp;RTC_GetDateTime
</UL>

<P><STRONG><a name="[12f]"></a>RTC_DecToBcd</STRONG> (Thumb, 28 bytes, Stack size 0 bytes, rtc.o(i.RTC_DecToBcd))
<BR><BR>[Called By]<UL><LI><a href="#[135]">&gt;&gt;</a>&nbsp;&nbsp;&nbsp;RTC_SetDateTime
<LI><a href="#[12b]">&gt;&gt;</a>&nbsp;&nbsp;&nbsp;RTC_Init
<LI><a href="#[ba]">&gt;&gt;</a>&nbsp;&nbsp;&nbsp;RTC_SetAlarmA
</UL>

<P><STRONG><a name="[136]"></a>RTC_ValidateDateTime</STRONG> (Thumb, 126 bytes, Stack size 12 bytes, rtc.o(i.RTC_ValidateDateTime))
<BR><BR>[Stack]<UL><LI>Max Depth = 36<LI>Call Chain = RTC_ValidateDateTime &rArr; RTC_GetDaysInMonth
</UL>
<BR>[Calls]<UL><LI><a href="#[12a]">&gt;&gt;</a>&nbsp;&nbsp;&nbsp;RTC_GetDaysInMonth
</UL>
<BR>[Called By]<UL><LI><a href="#[135]">&gt;&gt;</a>&nbsp;&nbsp;&nbsp;RTC_SetDateTime
</UL>

<P><STRONG><a name="[151]"></a>_fp_digits</STRONG> (Thumb, 366 bytes, Stack size 64 bytes, printfa.o(i._fp_digits), UNUSED)
<BR><BR>[Calls]<UL><LI><a href="#[77]">&gt;&gt;</a>&nbsp;&nbsp;&nbsp;__aeabi_dmul
<LI><a href="#[78]">&gt;&gt;</a>&nbsp;&nbsp;&nbsp;__aeabi_ddiv
<LI><a href="#[71]">&gt;&gt;</a>&nbsp;&nbsp;&nbsp;__aeabi_dadd
<LI><a href="#[79]">&gt;&gt;</a>&nbsp;&nbsp;&nbsp;__aeabi_d2ulz
<LI><a href="#[152]">&gt;&gt;</a>&nbsp;&nbsp;&nbsp;__aeabi_cdrcmple
<LI><a href="#[6e]">&gt;&gt;</a>&nbsp;&nbsp;&nbsp;__aeabi_uldivmod
</UL>
<BR>[Called By]<UL><LI><a href="#[14d]">&gt;&gt;</a>&nbsp;&nbsp;&nbsp;_printf_core
</UL>

<P><STRONG><a name="[14d]"></a>_printf_core</STRONG> (Thumb, 1744 bytes, Stack size 136 bytes, printfa.o(i._printf_core), UNUSED)
<BR><BR>[Calls]<UL><LI><a href="#[153]">&gt;&gt;</a>&nbsp;&nbsp;&nbsp;_printf_pre_padding
<LI><a href="#[154]">&gt;&gt;</a>&nbsp;&nbsp;&nbsp;_printf_post_padding
<LI><a href="#[151]">&gt;&gt;</a>&nbsp;&nbsp;&nbsp;_fp_digits
<LI><a href="#[6e]">&gt;&gt;</a>&nbsp;&nbsp;&nbsp;__aeabi_uldivmod
<LI><a href="#[155]">&gt;&gt;</a>&nbsp;&nbsp;&nbsp;__aeabi_uidivmod
</UL>
<BR>[Called By]<UL><LI><a href="#[150]">&gt;&gt;</a>&nbsp;&nbsp;&nbsp;__0vsnprintf
<LI><a href="#[14f]">&gt;&gt;</a>&nbsp;&nbsp;&nbsp;__0sprintf
<LI><a href="#[14e]">&gt;&gt;</a>&nbsp;&nbsp;&nbsp;__0snprintf
<LI><a href="#[14c]">&gt;&gt;</a>&nbsp;&nbsp;&nbsp;__0printf
</UL>

<P><STRONG><a name="[154]"></a>_printf_post_padding</STRONG> (Thumb, 36 bytes, Stack size 24 bytes, printfa.o(i._printf_post_padding), UNUSED)
<BR><BR>[Called By]<UL><LI><a href="#[14d]">&gt;&gt;</a>&nbsp;&nbsp;&nbsp;_printf_core
</UL>

<P><STRONG><a name="[153]"></a>_printf_pre_padding</STRONG> (Thumb, 46 bytes, Stack size 24 bytes, printfa.o(i._printf_pre_padding), UNUSED)
<BR><BR>[Called By]<UL><LI><a href="#[14d]">&gt;&gt;</a>&nbsp;&nbsp;&nbsp;_printf_core
</UL>

<P><STRONG><a name="[67]"></a>_snputc</STRONG> (Thumb, 22 bytes, Stack size 0 bytes, printfa.o(i._snputc))
<BR>[Address Reference Count : 2]<UL><LI> printfa.o(i.__0snprintf)
<LI> printfa.o(i.__0vsnprintf)
</UL>
<P><STRONG><a name="[68]"></a>_sputc</STRONG> (Thumb, 10 bytes, Stack size 0 bytes, printfa.o(i._sputc))
<BR><BR>[Called By]<UL><LI><a href="#[14f]">&gt;&gt;</a>&nbsp;&nbsp;&nbsp;__0sprintf
</UL>
<BR>[Address Reference Count : 1]<UL><LI> printfa.o(i.__0sprintf)
</UL><P>
<H3>
Undefined Global Symbols
</H3><HR></body></html>
