Component: ARM Compiler 5.06 update 6 (build 750) Tool: armlink [4d35ed]

==============================================================================

Section Cross References

    gd32f4xx_it.o(i.SysTick_Handler) refers to systick.o(i.delay_decrement) for delay_decrement
    main.o(i.main) refers to function.o(i.System_Init) for System_Init
    main.o(i.main) refers to function.o(i.UsrFunction) for UsrFunction
    systick.o(i.delay_1ms) refers to systick.o(.data) for delay
    systick.o(i.delay_decrement) refers to systick.o(.data) for delay
    systick.o(i.systick_config) refers to systick.o(i.NVIC_SetPriority) for NVIC_SetPriority
    systick.o(i.systick_config) refers to system_gd32f4xx.o(.data) for SystemCoreClock
    crc32.o(i.crc32_calc) refers to crc32.o(i.crc32_init) for crc32_init
    crc32.o(i.crc32_calc) refers to crc32.o(i.crc32_update) for crc32_update
    crc32.o(i.crc32_calc) refers to crc32.o(i.crc32_finalize) for crc32_finalize
    protocol.o(i.AsciiToBytes) refers to protocol.o(i.AsciiCharToHex) for AsciiCharToHex
    protocol.o(i.BytesToAscii) refers to memcpya.o(.text) for __aeabi_memcpy4
    protocol.o(i.Protocol_ParseFrame) refers to usart1_1.o(i.Usart1Ring_Peek) for Usart1Ring_Peek
    protocol.o(i.Protocol_ParseFrame) refers to usart1_1.o(i.Usart1Ring_Skip) for Usart1Ring_Skip
    protocol.o(i.Protocol_ParseFrame) refers to usart1_1.o(i.Usart1Ring_GetCount) for Usart1Ring_GetCount
    protocol.o(i.Protocol_ParseFrame) refers to protocol.o(i.AsciiCharToHex) for AsciiCharToHex
    protocol.o(i.Protocol_ParseFrame) refers to protocol.o(i.AsciiToBytes) for AsciiToBytes
    protocol.o(i.Protocol_ParseFrame) refers to protocol.o(i.CRC16_Modbus) for CRC16_Modbus
    protocol.o(i.Protocol_ParseFrame) refers to memcpya.o(.text) for __aeabi_memcpy
    protocol.o(i.Protocol_ParseFrame) refers to usart1_1.o(.bss) for g_usart1_ring
    protocol.o(i.Protocol_SendAck) refers to protocol.o(i.Protocol_SendFrame) for Protocol_SendFrame
    protocol.o(i.Protocol_SendError) refers to protocol.o(i.Protocol_SendFrame) for Protocol_SendFrame
    protocol.o(i.Protocol_SendFrame) refers to memcpya.o(.text) for __aeabi_memcpy
    protocol.o(i.Protocol_SendFrame) refers to protocol.o(i.CRC16_Modbus) for CRC16_Modbus
    protocol.o(i.Protocol_SendFrame) refers to protocol.o(i.BytesToAscii) for BytesToAscii
    protocol.o(i.Protocol_SendFrame) refers to strlen.o(.text) for strlen
    protocol.o(i.Protocol_SendFrame) refers to usart1_1.o(i.RS485_SendData) for RS485_SendData
    protocol.o(i.Protocol_SendHeartbeat) refers to protocol.o(i.Protocol_SendFrame) for Protocol_SendFrame
    function.o(i.Analysis_ConfigForAddr) refers to rom_1.o(i.internal_flash_read_Char) for internal_flash_read_Char
    function.o(i.Analysis_ConfigForAddr) refers to function.o(.bss) for config_buf
    function.o(i.Backup_App) refers to crc32.o(i.crc32_calc) for crc32_calc
    function.o(i.Backup_App) refers to usart1_1.o(i.RS485_Printf) for RS485_Printf
    function.o(i.Backup_App) refers to function.o(i.Flash_Erase_Pages) for Flash_Erase_Pages
    function.o(i.Backup_App) refers to function.o(i.Flash_Copy_ByPage) for Flash_Copy_ByPage
    function.o(i.Backup_App) refers to rom_1.o(i.internal_flash_read_Char) for internal_flash_read_Char
    function.o(i.Backup_App) refers to memcpya.o(.text) for __aeabi_memcpy
    function.o(i.Backup_App) refers to rom_1.o(i.internal_flash_erase) for internal_flash_erase
    function.o(i.Backup_App) refers to rom_1.o(i.internal_flash_write_str_Char) for internal_flash_write_str_Char
    function.o(i.Backup_App) refers to function.o(.bss) for my_param_sum
    function.o(i.Clear_Download_Area) refers to usart1_1.o(i.RS485_Printf) for RS485_Printf
    function.o(i.Clear_Download_Area) refers to function.o(i.Flash_Erase_Pages) for Flash_Erase_Pages
    function.o(i.Download_Transport) refers to usart1_1.o(i.RS485_Printf) for RS485_Printf
    function.o(i.Download_Transport) refers to function.o(i.Flash_Erase_Pages) for Flash_Erase_Pages
    function.o(i.Download_Transport) refers to function.o(i.Flash_Copy_ByPage) for Flash_Copy_ByPage
    function.o(i.Download_Transport) refers to crc32.o(i.crc32_calc) for crc32_calc
    function.o(i.Download_Transport) refers to function.o(.bss) for my_param_sum
    function.o(i.Flash_Copy_ByPage) refers to memseta.o(.text) for __aeabi_memset
    function.o(i.Flash_Copy_ByPage) refers to rom_1.o(i.internal_flash_read_Char) for internal_flash_read_Char
    function.o(i.Flash_Copy_ByPage) refers to rom_1.o(i.internal_flash_write_str_Char) for internal_flash_write_str_Char
    function.o(i.Flash_Copy_ByPage) refers to function.o(.bss) for config_buf
    function.o(i.Flash_Erase_Pages) refers to rom_1.o(i.internal_flash_erase) for internal_flash_erase
    function.o(i.Flash_Erase_Pages) refers to systick.o(i.delay_1ms) for delay_1ms
    function.o(i.Receive_Firmware_Raw) refers to usart1_1.o(i.RS485_Printf) for RS485_Printf
[...]
    Removing gd32f4xx_wwdgt.o(.rev16_text), (4 bytes).
    Removing gd32f4xx_wwdgt.o(.revsh_text), (4 bytes).
    Removing gd32f4xx_wwdgt.o(i.wwdgt_config), (28 bytes).
    Removing gd32f4xx_wwdgt.o(i.wwdgt_counter_update), (16 bytes).
    Removing gd32f4xx_wwdgt.o(i.wwdgt_deinit), (20 bytes).
    Removing gd32f4xx_wwdgt.o(i.wwdgt_enable), (20 bytes).
    Removing gd32f4xx_wwdgt.o(i.wwdgt_flag_clear), (12 bytes).
    Removing gd32f4xx_wwdgt.o(i.wwdgt_flag_get), (24 bytes).
    Removing gd32f4xx_wwdgt.o(i.wwdgt_interrupt_enable), (20 bytes).
    Removing startup_gd32f450_470.o(HEAP), (4096 bytes).
    Removing bootconfig_1.o(.rev16_text), (4 bytes).
    Removing bootconfig_1.o(.revsh_text), (4 bytes).
    Removing led_1.o(.rev16_text), (4 bytes).
    Removing led_1.o(.revsh_text), (4 bytes).
    Removing rom_1.o(.rev16_text), (4 bytes).
    Removing rom_1.o(.revsh_text), (4 bytes).
    Removing rom_1.o(i.internal_flash_earse_sector), (68 bytes).
    Removing rom_1.o(i.internal_flash_read), (6 bytes).
    Removing rom_1.o(i.internal_flash_read_word), (6 bytes).
    Removing rom_1.o(i.internal_flash_write), (48 bytes).
    Removing rom_1.o(i.internal_flash_write_str), (70 bytes).
    Removing rom_1.o(i.internal_flash_write_word), (48 bytes).
    Removing timer_1.o(.rev16_text), (4 bytes).
    Removing timer_1.o(.revsh_text), (4 bytes).
    Removing usart1_1.o(.rev16_text), (4 bytes).
    Removing usart1_1.o(.revsh_text), (4 bytes).
    Removing usart1_1.o(i.Baudrate_CodeToValue), (50 bytes).
    Removing usart1_1.o(i.RS485_ReInit), (116 bytes).
    Removing usart1_1.o(i.RS485_SendByte), (56 bytes).
    Removing oled.o(.rev16_text), (4 bytes).
    Removing oled.o(.revsh_text), (4 bytes).
    Removing oled.o(i.OLED_ColorTurn), (28 bytes).
    Removing oled.o(i.OLED_DisPlay_Off), (28 bytes).
    Removing oled.o(i.OLED_DisPlay_On), (28 bytes).
    Removing oled.o(i.OLED_DisplayTurn), (44 bytes).
    Removing oled.o(i.OLED_DrawCircle), (152 bytes).
    Removing oled.o(i.OLED_DrawLine), (146 bytes).
    Removing oled.o(i.OLED_Pow), (22 bytes).
    Removing oled.o(i.OLED_ScrollDisplay), (164 bytes).
    Removing oled.o(i.OLED_ShowChinese), (264 bytes).
    Removing oled.o(i.OLED_ShowNum), (116 bytes).
    Removing oled.o(i.OLED_ShowPicture), (78 bytes).
    Removing oled.o(i.OLED_WR_BP), (46 bytes).
    Removing oled.o(.data), (5688 bytes).

920 unused section(s) (total 64128 bytes) removed from the image.

==============================================================================

Image Symbol Table

    Local Symbols

    Symbol Name                              Value     Ov Type        Size  Object(Section)

    ../clib/microlib/division.c              0x00000000   Number         0  uidiv.o ABSOLUTE
    ../clib/microlib/division.c              0x00000000   Number         0  uldiv.o ABSOLUTE
    ../clib/microlib/init/entry.s            0x00000000   Number         0  entry7a.o ABSOLUTE
    ../clib/microlib/init/entry.s            0x00000000   Number         0  entry5.o ABSOLUTE
    ../clib/microlib/init/entry.s            0x00000000   Number         0  entry9b.o ABSOLUTE
    ../clib/microlib/init/entry.s            0x00000000   Number         0  entry2.o ABSOLUTE
    ../clib/microlib/init/entry.s            0x00000000   Number         0  entry.o ABSOLUTE
    ../clib/microlib/init/entry.s            0x00000000   Number         0  entry8b.o ABSOLUTE
    ../clib/microlib/init/entry.s            0x00000000   Number         0  entry7b.o ABSOLUTE
    ../clib/microlib/init/entry.s            0x00000000   Number         0  entry9a.o ABSOLUTE
    ../clib/microlib/init/entry.s            0x00000000   Number         0  entry10a.o ABSOLUTE
    ../clib/microlib/init/entry.s            0x00000000   Number         0  entry10b.o ABSOLUTE
    ../clib/microlib/init/entry.s            0x00000000   Number         0  entry11a.o ABSOLUTE
    ../clib/microlib/init/entry.s            0x00000000   Number         0  entry11b.o ABSOLUTE
    ../clib/microlib/init/entry.s            0x00000000   Number         0  entry8a.o ABSOLUTE
    ../clib/microlib/longlong.c              0x00000000   Number         0  llsshr.o ABSOLUTE
    ../clib/microlib/longlong.c              0x00000000   Number         0  llushr.o ABSOLUTE
    ../clib/microlib/longlong.c              0x00000000   Number         0  llshl.o ABSOLUTE
    ../clib/microlib/printf/printf.c         0x00000000   Number         0  printf3.o ABSOLUTE
    ../clib/microlib/printf/printf.c         0x00000000   Number         0  printf1.o ABSOLUTE
    ../clib/microlib/printf/printf.c         0x00000000   Number         0  printfa.o ABSOLUTE
    ../clib/microlib/printf/printf.c         0x00000000   Number         0  printf8.o ABSOLUTE
    ../clib/microlib/printf/printf.c         0x00000000   Number         0  printf7.o ABSOLUTE
    ../clib/microlib/printf/printf.c         0x00000000   Number         0  printf6.o ABSOLUTE
    ../clib/microlib/printf/printf.c         0x00000000   Number         0  printf5.o ABSOLUTE
    ../clib/microlib/printf/printf.c         0x00000000   Number         0  printf4.o ABSOLUTE
    ../clib/microlib/printf/printf.c         0x00000000   Number         0  printf0.o ABSOLUTE
    ../clib/microlib/printf/printf.c         0x00000000   Number         0  printf2.o ABSOLUTE
    ../clib/microlib/printf/printf.c         0x00000000   Number         0  printfb.o ABSOLUTE
    ../clib/microlib/stdio/fputc.c           0x00000000   Number         0  fputc.o ABSOLUTE
    ../clib/microlib/stdio/semi.s            0x00000000   Number         0  semi.o ABSOLUTE
    ../clib/microlib/stdio/streams.c         0x00000000   Number         0  stdout.o ABSOLUTE
    ../clib/microlib/string/memcpy.c         0x00000000   Number         0  memcpyb.o ABSOLUTE
    ../clib/microlib/string/memcpy.c         0x00000000   Number         0  memcpya.o ABSOLUTE
    ../clib/microlib/string/memset.c         0x00000000   Number         0  memseta.o ABSOLUTE
    ../clib/microlib/string/strlen.c         0x00000000   Number         0  strlen.o ABSOLUTE
    ../clib/microlib/stubs.s                 0x00000000   Number         0  iusesemip.o ABSOLUTE
    ../clib/microlib/stubs.s                 0x00000000   Number         0  iusefp.o ABSOLUTE
    ../fplib/microlib/fpadd.c                0x00000000   Number         0  dadd.o ABSOLUTE
    ../fplib/microlib/fpdiv.c                0x00000000   Number         0  ddiv.o ABSOLUTE
    ../fplib/microlib/fpepilogue.c           0x00000000   Number         0  depilogue.o ABSOLUTE
    ../fplib/microlib/fpfix.c                0x00000000   Number         0  dfixul.o ABSOLUTE
    ../fplib/microlib/fpmul.c                0x00000000   Number         0  dmul.o ABSOLUTE
    ..\CMSIS\GD\GD32F4xx\Source\ARM\startup_gd32f450_470.s 0x00000000   Number         0  startup_gd32f450_470.o ABSOLUTE
    ..\CMSIS\GD\GD32F4xx\Source\system_gd32f4xx.c 0x00000000   Number         0  system_gd32f4xx.o ABSOLUTE
    ..\Driver\BootLoader\BootConfig.c        0x00000000   Number         0  bootconfig_1.o ABSOLUTE
    ..\Driver\LED\LED.c                      0x00000000   Number         0  led_1.o ABSOLUTE
    ..\Driver\OLED\OLED.c                    0x00000000   Number         0  oled.o ABSOLUTE
    ..\Driver\ROM\rom.c                      0x00000000   Number         0  rom_1.o ABSOLUTE
    ..\Driver\TIMER\timer.c                  0x00000000   Number         0  timer_1.o ABSOLUTE
    ..\Driver\USART1\USART1.c                0x00000000   Number         0  usart1_1.o ABSOLUTE
    ..\Function\Function.c                   0x00000000   Number         0  function.o ABSOLUTE
    ..\Function\upgrade.c                    0x00000000   Number         0  upgrade.o ABSOLUTE
    ..\Library\GD32F4xx_standard_peripheral\Source\gd32f4xx_adc.c 0x00000000   Number         0  gd32f4xx_adc.o ABSOLUTE
    ..\Library\GD32F4xx_standard_peripheral\Source\gd32f4xx_can.c 0x00000000   Number         0  gd32f4xx_can.o ABSOLUTE
    ..\Library\GD32F4xx_standard_peripheral\Source\gd32f4xx_crc.c 0x00000000   Number         0  gd32f4xx_crc.o ABSOLUTE
    ..\Library\GD32F4xx_standard_peripheral\Source\gd32f4xx_ctc.c 0x00000000   Number         0  gd32f4xx_ctc.o ABSOLUTE
    ..\Library\GD32F4xx_standard_peripheral\Source\gd32f4xx_dac.c 0x00000000   Number         0  gd32f4xx_dac.o ABSOLUTE
    ..\Library\GD32F4xx_standard_peripheral\Source\gd32f4xx_dbg.c 0x00000000   Number         0  gd32f4xx_dbg.o ABSOLUTE
    ..\Library\GD32F4xx_standard_peripheral\Source\gd32f4xx_dci.c 0x00000000   Number         0  gd32f4xx_dci.o ABSOLUTE
    ..\Library\GD32F4xx_standard_peripheral\Source\gd32f4xx_dma.c 0x00000000   Number         0  gd32f4xx_dma.o ABSOLUTE
    ..\Library\GD32F4xx_standard_peripheral\Source\gd32f4xx_enet.c 0x00000000   Number         0  gd32f4xx_enet.o ABSOLUTE
    ..\Library\GD32F4xx_standard_peripheral\Source\gd32f4xx_exmc.c 0x00000000   Number         0  gd32f4xx_exmc.o ABSOLUTE
    ..\Library\GD32F4xx_standard_peripheral\Source\gd32f4xx_exti.c 0x00000000   Number         0  gd32f4xx_exti.o ABSOLUTE
    ..\Library\GD32F4xx_standard_peripheral\Source\gd32f4xx_fmc.c 0x00000000   Number         0  gd32f4xx_fmc.o ABSOLUTE
    ..\Library\GD32F4xx_standard_peripheral\Source\gd32f4xx_fwdgt.c 0x00000000   Number         0  gd32f4xx_fwdgt.o ABSOLUTE
    ..\Library\GD32F4xx_standard_peripheral\Source\gd32f4xx_gpio.c 0x00000000   Number         0  gd32f4xx_gpio.o ABSOLUTE
    ..\Library\GD32F4xx_standard_peripheral\Source\gd32f4xx_i2c.c 0x00000000   Number         0  gd32f4xx_i2c.o ABSOLUTE
    ..\Library\GD32F4xx_standard_peripheral\Source\gd32f4xx_ipa.c 0x00000000   Number         0  gd32f4xx_ipa.o ABSOLUTE
    ..\Library\GD32F4xx_standard_peripheral\Source\gd32f4xx_iref.c 0x00000000   Number         0  gd32f4xx_iref.o ABSOLUTE
    ..\Library\GD32F4xx_standard_peripheral\Source\gd32f4xx_misc.c 0x00000000   Number         0  gd32f4xx_misc.o ABSOLUTE
    ..\Library\GD32F4xx_standard_peripheral\Source\gd32f4xx_pmu.c 0x00000000   Number         0  gd32f4xx_pmu.o ABSOLUTE
    ..\Library\GD32F4xx_standard_peripheral\Source\gd32f4xx_rcu.c 0x00000000   Number         0  gd32f4xx_rcu.o ABSOLUTE
    ..\Library\GD32F4xx_standard_peripheral\Source\gd32f4xx_rtc.c 0x00000000   Number         0  gd32f4xx_rtc.o ABSOLUTE
    ..\Library\GD32F4xx_standard_peripheral\Source\gd32f4xx_sdio.c 0x00000000   Number         0  gd32f4xx_sdio.o ABSOLUTE
    ..\Library\GD32F4xx_standard_peripheral\Source\gd32f4xx_spi.c 0x00000000   Number         0  gd32f4xx_spi.o ABSOLUTE
    ..\Library\GD32F4xx_standard_peripheral\Source\gd32f4xx_syscfg.c 0x00000000   Number         0  gd32f4xx_syscfg.o ABSOLUTE
    ..\Library\GD32F4xx_standard_peripheral\Source\gd32f4xx_timer.c 0x00000000   Number         0  gd32f4xx_timer.o ABSOLUTE
    ..\Library\GD32F4xx_standard_peripheral\Source\gd32f4xx_tli.c 0x00000000   Number         0  gd32f4xx_tli.o ABSOLUTE
    ..\Library\GD32F4xx_standard_peripheral\Source\gd32f4xx_trng.c 0x00000000   Number         0  gd32f4xx_trng.o ABSOLUTE
    ..\Library\GD32F4xx_standard_peripheral\Source\gd32f4xx_usart.c 0x00000000   Number         0  gd32f4xx_usart.o ABSOLUTE
    ..\Library\GD32F4xx_standard_peripheral\Source\gd32f4xx_wwdgt.c 0x00000000   Number         0  gd32f4xx_wwdgt.o ABSOLUTE
    ..\Protocol\Protocol.c                   0x00000000   Number         0  protocol.o ABSOLUTE
    ..\Protocol\crc32.c                      0x00000000   Number         0  crc32.o ABSOLUTE
    ..\User\gd32f4xx_it.c                    0x00000000   Number         0  gd32f4xx_it.o ABSOLUTE
    ..\User\main.c                           0x00000000   Number         0  main.o ABSOLUTE
    ..\User\systick.c                        0x00000000   Number         0  systick.o ABSOLUTE
    ..\\CMSIS\\GD\\GD32F4xx\\Source\\system_gd32f4xx.c 0x00000000   Number         0  system_gd32f4xx.o ABSOLUTE
    ..\\Driver\\BootLoader\\BootConfig.c     0x00000000   Number         0  bootconfig_1.o ABSOLUTE
    ..\\Driver\\LED\\LED.c                   0x00000000   Number         0  led_1.o ABSOLUTE
    ..\\Driver\\OLED\\OLED.c                 0x00000000   Number         0  oled.o ABSOLUTE
    ..\\Driver\\ROM\\rom.c                   0x00000000   Number         0  rom_1.o ABSOLUTE
    ..\\Driver\\TIMER\\timer.c               0x00000000   Number         0  timer_1.o ABSOLUTE
    ..\\Driver\\USART1\\USART1.c             0x00000000   Number         0  usart1_1.o ABSOLUTE
    ..\\Function\\Function.c                 0x00000000   Number         0  function.o ABSOLUTE
    ..\\Function\\upgrade.c                  0x00000000   Number         0  upgrade.o ABSOLUTE
    ..\\Library\\GD32F4xx_standard_peripheral\\Source\\gd32f4xx_adc.c 0x00000000   Number         0  gd32f4xx_adc.o ABSOLUTE
    ..\\Library\\GD32F4xx_standard_peripheral\\Source\\gd32f4xx_can.c 0x00000000   Number         0  gd32f4xx_can.o ABSOLUTE
    ..\\Library\\GD32F4xx_standard_peripheral\\Source\\gd32f4xx_crc.c 0x00000000   Number         0  gd32f4xx_crc.o ABSOLUTE
    ..\\Library\\GD32F4xx_standard_peripheral\\Source\\gd32f4xx_ctc.c 0x00000000   Number         0  gd32f4xx_ctc.o ABSOLUTE
    ..\\Library\\GD32F4xx_standard_peripheral\\Source\\gd32f4xx_dac.c 0x00000000   Number         0  gd32f4xx_dac.o ABSOLUTE
    ..\\Library\\GD32F4xx_standard_peripheral\\Source\\gd32f4xx_dbg.c 0x00000000   Number         0  gd32f4xx_dbg.o ABSOLUTE
    ..\\Library\\GD32F4xx_standard_peripheral\\Source\\gd32f4xx_dci.c 0x00000000   Number         0  gd32f4xx_dci.o ABSOLUTE
    ..\\Library\\GD32F4xx_standard_peripheral\\Source\\gd32f4xx_dma.c 0x00000000   Number         0  gd32f4xx_dma.o ABSOLUTE
    ..\\Library\\GD32F4xx_standard_peripheral\\Source\\gd32f4xx_enet.c 0x00000000   Number         0  gd32f4xx_enet.o ABSOLUTE
    ..\\Library\\GD32F4xx_standard_peripheral\\Source\\gd32f4xx_exmc.c 0x00000000   Number         0  gd32f4xx_exmc.o ABSOLUTE
    ..\\Library\\GD32F4xx_standard_peripheral\\Source\\gd32f4xx_exti.c 0x00000000   Number         0  gd32f4xx_exti.o ABSOLUTE
    ..\\Library\\GD32F4xx_standard_peripheral\\Source\\gd32f4xx_fmc.c 0x00000000   Number         0  gd32f4xx_fmc.o ABSOLUTE
    ..\\Library\\GD32F4xx_standard_peripheral\\Source\\gd32f4xx_fwdgt.c 0x00000000   Number         0  gd32f4xx_fwdgt.o ABSOLUTE
    ..\\Library\\GD32F4xx_standard_peripheral\\Source\\gd32f4xx_gpio.c 0x00000000   Number         0  gd32f4xx_gpio.o ABSOLUTE
    ..\\Library\\GD32F4xx_standard_peripheral\\Source\\gd32f4xx_i2c.c 0x00000000   Number         0  gd32f4xx_i2c.o ABSOLUTE
    ..\\Library\\GD32F4xx_standard_peripheral\\Source\\gd32f4xx_ipa.c 0x00000000   Number         0  gd32f4xx_ipa.o ABSOLUTE
    ..\\Library\\GD32F4xx_standard_peripheral\\Source\\gd32f4xx_iref.c 0x00000000   Number         0  gd32f4xx_iref.o ABSOLUTE
    ..\\Library\\GD32F4xx_standard_peripheral\\Source\\gd32f4xx_misc.c 0x00000000   Number         0  gd32f4xx_misc.o ABSOLUTE
    ..\\Library\\GD32F4xx_standard_peripheral\\Source\\gd32f4xx_pmu.c 0x00000000   Number         0  gd32f4xx_pmu.o ABSOLUTE
    ..\\Library\\GD32F4xx_standard_peripheral\\Source\\gd32f4xx_rcu.c 0x00000000   Number         0  gd32f4xx_rcu.o ABSOLUTE
    ..\\Library\\GD32F4xx_standard_peripheral\\Source\\gd32f4xx_rtc.c 0x00000000   Number         0  gd32f4xx_rtc.o ABSOLUTE
    ..\\Library\\GD32F4xx_standard_peripheral\\Source\\gd32f4xx_sdio.c 0x00000000   Number         0  gd32f4xx_sdio.o ABSOLUTE
    ..\\Library\\GD32F4xx_standard_peripheral\\Source\\gd32f4xx_spi.c 0x00000000   Number         0  gd32f4xx_spi.o ABSOLUTE
    ..\\Library\\GD32F4xx_standard_peripheral\\Source\\gd32f4xx_syscfg.c 0x00000000   Number         0  gd32f4xx_syscfg.o ABSOLUTE
    ..\\Library\\GD32F4xx_standard_peripheral\\Source\\gd32f4xx_timer.c 0x00000000   Number         0  gd32f4xx_timer.o ABSOLUTE
    ..\\Library\\GD32F4xx_standard_peripheral\\Source\\gd32f4xx_tli.c 0x00000000   Number         0  gd32f4xx_tli.o ABSOLUTE
    ..\\Library\\GD32F4xx_standard_peripheral\\Source\\gd32f4xx_trng.c 0x00000000   Number         0  gd32f4xx_trng.o ABSOLUTE
    ..\\Library\\GD32F4xx_standard_peripheral\\Source\\gd32f4xx_usart.c 0x00000000   Number         0  gd32f4xx_usart.o ABSOLUTE
    ..\\Library\\GD32F4xx_standard_peripheral\\Source\\gd32f4xx_wwdgt.c 0x00000000   Number         0  gd32f4xx_wwdgt.o ABSOLUTE
    ..\\Protocol\\Protocol.c                 0x00000000   Number         0  protocol.o ABSOLUTE
    ..\\Protocol\\crc32.c                    0x00000000   Number         0  crc32.o ABSOLUTE
    ..\\User\\gd32f4xx_it.c                  0x00000000   Number         0  gd32f4xx_it.o ABSOLUTE
    ..\\User\\main.c                         0x00000000   Number         0  main.o ABSOLUTE
    ..\\User\\systick.c                      0x00000000   Number         0  systick.o ABSOLUTE
    cdrcmple.s                               0x00000000   Number         0  cdrcmple.o ABSOLUTE
    dc.s                                     0x00000000   Number         0  dc.o ABSOLUTE
    handlers.s                               0x00000000   Number         0  handlers.o ABSOLUTE
    init.s                                   0x00000000   Number         0  init.o ABSOLUTE
    RESET                                    0x08000000   Section      428  startup_gd32f450_470.o(RESET)
    .ARM.Collect$$$$00000000                 0x080001ac   Section        0  entry.o(.ARM.Collect$$$$00000000)
    .ARM.Collect$$$$00000001                 0x080001ac   Section        4  entry2.o(.ARM.Collect$$$$00000001)
    .ARM.Collect$$$$00000004                 0x080001b0   Section        4  entry5.o(.ARM.Collect$$$$00000004)
    .ARM.Collect$$$$00000008                 0x080001b4   Section        0  entry7b.o(.ARM.Collect$$$$00000008)
    .ARM.Collect$$$$0000000A                 0x080001b4   Section        0  entry8b.o(.ARM.Collect$$$$0000000A)
    .ARM.Collect$$$$0000000B                 0x080001b4   Section        8  entry9a.o(.ARM.Collect$$$$0000000B)
    .ARM.Collect$$$$0000000D                 0x080001bc   Section        0  entry10a.o(.ARM.Collect$$$$0000000D)
    .ARM.Collect$$$$0000000F                 0x080001bc   Section        0  entry11a.o(.ARM.Collect$$$$0000000F)
    .ARM.Collect$$$$00002712                 0x080001bc   Section        4  entry2.o(.ARM.Collect$$$$00002712)
    __lit__00000000                          0x080001bc   Data           4  entry2.o(.ARM.Collect$$$$00002712)
    .text                                    0x080001c0   Section       36  startup_gd32f450_470.o(.text)
    $v0                                      0x080001c0   Number         0  startup_gd32f450_470.o(.text)
    .text                                    0x080001e4   Section        0  memcpya.o(.text)
    .text                                    0x08000208   Section        0  memseta.o(.text)
    .text                                    0x0800022c   Section        0  strlen.o(.text)
    .text                                    0x0800023a   Section        0  uidiv.o(.text)
    .text                                    0x08000266   Section        0  uldiv.o(.text)
    .text                                    0x080002c8   Section        0  dadd.o(.text)
    .text                                    0x080002c8   Section        0  iusefp.o(.text)
    .text                                    0x08000416   Section        0  dmul.o(.text)
    .text                                    0x080004fa   Section        0  ddiv.o(.text)
    .text                                    0x080005d8   Section        0  dfixul.o(.text)
    .text                                    0x08000608   Section       48  cdrcmple.o(.text)
    .text                                    0x08000638   Section       36  init.o(.text)
    .text                                    0x0800065c   Section        0  llshl.o(.text)
    .text                                    0x0800067a   Section        0  llushr.o(.text)
    .text                                    0x0800069a   Section        0  llsshr.o(.text)
    .text                                    0x080006be   Section        0  depilogue.o(.text)
    i.Analysis_ConfigForAddr                 0x08000778   Section        0  function.o(i.Analysis_ConfigForAddr)
    Analysis_ConfigForAddr                   0x08000779   Thumb Code    30  function.o(i.Analysis_ConfigForAddr)
    i.AsciiCharToHex                         0x080007a0   Section        0  protocol.o(i.AsciiCharToHex)
    AsciiCharToHex                           0x080007a1   Thumb Code    54  protocol.o(i.AsciiCharToHex)
    i.AsciiToBytes                           0x080007d6   Section        0  protocol.o(i.AsciiToBytes)
    AsciiToBytes                             0x080007d7   Thumb Code    86  protocol.o(i.AsciiToBytes)
    i.Backup_App                             0x0800082c   Section        0  function.o(i.Backup_App)
    i.BusFault_Handler                       0x08000a68   Section        0  gd32f4xx_it.o(i.BusFault_Handler)
    i.BytesToAscii                           0x08000a6c   Section        0  protocol.o(i.BytesToAscii)
    BytesToAscii                             0x08000a6d   Thumb Code    72  protocol.o(i.BytesToAscii)
    i.CRC16_Modbus                           0x08000ac8   Section        0  protocol.o(i.CRC16_Modbus)
    i.Clear_Download_Area                    0x08000b04   Section        0  function.o(i.Clear_Download_Area)
    Clear_Download_Area                      0x08000b05   Thumb Code    24  function.o(i.Clear_Download_Area)
    i.DebugMon_Handler                       0x08000b6c   Section        0  gd32f4xx_it.o(i.DebugMon_Handler)
    i.Download_Transport                     0x08000b70   Section        0  function.o(i.Download_Transport)
    Download_Transport                       0x08000b71   Thumb Code   138  function.o(i.Download_Transport)
    i.Flash_Copy_ByPage                      0x08000cdc   Section        0  function.o(i.Flash_Copy_ByPage)
    Flash_Copy_ByPage                        0x08000cdd   Thumb Code    86  function.o(i.Flash_Copy_ByPage)
    i.Flash_Erase_Pages                      0x08000d38   Section        0  function.o(i.Flash_Erase_Pages)
    Flash_Erase_Pages                        0x08000d39   Thumb Code    32  function.o(i.Flash_Erase_Pages)
    i.HardFault_Handler                      0x08000d58   Section        0  gd32f4xx_it.o(i.HardFault_Handler)
    i.I2C_Start                              0x08000d5c   Section        0  oled.o(i.I2C_Start)
    i.I2C_Stop                               0x08000db4   Section        0  oled.o(i.I2C_Stop)
    i.I2C_WaitAck                            0x08000dfc   Section        0  oled.o(i.I2C_WaitAck)
    i.IIC_delay                              0x08000e74   Section        0  oled.o(i.IIC_delay)
    i.LED_Init                               0x08000e84   Section        0  led_1.o(i.LED_Init)
    i.MemManage_Handler                      0x08000eb4   Section        0  gd32f4xx_it.o(i.MemManage_Handler)
    i.NMI_Handler                            0x08000eb8   Section        0  gd32f4xx_it.o(i.NMI_Handler)
    i.NVIC_SetPriority                       0x08000ebc   Section        0  systick.o(i.NVIC_SetPriority)
    NVIC_SetPriority                         0x08000ebd   Thumb Code    32  systick.o(i.NVIC_SetPriority)
    i.OLED_Clear                             0x08000ee4   Section        0  oled.o(i.OLED_Clear)
    i.OLED_ClearPoint                        0x08000f14   Section        0  oled.o(i.OLED_ClearPoint)
    i.OLED_DrawPoint                         0x08000f74   Section        0  oled.o(i.OLED_DrawPoint)
    i.OLED_Init                              0x08000fb0   Section        0  oled.o(i.OLED_Init)
    i.OLED_Refresh                           0x080010f8   Section        0  oled.o(i.OLED_Refresh)
    i.OLED_ShowChar                          0x08001144   Section        0  oled.o(i.OLED_ShowChar)
    i.OLED_ShowString                        0x08001240   Section        0  oled.o(i.OLED_ShowString)
    i.OLED_WR_Byte                           0x08001282   Section        0  oled.o(i.OLED_WR_Byte)
    i.PendSV_Handler                         0x080012ba   Section        0  gd32f4xx_it.o(i.PendSV_Handler)
    i.Protocol_ParseFrame                    0x080012bc   Section        0  protocol.o(i.Protocol_ParseFrame)
    i.Protocol_SendAck                       0x08001484   Section        0  protocol.o(i.Protocol_SendAck)
    i.Protocol_SendFrame                     0x0800149e   Section        0  protocol.o(i.Protocol_SendFrame)
    Protocol_SendFrame                       0x0800149f   Thumb Code   204  protocol.o(i.Protocol_SendFrame)
    i.RS485_Init                             0x0800156c   Section        0  usart1_1.o(i.RS485_Init)
    i.RS485_Printf                           0x08001670   Section        0  usart1_1.o(i.RS485_Printf)
    i.RS485_SendData                         0x080016a4   Section        0  usart1_1.o(i.RS485_SendData)
    i.Receive_Firmware_Raw                   0x08001708   Section        0  function.o(i.Receive_Firmware_Raw)
    Receive_Firmware_Raw                     0x08001709   Thumb Code   278  function.o(i.Receive_Firmware_Raw)
    i.SVC_Handler                            0x080019ac   Section        0  gd32f4xx_it.o(i.SVC_Handler)
    i.Send_Byte                              0x080019b0   Section        0  oled.o(i.Send_Byte)
    i.Send_PrepareFirmware_Ack               0x08001a0c   Section        0  function.o(i.Send_PrepareFirmware_Ack)
    Send_PrepareFirmware_Ack                 0x08001a0d   Thumb Code   202  function.o(i.Send_PrepareFirmware_Ack)
    i.SysTick_Handler                        0x08001b28   Section        0  gd32f4xx_it.o(i.SysTick_Handler)
    i.SystemInit                             0x08001b30   Section        0  system_gd32f4xx.o(i.SystemInit)
    i.System_Init                            0x08001c04   Section        0  function.o(i.System_Init)
    i.TIMER6_IRQHandler                      0x08001c20   Section        0  timer_1.o(i.TIMER6_IRQHandler)
    i.USART1_IRQHandler                      0x08001c3c   Section        0  usart1_1.o(i.USART1_IRQHandler)
    i.Upgrade_CheckBlank                     0x08001c94   Section        0  upgrade.o(i.Upgrade_CheckBlank)
    Upgrade_CheckBlank                       0x08001c95   Thumb Code    42  upgrade.o(i.Upgrade_CheckBlank)
    i.Upgrade_CheckHeader                    0x08001cf0   Section        0  upgrade.o(i.Upgrade_CheckHeader)
    Upgrade_CheckHeader                      0x08001cf1   Thumb Code    30  upgrade.o(i.Upgrade_CheckHeader)
    i.Upgrade_FinishPayload                  0x08001d38   Section        0  upgrade.o(i.Upgrade_FinishPayload)
    Upgrade_FinishPayload                    0x08001d39   Thumb Code   110  upgrade.o(i.Upgrade_FinishPayload)
    i.Upgrade_FlushPayload                   0x08001e84   Section        0  upgrade.o(i.Upgrade_FlushPayload)
    Upgrade_FlushPayload                     0x08001e85   Thumb Code    36  upgrade.o(i.Upgrade_FlushPayload)
    i.Upgrade_HandleByte                     0x08001eb0   Section        0  upgrade.o(i.Upgrade_HandleByte)
    Upgrade_HandleByte                       0x08001eb1   Thumb Code   174  upgrade.o(i.Upgrade_HandleByte)
    i.Upgrade_Init                           0x08001fb8   Section        0  upgrade.o(i.Upgrade_Init)
    i.Upgrade_LoadBootParam                  0x08002008   Section        0  upgrade.o(i.Upgrade_LoadBootParam)
    Upgrade_LoadBootParam                    0x08002009   Thumb Code    42  upgrade.o(i.Upgrade_LoadBootParam)
    i.Upgrade_ParseHeader                    0x08002040   Section        0  upgrade.o(i.Upgrade_ParseHeader)
    Upgrade_ParseHeader                      0x08002041   Thumb Code    16  upgrade.o(i.Upgrade_ParseHeader)
    i.Upgrade_ReadU32BE                      0x08002058   Section        0  upgrade.o(i.Upgrade_ReadU32BE)
    Upgrade_ReadU32BE                        0x08002059   Thumb Code    24  upgrade.o(i.Upgrade_ReadU32BE)
    i.Upgrade_ResetState                     0x08002070   Section        0  upgrade.o(i.Upgrade_ResetState)
    Upgrade_ResetState                       0x08002071   Thumb Code    60  upgrade.o(i.Upgrade_ResetState)
    i.Upgrade_SaveBootParam                  0x080020d0   Section        0  upgrade.o(i.Upgrade_SaveBootParam)
    Upgrade_SaveBootParam                    0x080020d1   Thumb Code    34  upgrade.o(i.Upgrade_SaveBootParam)
    i.Upgrade_Task                           0x08002100   Section        0  upgrade.o(i.Upgrade_Task)
    i.Upgrade_UpdateBootParam                0x080021e4   Section        0  upgrade.o(i.Upgrade_UpdateBootParam)
    Upgrade_UpdateBootParam                  0x080021e5   Thumb Code    90  upgrade.o(i.Upgrade_UpdateBootParam)
    i.Upgrade_WritePayload                   0x0800227c   Section        0  upgrade.o(i.Upgrade_WritePayload)
    Upgrade_WritePayload                     0x0800227d   Thumb Code    78  upgrade.o(i.Upgrade_WritePayload)
    i.UsageFault_Handler                     0x080022d8   Section        0  gd32f4xx_it.o(i.UsageFault_Handler)
    i.Usart1Ring_GetCount                    0x080022dc   Section        0  usart1_1.o(i.Usart1Ring_GetCount)
    i.Usart1Ring_Peek                        0x08002300   Section        0  usart1_1.o(i.Usart1Ring_Peek)
    i.Usart1Ring_PutChar                     0x08002340   Section        0  usart1_1.o(i.Usart1Ring_PutChar)
    i.Usart1Ring_Skip                        0x08002380   Section        0  usart1_1.o(i.Usart1Ring_Skip)
    i.Usart1_ReadByte                        0x080023b0   Section        0  usart1_1.o(i.Usart1_ReadByte)
    i.Usart1_RxOverflow                      0x080023f0   Section        0  usart1_1.o(i.Usart1_RxOverflow)
    i.Usart1_RxReset                         0x080023fc   Section        0  usart1_1.o(i.Usart1_RxReset)
    i.UsrFunction                            0x0800240c   Section        0  function.o(i.UsrFunction)
    i.Verify_Firmware_MagicWord              0x08002da0   Section        0  function.o(i.Verify_Firmware_MagicWord)
    Verify_Firmware_MagicWord                0x08002da1   Thumb Code    30  function.o(i.Verify_Firmware_MagicWord)
    i.__0sprintf                             0x08002df4   Section        0  printfa.o(i.__0sprintf)
    i.__0vsnprintf                           0x08002e1c   Section        0  printfa.o(i.__0vsnprintf)
    i.__scatterload_copy                     0x08002e48   Section       14  handlers.o(i.__scatterload_copy)
    i.__scatterload_null                     0x08002e56   Section        2  handlers.o(i.__scatterload_null)
    i.__scatterload_zeroinit                 0x08002e58   Section       14  handlers.o(i.__scatterload_zeroinit)
    i._fp_digits                             0x08002e68   Section        0  printfa.o(i._fp_digits)
    _fp_digits                               0x08002e69   Thumb Code   366  printfa.o(i._fp_digits)
    i._printf_core                           0x08002fec   Section        0  printfa.o(i._printf_core)
    _printf_core                             0x08002fed   Thumb Code  1744  printfa.o(i._printf_core)
    i._printf_post_padding                   0x080036c8   Section        0  printfa.o(i._printf_post_padding)
    _printf_post_padding                     0x080036c9   Thumb Code    36  printfa.o(i._printf_post_padding)
    i._printf_pre_padding                    0x080036ec   Section        0  printfa.o(i._printf_pre_padding)
    _printf_pre_padding                      0x080036ed   Thumb Code    46  printfa.o(i._printf_pre_padding)
    i._snputc                                0x0800371a   Section        0  printfa.o(i._snputc)
    _snputc                                  0x0800371b   Thumb Code    22  printfa.o(i._snputc)
    i._sputc                                 0x08003730   Section        0  printfa.o(i._sputc)
    _sputc                                   0x08003731   Thumb Code    10  printfa.o(i._sputc)
    i.bootloader_config_init                 0x0800373c   Section        0  bootconfig_1.o(i.bootloader_config_init)
    i.crc32_calc                             0x080038b0   Section        0  crc32.o(i.crc32_calc)
    i.crc32_finalize                         0x080038cc   Section        0  crc32.o(i.crc32_finalize)
    i.crc32_init                             0x080038d2   Section        0  crc32.o(i.crc32_init)
    i.crc32_update                           0x080038d8   Section        0  crc32.o(i.crc32_update)
    i.delay_1ms                              0x0800390c   Section        0  systick.o(i.delay_1ms)
    i.delay_decrement                        0x08003920   Section        0  systick.o(i.delay_decrement)
    i.fmc_byte_program                       0x08003938   Section        0  gd32f4xx_fmc.o(i.fmc_byte_program)
    i.fmc_flag_clear                         0x08003988   Section        0  gd32f4xx_fmc.o(i.fmc_flag_clear)
    i.fmc_flag_get                           0x08003994   Section        0  gd32f4xx_fmc.o(i.fmc_flag_get)
    i.fmc_lock                               0x080039ac   Section        0  gd32f4xx_fmc.o(i.fmc_lock)
    i.fmc_page_erase                         0x080039c0   Section        0  gd32f4xx_fmc.o(i.fmc_page_erase)
    i.fmc_ready_wait                         0x08003a3c   Section        0  gd32f4xx_fmc.o(i.fmc_ready_wait)
    i.fmc_state_get                          0x08003a5c   Section        0  gd32f4xx_fmc.o(i.fmc_state_get)
    i.fmc_unlock                             0x08003aa8   Section        0  gd32f4xx_fmc.o(i.fmc_unlock)
    i.gpio_af_set                            0x08003acc   Section        0  gd32f4xx_gpio.o(i.gpio_af_set)
    i.gpio_bit_reset                         0x08003b2a   Section        0  gd32f4xx_gpio.o(i.gpio_bit_reset)
    i.gpio_bit_set                           0x08003b2e   Section        0  gd32f4xx_gpio.o(i.gpio_bit_set)
    i.gpio_input_bit_get                     0x08003b32   Section        0  gd32f4xx_gpio.o(i.gpio_input_bit_get)
    i.gpio_mode_set                          0x08003b42   Section        0  gd32f4xx_gpio.o(i.gpio_mode_set)
    i.gpio_output_options_set                0x08003b90   Section        0  gd32f4xx_gpio.o(i.gpio_output_options_set)
    i.iap_load_app                           0x08003bd4   Section        0  function.o(i.iap_load_app)
    i.internal_flash_erase                   0x08003c60   Section        0  rom_1.o(i.internal_flash_erase)
    i.internal_flash_read_Char               0x08003ca4   Section        0  rom_1.o(i.internal_flash_read_Char)
    i.internal_flash_write_str_Char          0x08003caa   Section        0  rom_1.o(i.internal_flash_write_str_Char)
    i.jump_to_app                            0x08003cf8   Section        0  function.o(i.jump_to_app)
    i.main                                   0x08003e20   Section        0  main.o(i.main)
    i.mcu_software_reset                     0x08003e30   Section        0  function.o(i.mcu_software_reset)
    i.my_timer_init                          0x08003e64   Section        0  timer_1.o(i.my_timer_init)
    i.nvic_irq_enable                        0x08003ed8   Section        0  gd32f4xx_misc.o(i.nvic_irq_enable)
    i.nvic_priority_group_set                0x08003f9c   Section        0  gd32f4xx_misc.o(i.nvic_priority_group_set)
    i.rcu_clock_freq_get                     0x08003fb0   Section        0  gd32f4xx_rcu.o(i.rcu_clock_freq_get)
    i.rcu_periph_clock_enable                0x080040d4   Section        0  gd32f4xx_rcu.o(i.rcu_periph_clock_enable)
    i.rcu_periph_reset_disable               0x080040f8   Section        0  gd32f4xx_rcu.o(i.rcu_periph_reset_disable)
    i.rcu_periph_reset_enable                0x0800411c   Section        0  gd32f4xx_rcu.o(i.rcu_periph_reset_enable)
    i.rcu_timer_clock_prescaler_config       0x08004140   Section        0  gd32f4xx_rcu.o(i.rcu_timer_clock_prescaler_config)
    i.system_clock_240m_25m_hxtal            0x08004164   Section        0  system_gd32f4xx.o(i.system_clock_240m_25m_hxtal)
    system_clock_240m_25m_hxtal              0x08004165   Thumb Code   250  system_gd32f4xx.o(i.system_clock_240m_25m_hxtal)
    i.system_clock_config                    0x0800426c   Section        0  system_gd32f4xx.o(i.system_clock_config)
    system_clock_config                      0x0800426d   Thumb Code     8  system_gd32f4xx.o(i.system_clock_config)
    i.systick_config                         0x08004274   Section        0  systick.o(i.systick_config)
    i.timer_deinit                           0x080042c4   Section        0  gd32f4xx_timer.o(i.timer_deinit)
    i.timer_enable                           0x08004448   Section        0  gd32f4xx_timer.o(i.timer_enable)
    i.timer_init                             0x08004454   Section        0  gd32f4xx_timer.o(i.timer_init)
    i.timer_interrupt_enable                 0x080044ec   Section        0  gd32f4xx_timer.o(i.timer_interrupt_enable)
    i.timer_interrupt_flag_clear             0x080044f4   Section        0  gd32f4xx_timer.o(i.timer_interrupt_flag_clear)
    i.timer_interrupt_flag_get               0x080044fa   Section        0  gd32f4xx_timer.o(i.timer_interrupt_flag_get)
    i.usart_baudrate_set                     0x08004514   Section        0  gd32f4xx_usart.o(i.usart_baudrate_set)
    i.usart_data_receive                     0x080045fc   Section        0  gd32f4xx_usart.o(i.usart_data_receive)
    i.usart_data_transmit                    0x08004606   Section        0  gd32f4xx_usart.o(i.usart_data_transmit)
    i.usart_deinit                           0x08004610   Section        0  gd32f4xx_usart.o(i.usart_deinit)
    i.usart_enable                           0x080046ec   Section        0  gd32f4xx_usart.o(i.usart_enable)
    i.usart_flag_get                         0x080046f6   Section        0  gd32f4xx_usart.o(i.usart_flag_get)
    i.usart_hardware_flow_cts_config         0x08004714   Section        0  gd32f4xx_usart.o(i.usart_hardware_flow_cts_config)
    i.usart_hardware_flow_rts_config         0x08004728   Section        0  gd32f4xx_usart.o(i.usart_hardware_flow_rts_config)
    i.usart_interrupt_enable                 0x0800473c   Section        0  gd32f4xx_usart.o(i.usart_interrupt_enable)
    i.usart_interrupt_flag_get               0x08004756   Section        0  gd32f4xx_usart.o(i.usart_interrupt_flag_get)
    i.usart_parity_config                    0x0800478e   Section        0  gd32f4xx_usart.o(i.usart_parity_config)
    i.usart_receive_config                   0x0800479e   Section        0  gd32f4xx_usart.o(i.usart_receive_config)
    i.usart_stop_bit_set                     0x080047ae   Section        0  gd32f4xx_usart.o(i.usart_stop_bit_set)
    i.usart_transmit_config                  0x080047be   Section        0  gd32f4xx_usart.o(i.usart_transmit_config)
    i.usart_word_length_set                  0x080047ce   Section        0  gd32f4xx_usart.o(i.usart_word_length_set)
    .constdata                               0x080047de   Section     8152  oled.o(.constdata)
    .data                                    0x20000000   Section        4  systick.o(.data)
    delay                                    0x20000000   Data           4  systick.o(.data)
    .data                                    0x20000004   Section        4  function.o(.data)
    .data                                    0x20000008   Section       32  upgrade.o(.data)
    header_buf                               0x20000008   Data           4  upgrade.o(.data)
    upgrade_state                            0x2000000c   Data           1  upgrade.o(.data)
    upgrade_header                           0x20000010   Data           4  upgrade.o(.data)
    header_rx_len                            0x20000014   Data           4  upgrade.o(.data)
    payload_rx_len                           0x20000018   Data           4  upgrade.o(.data)
    write_buf_len                            0x2000001c   Data           4  upgrade.o(.data)
    payload_crc_state                        0x20000020   Data           4  upgrade.o(.data)
    upgrade_idle_cnt                         0x20000024   Data           4  upgrade.o(.data)
    .data                                    0x20000028   Section        4  system_gd32f4xx.o(.data)
    .bss                                     0x2000002c   Section    23090  function.o(.bss)
    .bss                                     0x20005a5e   Section     6912  upgrade.o(.bss)
    my_param_sum                             0x20005a5e   Data        2560  upgrade.o(.bss)
    config_buf                               0x2000645e   Data        4096  upgrade.o(.bss)
    write_buf                                0x2000745e   Data         256  upgrade.o(.bss)
    .bss                                     0x2000755e   Section     8198  usart1_1.o(.bss)
    .bss                                     0x20009564   Section      576  oled.o(.bss)
    STACK                                    0x200097a8   Section    30720  startup_gd32f450_470.o(STACK)

    Global Symbols

    Symbol Name                              Value     Ov Type        Size  Object(Section)

    BuildAttributes$$THM_ISAv4$E$P$D$K$B$S$7EM$VFPi3$EXTD16$VFPS$VFMA$PE$A:L22UL41UL21$X:L11$S22US41US21$IEEE1$IW$USESV6$~STKCKD$USESV7$~SHL$OSPACE$ROPI$EBA8$MICROLIB$REQ8$PRES8$EABIv2 0x00000000   Number         0  anon$$obj.o ABSOLUTE
    __ARM_use_no_argv                        0x00000000   Number         0  main.o ABSOLUTE
    __cpp_initialize__aeabi_                  - Undefined Weak Reference
    __cxa_finalize                            - Undefined Weak Reference
    __decompress                              - Undefined Weak Reference
    _clock_init                               - Undefined Weak Reference
    _microlib_exit                            - Undefined Weak Reference
    __Vectors_Size                           0x000001ac   Number         0  startup_gd32f450_470.o ABSOLUTE
    __Vectors                                0x08000000   Data           4  startup_gd32f450_470.o(RESET)
    __Vectors_End                            0x080001ac   Data           0  startup_gd32f450_470.o(RESET)
    __main                                   0x080001ad   Thumb Code     0  entry.o(.ARM.Collect$$$$00000000)
    _main_stk                                0x080001ad   Thumb Code     0  entry2.o(.ARM.Collect$$$$00000001)
    _main_scatterload                        0x080001b1   Thumb Code     0  entry5.o(.ARM.Collect$$$$00000004)
    __main_after_scatterload                 0x080001b5   Thumb Code     0  entry5.o(.ARM.Collect$$$$00000004)
    _main_clock                              0x080001b5   Thumb Code     0  entry7b.o(.ARM.Collect$$$$00000008)
    _main_cpp_init                           0x080001b5   Thumb Code     0  entry8b.o(.ARM.Collect$$$$0000000A)
    _main_init                               0x080001b5   Thumb Code     0  entry9a.o(.ARM.Collect$$$$0000000B)
    __rt_final_cpp                           0x080001bd   Thumb Code     0  entry10a.o(.ARM.Collect$$$$0000000D)
    __rt_final_exit                          0x080001bd   Thumb Code     0  entry11a.o(.ARM.Collect$$$$0000000F)
    Reset_Handler                            0x080001c1   Thumb Code     8  startup_gd32f450_470.o(.text)
    ADC_IRQHandler                           0x080001db   Thumb Code     0  startup_gd32f450_470.o(.text)
    CAN0_EWMC_IRQHandler                     0x080001db   Thumb Code     0  startup_gd32f450_470.o(.text)
    CAN0_RX0_IRQHandler                      0x080001db   Thumb Code     0  startup_gd32f450_470.o(.text)
    CAN0_RX1_IRQHandler                      0x080001db   Thumb Code     0  startup_gd32f450_470.o(.text)
    CAN0_TX_IRQHandler                       0x080001db   Thumb Code     0  startup_gd32f450_470.o(.text)
    CAN1_EWMC_IRQHandler                     0x080001db   Thumb Code     0  startup_gd32f450_470.o(.text)
    CAN1_RX0_IRQHandler                      0x080001db   Thumb Code     0  startup_gd32f450_470.o(.text)
    CAN1_RX1_IRQHandler                      0x080001db   Thumb Code     0  startup_gd32f450_470.o(.text)
    CAN1_TX_IRQHandler                       0x080001db   Thumb Code     0  startup_gd32f450_470.o(.text)
    DCI_IRQHandler                           0x080001db   Thumb Code     0  startup_gd32f450_470.o(.text)
    DMA0_Channel0_IRQHandler                 0x080001db   Thumb Code     0  startup_gd32f450_470.o(.text)
    DMA0_Channel1_IRQHandler                 0x080001db   Thumb Code     0  startup_gd32f450_470.o(.text)
    DMA0_Channel2_IRQHandler                 0x080001db   Thumb Code     0  startup_gd32f450_470.o(.text)
    DMA0_Channel3_IRQHandler                 0x080001db   Thumb Code     0  startup_gd32f450_470.o(.text)
    DMA0_Channel4_IRQHandler                 0x080001db   Thumb Code     0  startup_gd32f450_470.o(.text)
    DMA0_Channel5_IRQHandler                 0x080001db   Thumb Code     0  startup_gd32f450_470.o(.text)
    DMA0_Channel6_IRQHandler                 0x080001db   Thumb Code     0  startup_gd32f450_470.o(.text)
    DMA0_Channel7_IRQHandler                 0x080001db   Thumb Code     0  startup_gd32f450_470.o(.text)
    DMA1_Channel0_IRQHandler                 0x080001db   Thumb Code     0  startup_gd32f450_470.o(.text)
    DMA1_Channel1_IRQHandler                 0x080001db   Thumb Code     0  startup_gd32f450_470.o(.text)
    DMA1_Channel2_IRQHandler                 0x080001db   Thumb Code     0  startup_gd32f450_470.o(.text)
    DMA1_Channel3_IRQHandler                 0x080001db   Thumb Code     0  startup_gd32f450_470.o(.text)
    DMA1_Channel4_IRQHandler                 0x080001db   Thumb Code     0  startup_gd32f450_470.o(.text)
    DMA1_Channel5_IRQHandler                 0x080001db   Thumb Code     0  startup_gd32f450_470.o(.text)
    DMA1_Channel6_IRQHandler                 0x080001db   Thumb Code     0  startup_gd32f450_470.o(.text)
    DMA1_Channel7_IRQHandler                 0x080001db   Thumb Code     0  startup_gd32f450_470.o(.text)
    ENET_IRQHandler                          0x080001db   Thumb Code     0  startup_gd32f450_470.o(.text)
    ENET_WKUP_IRQHandler                     0x080001db   Thumb Code     0  startup_gd32f450_470.o(.text)
    EXMC_IRQHandler                          0x080001db   Thumb Code     0  startup_gd32f450_470.o(.text)
    EXTI0_IRQHandler                         0x080001db   Thumb Code     0  startup_gd32f450_470.o(.text)
    EXTI10_15_IRQHandler                     0x080001db   Thumb Code     0  startup_gd32f450_470.o(.text)
    EXTI1_IRQHandler                         0x080001db   Thumb Code     0  startup_gd32f450_470.o(.text)
    EXTI2_IRQHandler                         0x080001db   Thumb Code     0  startup_gd32f450_470.o(.text)
    EXTI3_IRQHandler                         0x080001db   Thumb Code     0  startup_gd32f450_470.o(.text)
    EXTI4_IRQHandler                         0x080001db   Thumb Code     0  startup_gd32f450_470.o(.text)
    EXTI5_9_IRQHandler                       0x080001db   Thumb Code     0  startup_gd32f450_470.o(.text)
    FMC_IRQHandler                           0x080001db   Thumb Code     0  startup_gd32f450_470.o(.text)
    FPU_IRQHandler                           0x080001db   Thumb Code     0  startup_gd32f450_470.o(.text)
    I2C0_ER_IRQHandler                       0x080001db   Thumb Code     0  startup_gd32f450_470.o(.text)
    I2C0_EV_IRQHandler                       0x080001db   Thumb Code     0  startup_gd32f450_470.o(.text)
    I2C1_ER_IRQHandler                       0x080001db   Thumb Code     0  startup_gd32f450_470.o(.text)
    I2C1_EV_IRQHandler                       0x080001db   Thumb Code     0  startup_gd32f450_470.o(.text)
    I2C2_ER_IRQHandler                       0x080001db   Thumb Code     0  startup_gd32f450_470.o(.text)
    I2C2_EV_IRQHandler                       0x080001db   Thumb Code     0  startup_gd32f450_470.o(.text)
    IPA_IRQHandler                           0x080001db   Thumb Code     0  startup_gd32f450_470.o(.text)
    LVD_IRQHandler                           0x080001db   Thumb Code     0  startup_gd32f450_470.o(.text)
    RCU_CTC_IRQHandler                       0x080001db   Thumb Code     0  startup_gd32f450_470.o(.text)
    RTC_Alarm_IRQHandler                     0x080001db   Thumb Code     0  startup_gd32f450_470.o(.text)
    RTC_WKUP_IRQHandler                      0x080001db   Thumb Code     0  startup_gd32f450_470.o(.text)
    SDIO_IRQHandler                          0x080001db   Thumb Code     0  startup_gd32f450_470.o(.text)
    SPI0_IRQHandler                          0x080001db   Thumb Code     0  startup_gd32f450_470.o(.text)
    SPI1_IRQHandler                          0x080001db   Thumb Code     0  startup_gd32f450_470.o(.text)
    SPI2_IRQHandler                          0x080001db   Thumb Code     0  startup_gd32f450_470.o(.text)
    SPI3_IRQHandler                          0x080001db   Thumb Code     0  startup_gd32f450_470.o(.text)
    SPI4_IRQHandler                          0x080001db   Thumb Code     0  startup_gd32f450_470.o(.text)
    SPI5_IRQHandler                          0x080001db   Thumb Code     0  startup_gd32f450_470.o(.text)
    TAMPER_STAMP_IRQHandler                  0x080001db   Thumb Code     0  startup_gd32f450_470.o(.text)
    TIMER0_BRK_TIMER8_IRQHandler             0x080001db   Thumb Code     0  startup_gd32f450_470.o(.text)
    TIMER0_Channel_IRQHandler                0x080001db   Thumb Code     0  startup_gd32f450_470.o(.text)
    TIMER0_TRG_CMT_TIMER10_IRQHandler        0x080001db   Thumb Code     0  startup_gd32f450_470.o(.text)
    TIMER0_UP_TIMER9_IRQHandler              0x080001db   Thumb Code     0  startup_gd32f450_470.o(.text)
    TIMER1_IRQHandler                        0x080001db   Thumb Code     0  startup_gd32f450_470.o(.text)
    TIMER2_IRQHandler                        0x080001db   Thumb Code     0  startup_gd32f450_470.o(.text)
    TIMER3_IRQHandler                        0x080001db   Thumb Code     0  startup_gd32f450_470.o(.text)
    TIMER4_IRQHandler                        0x080001db   Thumb Code     0  startup_gd32f450_470.o(.text)
    TIMER5_DAC_IRQHandler                    0x080001db   Thumb Code     0  startup_gd32f450_470.o(.text)
    TIMER7_BRK_TIMER11_IRQHandler            0x080001db   Thumb Code     0  startup_gd32f450_470.o(.text)
    TIMER7_Channel_IRQHandler                0x080001db   Thumb Code     0  startup_gd32f450_470.o(.text)
    TIMER7_TRG_CMT_TIMER13_IRQHandler        0x080001db   Thumb Code     0  startup_gd32f450_470.o(.text)
    TIMER7_UP_TIMER12_IRQHandler             0x080001db   Thumb Code     0  startup_gd32f450_470.o(.text)
    TLI_ER_IRQHandler                        0x080001db   Thumb Code     0  startup_gd32f450_470.o(.text)
    TLI_IRQHandler                           0x080001db   Thumb Code     0  startup_gd32f450_470.o(.text)
    TRNG_IRQHandler                          0x080001db   Thumb Code     0  startup_gd32f450_470.o(.text)
    UART3_IRQHandler                         0x080001db   Thumb Code     0  startup_gd32f450_470.o(.text)
    UART4_IRQHandler                         0x080001db   Thumb Code     0  startup_gd32f450_470.o(.text)
    UART6_IRQHandler                         0x080001db   Thumb Code     0  startup_gd32f450_470.o(.text)
    UART7_IRQHandler                         0x080001db   Thumb Code     0  startup_gd32f450_470.o(.text)
    USART0_IRQHandler                        0x080001db   Thumb Code     0  startup_gd32f450_470.o(.text)
    USART2_IRQHandler                        0x080001db   Thumb Code     0  startup_gd32f450_470.o(.text)
    USART5_IRQHandler                        0x080001db   Thumb Code     0  startup_gd32f450_470.o(.text)
    USBFS_IRQHandler                         0x080001db   Thumb Code     0  startup_gd32f450_470.o(.text)
    USBFS_WKUP_IRQHandler                    0x080001db   Thumb Code     0  startup_gd32f450_470.o(.text)
    USBHS_EP1_In_IRQHandler                  0x080001db   Thumb Code     0  startup_gd32f450_470.o(.text)
    USBHS_EP1_Out_IRQHandler                 0x080001db   Thumb Code     0  startup_gd32f450_470.o(.text)
    USBHS_IRQHandler                         0x080001db   Thumb Code     0  startup_gd32f450_470.o(.text)
    USBHS_WKUP_IRQHandler                    0x080001db   Thumb Code     0  startup_gd32f450_470.o(.text)
    WWDGT_IRQHandler                         0x080001db   Thumb Code     0  startup_gd32f450_470.o(.text)
    __aeabi_memcpy                           0x080001e5   Thumb Code    36  memcpya.o(.text)
    __aeabi_memcpy4                          0x080001e5   Thumb Code     0  memcpya.o(.text)
    __aeabi_memcpy8                          0x080001e5   Thumb Code     0  memcpya.o(.text)
    __aeabi_memset                           0x08000209   Thumb Code    14  memseta.o(.text)
    __aeabi_memset4                          0x08000209   Thumb Code     0  memseta.o(.text)
    __aeabi_memset8                          0x08000209   Thumb Code     0  memseta.o(.text)
    __aeabi_memclr                           0x08000217   Thumb Code     4  memseta.o(.text)
    __aeabi_memclr4                          0x08000217   Thumb Code     0  memseta.o(.text)
    __aeabi_memclr8                          0x08000217   Thumb Code     0  memseta.o(.text)
    _memset$wrapper                          0x0800021b   Thumb Code    18  memseta.o(.text)
    strlen                                   0x0800022d   Thumb Code    14  strlen.o(.text)
    __aeabi_uidiv                            0x0800023b   Thumb Code     0  uidiv.o(.text)
    __aeabi_uidivmod                         0x0800023b   Thumb Code    44  uidiv.o(.text)
    __aeabi_uldivmod                         0x08000267   Thumb Code    98  uldiv.o(.text)
    __I$use$fp                               0x080002c9   Thumb Code     0  iusefp.o(.text)
    __aeabi_dadd                             0x080002c9   Thumb Code   322  dadd.o(.text)
    __aeabi_dsub                             0x0800040b   Thumb Code     6  dadd.o(.text)
    __aeabi_drsub                            0x08000411   Thumb Code     6  dadd.o(.text)
    __aeabi_dmul                             0x08000417   Thumb Code   228  dmul.o(.text)
    __aeabi_ddiv                             0x080004fb   Thumb Code   222  ddiv.o(.text)
    __aeabi_d2ulz                            0x080005d9   Thumb Code    48  dfixul.o(.text)
    __aeabi_cdrcmple                         0x08000609   Thumb Code    48  cdrcmple.o(.text)
    __scatterload                            0x08000639   Thumb Code    28  init.o(.text)
    __scatterload_rt2                        0x08000639   Thumb Code     0  init.o(.text)
    __aeabi_llsl                             0x0800065d   Thumb Code    30  llshl.o(.text)
    _ll_shift_l                              0x0800065d   Thumb Code     0  llshl.o(.text)
    __aeabi_llsr                             0x0800067b   Thumb Code    32  llushr.o(.text)
    _ll_ushift_r                             0x0800067b   Thumb Code     0  llushr.o(.text)
    __aeabi_lasr                             0x0800069b   Thumb Code    36  llsshr.o(.text)
    _ll_sshift_r                             0x0800069b   Thumb Code     0  llsshr.o(.text)
    _double_round                            0x080006bf   Thumb Code    30  depilogue.o(.text)
    _double_epilogue                         0x080006dd   Thumb Code   156  depilogue.o(.text)
    Backup_App                               0x0800082d   Thumb Code   224  function.o(i.Backup_App)
    BusFault_Handler                         0x08000a69   Thumb Code     4  gd32f4xx_it.o(i.BusFault_Handler)
    CRC16_Modbus                             0x08000ac9   Thumb Code    58  protocol.o(i.CRC16_Modbus)
    DebugMon_Handler                         0x08000b6d   Thumb Code     2  gd32f4xx_it.o(i.DebugMon_Handler)
    HardFault_Handler                        0x08000d59   Thumb Code     4  gd32f4xx_it.o(i.HardFault_Handler)
    I2C_Start                                0x08000d5d   Thumb Code    84  oled.o(i.I2C_Start)
    I2C_Stop                                 0x08000db5   Thumb Code    66  oled.o(i.I2C_Stop)
    I2C_WaitAck                              0x08000dfd   Thumb Code   116  oled.o(i.I2C_WaitAck)
    IIC_delay                                0x08000e75   Thumb Code    16  oled.o(i.IIC_delay)
    LED_Init                                 0x08000e85   Thumb Code    44  led_1.o(i.LED_Init)
    MemManage_Handler                        0x08000eb5   Thumb Code     4  gd32f4xx_it.o(i.MemManage_Handler)
    NMI_Handler                              0x08000eb9   Thumb Code     2  gd32f4xx_it.o(i.NMI_Handler)
    OLED_Clear                               0x08000ee5   Thumb Code    42  oled.o(i.OLED_Clear)
    OLED_ClearPoint                          0x08000f15   Thumb Code    90  oled.o(i.OLED_ClearPoint)
    OLED_DrawPoint                           0x08000f75   Thumb Code    54  oled.o(i.OLED_DrawPoint)
    OLED_Init                                0x08000fb1   Thumb Code   324  oled.o(i.OLED_Init)
    OLED_Refresh                             0x080010f9   Thumb Code    70  oled.o(i.OLED_Refresh)
    OLED_ShowChar                            0x08001145   Thumb Code   240  oled.o(i.OLED_ShowChar)
    OLED_ShowString                          0x08001241   Thumb Code    66  oled.o(i.OLED_ShowString)
    OLED_WR_Byte                             0x08001283   Thumb Code    56  oled.o(i.OLED_WR_Byte)
    PendSV_Handler                           0x080012bb   Thumb Code     2  gd32f4xx_it.o(i.PendSV_Handler)
    Protocol_ParseFrame                      0x080012bd   Thumb Code   446  protocol.o(i.Protocol_ParseFrame)
    Protocol_SendAck                         0x08001485   Thumb Code    26  protocol.o(i.Protocol_SendAck)
    RS485_Init                               0x0800156d   Thumb Code   242  usart1_1.o(i.RS485_Init)
    RS485_Printf                             0x08001671   Thumb Code    50  usart1_1.o(i.RS485_Printf)
    RS485_SendData                           0x080016a5   Thumb Code    90  usart1_1.o(i.RS485_SendData)
    SVC_Handler                              0x080019ad   Thumb Code     2  gd32f4xx_it.o(i.SVC_Handler)
    Send_Byte                                0x080019b1   Thumb Code    88  oled.o(i.Send_Byte)
    SysTick_Handler                          0x08001b29   Thumb Code     8  gd32f4xx_it.o(i.SysTick_Handler)
    SystemInit                               0x08001b31   Thumb Code   194  system_gd32f4xx.o(i.SystemInit)
    System_Init                              0x08001c05   Thumb Code    28  function.o(i.System_Init)
    TIMER6_IRQHandler                        0x08001c21   Thumb Code    24  timer_1.o(i.TIMER6_IRQHandler)
    USART1_IRQHandler                        0x08001c3d   Thumb Code    78  usart1_1.o(i.USART1_IRQHandler)
    Upgrade_Init                             0x08001fb9   Thumb Code    38  upgrade.o(i.Upgrade_Init)
    Upgrade_Task                             0x08002101   Thumb Code   148  upgrade.o(i.Upgrade_Task)
    UsageFault_Handler                       0x080022d9   Thumb Code     4  gd32f4xx_it.o(i.UsageFault_Handler)
    Usart1Ring_GetCount                      0x080022dd   Thumb Code    30  usart1_1.o(i.Usart1Ring_GetCount)
    Usart1Ring_Peek                          0x08002301   Thumb Code    56  usart1_1.o(i.Usart1Ring_Peek)
    Usart1Ring_PutChar                       0x08002341   Thumb Code    54  usart1_1.o(i.Usart1Ring_PutChar)
    Usart1Ring_Skip                          0x08002381   Thumb Code    42  usart1_1.o(i.Usart1Ring_Skip)
    Usart1_ReadByte                          0x080023b1   Thumb Code    54  usart1_1.o(i.Usart1_ReadByte)
    Usart1_RxOverflow                        0x080023f1   Thumb Code     6  usart1_1.o(i.Usart1_RxOverflow)
    Usart1_RxReset                           0x080023fd   Thumb Code    12  usart1_1.o(i.Usart1_RxReset)
    UsrFunction                              0x0800240d   Thumb Code  2206  function.o(i.UsrFunction)
    __0sprintf                               0x08002df5   Thumb Code    34  printfa.o(i.__0sprintf)
    __1sprintf                               0x08002df5   Thumb Code     0  printfa.o(i.__0sprintf)
    __2sprintf                               0x08002df5   Thumb Code     0  printfa.o(i.__0sprintf)
    __c89sprintf                             0x08002df5   Thumb Code     0  printfa.o(i.__0sprintf)
    sprintf                                  0x08002df5   Thumb Code     0  printfa.o(i.__0sprintf)
    __0vsnprintf                             0x08002e1d   Thumb Code    40  printfa.o(i.__0vsnprintf)
    __1vsnprintf                             0x08002e1d   Thumb Code     0  printfa.o(i.__0vsnprintf)
    __2vsnprintf                             0x08002e1d   Thumb Code     0  printfa.o(i.__0vsnprintf)
    __c89vsnprintf                           0x08002e1d   Thumb Code     0  printfa.o(i.__0vsnprintf)
    vsnprintf                                0x08002e1d   Thumb Code     0  printfa.o(i.__0vsnprintf)
    __scatterload_copy                       0x08002e49   Thumb Code    14  handlers.o(i.__scatterload_copy)
    __scatterload_null                       0x08002e57   Thumb Code     2  handlers.o(i.__scatterload_null)
    __scatterload_zeroinit                   0x08002e59   Thumb Code    14  handlers.o(i.__scatterload_zeroinit)
    bootloader_config_init                   0x0800373d   Thumb Code   298  bootconfig_1.o(i.bootloader_config_init)
    crc32_calc                               0x080038b1   Thumb Code    28  crc32.o(i.crc32_calc)
    crc32_finalize                           0x080038cd   Thumb Code     6  crc32.o(i.crc32_finalize)
    crc32_init                               0x080038d3   Thumb Code     6  crc32.o(i.crc32_init)
    crc32_update                             0x080038d9   Thumb Code    46  crc32.o(i.crc32_update)
    delay_1ms                                0x0800390d   Thumb Code    16  systick.o(i.delay_1ms)
    delay_decrement                          0x08003921   Thumb Code    18  systick.o(i.delay_decrement)
    fmc_byte_program                         0x08003939   Thumb Code    76  gd32f4xx_fmc.o(i.fmc_byte_program)
    fmc_flag_clear                           0x08003989   Thumb Code     6  gd32f4xx_fmc.o(i.fmc_flag_clear)
    fmc_flag_get                             0x08003995   Thumb Code    18  gd32f4xx_fmc.o(i.fmc_flag_get)
    fmc_lock                                 0x080039ad   Thumb Code    14  gd32f4xx_fmc.o(i.fmc_lock)
    fmc_page_erase                           0x080039c1   Thumb Code   114  gd32f4xx_fmc.o(i.fmc_page_erase)
    fmc_ready_wait                           0x08003a3d   Thumb Code    32  gd32f4xx_fmc.o(i.fmc_ready_wait)
    fmc_state_get                            0x08003a5d   Thumb Code    70  gd32f4xx_fmc.o(i.fmc_state_get)
    fmc_unlock                               0x08003aa9   Thumb Code    24  gd32f4xx_fmc.o(i.fmc_unlock)
    gpio_af_set                              0x08003acd   Thumb Code    94  gd32f4xx_gpio.o(i.gpio_af_set)
    gpio_bit_reset                           0x08003b2b   Thumb Code     4  gd32f4xx_gpio.o(i.gpio_bit_reset)
    gpio_bit_set                             0x08003b2f   Thumb Code     4  gd32f4xx_gpio.o(i.gpio_bit_set)
    gpio_input_bit_get                       0x08003b33   Thumb Code    16  gd32f4xx_gpio.o(i.gpio_input_bit_get)
    gpio_mode_set                            0x08003b43   Thumb Code    78  gd32f4xx_gpio.o(i.gpio_mode_set)
    gpio_output_options_set                  0x08003b91   Thumb Code    66  gd32f4xx_gpio.o(i.gpio_output_options_set)
    iap_load_app                             0x08003bd5   Thumb Code   100  function.o(i.iap_load_app)
    internal_flash_erase                     0x08003c61   Thumb Code    68  rom_1.o(i.internal_flash_erase)
    internal_flash_read_Char                 0x08003ca5   Thumb Code     6  rom_1.o(i.internal_flash_read_Char)
    internal_flash_write_str_Char            0x08003cab   Thumb Code    78  rom_1.o(i.internal_flash_write_str_Char)
    jump_to_app                              0x08003cf9   Thumb Code   158  function.o(i.jump_to_app)
    main                                     0x08003e21   Thumb Code    14  main.o(i.main)
    mcu_software_reset                       0x08003e31   Thumb Code    42  function.o(i.mcu_software_reset)
    my_timer_init                            0x08003e65   Thumb Code   112  timer_1.o(i.my_timer_init)
    nvic_irq_enable                          0x08003ed9   Thumb Code   186  gd32f4xx_misc.o(i.nvic_irq_enable)
    nvic_priority_group_set                  0x08003f9d   Thumb Code    10  gd32f4xx_misc.o(i.nvic_priority_group_set)
    rcu_clock_freq_get                       0x08003fb1   Thumb Code   264  gd32f4xx_rcu.o(i.rcu_clock_freq_get)
    rcu_periph_clock_enable                  0x080040d5   Thumb Code    32  gd32f4xx_rcu.o(i.rcu_periph_clock_enable)
    rcu_periph_reset_disable                 0x080040f9   Thumb Code    32  gd32f4xx_rcu.o(i.rcu_periph_reset_disable)
    rcu_periph_reset_enable                  0x0800411d   Thumb Code    32  gd32f4xx_rcu.o(i.rcu_periph_reset_enable)
    rcu_timer_clock_prescaler_config         0x08004141   Thumb Code    32  gd32f4xx_rcu.o(i.rcu_timer_clock_prescaler_config)
    systick_config                           0x08004275   Thumb Code    74  systick.o(i.systick_config)
    timer_deinit                             0x080042c5   Thumb Code   374  gd32f4xx_timer.o(i.timer_deinit)
    timer_enable                             0x08004449   Thumb Code    10  gd32f4xx_timer.o(i.timer_enable)
    timer_init                               0x08004455   Thumb Code   122  gd32f4xx_timer.o(i.timer_init)
    timer_interrupt_enable                   0x080044ed   Thumb Code     8  gd32f4xx_timer.o(i.timer_interrupt_enable)
    timer_interrupt_flag_clear               0x080044f5   Thumb Code     6  gd32f4xx_timer.o(i.timer_interrupt_flag_clear)
    timer_interrupt_flag_get                 0x080044fb   Thumb Code    24  gd32f4xx_timer.o(i.timer_interrupt_flag_get)
    usart_baudrate_set                       0x08004515   Thumb Code   224  gd32f4xx_usart.o(i.usart_baudrate_set)
    usart_data_receive                       0x080045fd   Thumb Code    10  gd32f4xx_usart.o(i.usart_data_receive)
    usart_data_transmit                      0x08004607   Thumb Code     8  gd32f4xx_usart.o(i.usart_data_transmit)
    usart_deinit                             0x08004611   Thumb Code   210  gd32f4xx_usart.o(i.usart_deinit)
    usart_enable                             0x080046ed   Thumb Code    10  gd32f4xx_usart.o(i.usart_enable)
    usart_flag_get                           0x080046f7   Thumb Code    30  gd32f4xx_usart.o(i.usart_flag_get)
    usart_hardware_flow_cts_config           0x08004715   Thumb Code    20  gd32f4xx_usart.o(i.usart_hardware_flow_cts_config)
    usart_hardware_flow_rts_config           0x08004729   Thumb Code    20  gd32f4xx_usart.o(i.usart_hardware_flow_rts_config)
    usart_interrupt_enable                   0x0800473d   Thumb Code    26  gd32f4xx_usart.o(i.usart_interrupt_enable)
    usart_interrupt_flag_get                 0x08004757   Thumb Code    56  gd32f4xx_usart.o(i.usart_interrupt_flag_get)
    usart_parity_config                      0x0800478f   Thumb Code    16  gd32f4xx_usart.o(i.usart_parity_config)
    usart_receive_config                     0x0800479f   Thumb Code    16  gd32f4xx_usart.o(i.usart_receive_config)
    usart_stop_bit_set                       0x080047af   Thumb Code    16  gd32f4xx_usart.o(i.usart_stop_bit_set)
    usart_transmit_config                    0x080047bf   Thumb Code    16  gd32f4xx_usart.o(i.usart_transmit_config)
    usart_word_length_set                    0x080047cf   Thumb Code    16  gd32f4xx_usart.o(i.usart_word_length_set)
    F6x8                                     0x080047de   Data         552  oled.o(.constdata)
    F8X16                                    0x08004a06   Data        1520  oled.o(.constdata)
    asc2_1206                                0x08004ff6   Data        1140  oled.o(.constdata)
    asc2_1608                                0x0800546a   Data        1520  oled.o(.constdata)
    asc2_2412                                0x08005a5a   Data        3420  oled.o(.constdata)
    Region$$Table$$Base                      0x080067b8   Number         0  anon$$obj.o(Region$$Table)
    Region$$Table$$Limit                     0x080067d8   Number         0  anon$$obj.o(Region$$Table)
    jump2app                                 0x20000004   Data           4  function.o(.data)
    SystemCoreClock                          0x20000028   Data           4  system_gd32f4xx.o(.data)
    data                                     0x2000002c   Data          50  function.o(.bss)
    my_param_sum                             0x2000005e   Data        2560  function.o(.bss)
    config_buf                               0x20000a5e   Data       20480  function.o(.bss)
    g_usart1_ring                            0x2000755e   Data        8198  usart1_1.o(.bss)
    OLED_GRAM                                0x20009564   Data         576  oled.o(.bss)
    __initial_sp                             0x20010fa8   Data           0  startup_gd32f450_470.o(STACK)



==============================================================================

Memory Map of the image

  Image Entry point : 0x080001ad

  Load Region LR_IROM1 (Base: 0x08000000, Size: 0x00006804, Max: 0x00010000, ABSOLUTE)

    Execution Region ER_IROM1 (Exec base: 0x08000000, Load base: 0x08000000, Size: 0x000067d8, Max: 0x00010000, ABSOLUTE)

    Exec Addr    Load Addr    Size         Type   Attr      Idx    E Section Name        Object

    0x08000000   0x08000000   0x000001ac   Data   RO         6137    RESET               startup_gd32f450_470.o
    0x080001ac   0x080001ac   0x00000000   Code   RO         6563  * .ARM.Collect$$$$00000000  mc_w.l(entry.o)
    0x080001ac   0x080001ac   0x00000004   Code   RO         6834    .ARM.Collect$$$$00000001  mc_w.l(entry2.o)
    0x080001b0   0x080001b0   0x00000004   Code   RO         6837    .ARM.Collect$$$$00000004  mc_w.l(entry5.o)
    0x080001b4   0x080001b4   0x00000000   Code   RO         6839    .ARM.Collect$$$$00000008  mc_w.l(entry7b.o)
    0x080001b4   0x080001b4   0x00000000   Code   RO         6841    .ARM.Collect$$$$0000000A  mc_w.l(entry8b.o)
    0x080001b4   0x080001b4   0x00000008   Code   RO         6842    .ARM.Collect$$$$0000000B  mc_w.l(entry9a.o)
    0x080001bc   0x080001bc   0x00000000   Code   RO         6844    .ARM.Collect$$$$0000000D  mc_w.l(entry10a.o)
    0x080001bc   0x080001bc   0x00000000   Code   RO         6846    .ARM.Collect$$$$0000000F  mc_w.l(entry11a.o)
    0x080001bc   0x080001bc   0x00000004   Code   RO         6835    .ARM.Collect$$$$00002712  mc_w.l(entry2.o)
    0x080001c0   0x080001c0   0x00000024   Code   RO         6138    .text               startup_gd32f450_470.o
    0x080001e4   0x080001e4   0x00000024   Code   RO         6566    .text               mc_w.l(memcpya.o)
    0x08000208   0x08000208   0x00000024   Code   RO         6568    .text               mc_w.l(memseta.o)
    0x0800022c   0x0800022c   0x0000000e   Code   RO         6570    .text               mc_w.l(strlen.o)
    0x0800023a   0x0800023a   0x0000002c   Code   RO         6851    .text               mc_w.l(uidiv.o)
    0x08000266   0x08000266   0x00000062   Code   RO         6853    .text               mc_w.l(uldiv.o)
    0x080002c8   0x080002c8   0x00000000   Code   RO         6855    .text               mc_w.l(iusefp.o)
    0x080002c8   0x080002c8   0x0000014e   Code   RO         6856    .text               mf_w.l(dadd.o)
    0x08000416   0x08000416   0x000000e4   Code   RO         6858    .text               mf_w.l(dmul.o)
    0x080004fa   0x080004fa   0x000000de   Code   RO         6860    .text               mf_w.l(ddiv.o)
    0x080005d8   0x080005d8   0x00000030   Code   RO         6862    .text               mf_w.l(dfixul.o)
    0x08000608   0x08000608   0x00000030   Code   RO         6864    .text               mf_w.l(cdrcmple.o)
    0x08000638   0x08000638   0x00000024   Code   RO         6866    .text               mc_w.l(init.o)
    0x0800065c   0x0800065c   0x0000001e   Code   RO         6869    .text               mc_w.l(llshl.o)
    0x0800067a   0x0800067a   0x00000020   Code   RO         6871    .text               mc_w.l(llushr.o)
    0x0800069a   0x0800069a   0x00000024   Code   RO         6873    .text               mc_w.l(llsshr.o)
    0x080006be   0x080006be   0x000000ba   Code   RO         6876    .text               mf_w.l(depilogue.o)
    0x08000778   0x08000778   0x00000028   Code   RO          411    i.Analysis_ConfigForAddr  function.o
    0x080007a0   0x080007a0   0x00000036   Code   RO          344    i.AsciiCharToHex    protocol.o
    0x080007d6   0x080007d6   0x00000056   Code   RO          345    i.AsciiToBytes      protocol.o
    0x0800082c   0x0800082c   0x0000023c   Code   RO          412    i.Backup_App        function.o
    0x08000a68   0x08000a68   0x00000004   Code   RO            3    i.BusFault_Handler  gd32f4xx_it.o
    0x08000a6c   0x08000a6c   0x0000005c   Code   RO          346    i.BytesToAscii      protocol.o
    0x08000ac8   0x08000ac8   0x0000003a   Code   RO          347    i.CRC16_Modbus      protocol.o
    0x08000b02   0x08000b02   0x00000002   PAD
    0x08000b04   0x08000b04   0x00000068   Code   RO          413    i.Clear_Download_Area  function.o
    0x08000b6c   0x08000b6c   0x00000002   Code   RO            4    i.DebugMon_Handler  gd32f4xx_it.o
    0x08000b6e   0x08000b6e   0x00000002   PAD
    0x08000b70   0x08000b70   0x0000016c   Code   RO          414    i.Download_Transport  function.o
    0x08000cdc   0x08000cdc   0x0000005c   Code   RO          415    i.Flash_Copy_ByPage  function.o
    0x08000d38   0x08000d38   0x00000020   Code   RO          416    i.Flash_Erase_Pages  function.o
    0x08000d58   0x08000d58   0x00000004   Code   RO            5    i.HardFault_Handler  gd32f4xx_it.o
    0x08000d5c   0x08000d5c   0x00000058   Code   RO         6393    i.I2C_Start         oled.o
    0x08000db4   0x08000db4   0x00000048   Code   RO         6394    i.I2C_Stop          oled.o
    0x08000dfc   0x08000dfc   0x00000078   Code   RO         6395    i.I2C_WaitAck       oled.o
    0x08000e74   0x08000e74   0x00000010   Code   RO         6396    i.IIC_delay         oled.o
    0x08000e84   0x08000e84   0x00000030   Code   RO         6164    i.LED_Init          led_1.o
    0x08000eb4   0x08000eb4   0x00000004   Code   RO            6    i.MemManage_Handler  gd32f4xx_it.o
    0x08000eb8   0x08000eb8   0x00000002   Code   RO            7    i.NMI_Handler       gd32f4xx_it.o
    0x08000eba   0x08000eba   0x00000002   PAD
    0x08000ebc   0x08000ebc   0x00000028   Code   RO          263    i.NVIC_SetPriority  systick.o
    0x08000ee4   0x08000ee4   0x00000030   Code   RO         6397    i.OLED_Clear        oled.o
    0x08000f14   0x08000f14   0x00000060   Code   RO         6398    i.OLED_ClearPoint   oled.o
    0x08000f74   0x08000f74   0x0000003c   Code   RO         6405    i.OLED_DrawPoint    oled.o
    0x08000fb0   0x08000fb0   0x00000148   Code   RO         6406    i.OLED_Init         oled.o
    0x080010f8   0x080010f8   0x0000004c   Code   RO         6408    i.OLED_Refresh      oled.o
    0x08001144   0x08001144   0x000000fc   Code   RO         6410    i.OLED_ShowChar     oled.o
    0x08001240   0x08001240   0x00000042   Code   RO         6414    i.OLED_ShowString   oled.o
    0x08001282   0x08001282   0x00000038   Code   RO         6416    i.OLED_WR_Byte      oled.o
    0x080012ba   0x080012ba   0x00000002   Code   RO            8    i.PendSV_Handler    gd32f4xx_it.o
    0x080012bc   0x080012bc   0x000001c8   Code   RO          348    i.Protocol_ParseFrame  protocol.o
    0x08001484   0x08001484   0x0000001a   Code   RO          349    i.Protocol_SendAck  protocol.o
    0x0800149e   0x0800149e   0x000000cc   Code   RO          351    i.Protocol_SendFrame  protocol.o
    0x0800156a   0x0800156a   0x00000002   PAD
    0x0800156c   0x0800156c   0x00000104   Code   RO         6283    i.RS485_Init        usart1_1.o
    0x08001670   0x08001670   0x00000032   Code   RO         6284    i.RS485_Printf      usart1_1.o
    0x080016a2   0x080016a2   0x00000002   PAD
    0x080016a4   0x080016a4   0x00000064   Code   RO         6287    i.RS485_SendData    usart1_1.o
    0x08001708   0x08001708   0x000002a4   Code   RO          417    i.Receive_Firmware_Raw  function.o
    0x080019ac   0x080019ac   0x00000002   Code   RO            9    i.SVC_Handler       gd32f4xx_it.o
    0x080019ae   0x080019ae   0x00000002   PAD
    0x080019b0   0x080019b0   0x0000005c   Code   RO         6417    i.Send_Byte         oled.o
    0x08001a0c   0x08001a0c   0x0000011c   Code   RO          418    i.Send_PrepareFirmware_Ack  function.o
    0x08001b28   0x08001b28   0x00000008   Code   RO           10    i.SysTick_Handler   gd32f4xx_it.o
    0x08001b30   0x08001b30   0x000000d4   Code   RO          616    i.SystemInit        system_gd32f4xx.o
    0x08001c04   0x08001c04   0x0000001c   Code   RO          419    i.System_Init       function.o
    0x08001c20   0x08001c20   0x0000001c   Code   RO         6252    i.TIMER6_IRQHandler  timer_1.o
    0x08001c3c   0x08001c3c   0x00000058   Code   RO         6288    i.USART1_IRQHandler  usart1_1.o
    0x08001c94   0x08001c94   0x0000005c   Code   RO          521    i.Upgrade_CheckBlank  upgrade.o
    0x08001cf0   0x08001cf0   0x00000048   Code   RO          522    i.Upgrade_CheckHeader  upgrade.o
    0x08001d38   0x08001d38   0x0000014c   Code   RO          524    i.Upgrade_FinishPayload  upgrade.o
    0x08001e84   0x08001e84   0x0000002c   Code   RO          525    i.Upgrade_FlushPayload  upgrade.o
    0x08001eb0   0x08001eb0   0x00000108   Code   RO          526    i.Upgrade_HandleByte  upgrade.o
    0x08001fb8   0x08001fb8   0x00000050   Code   RO          527    i.Upgrade_Init      upgrade.o
    0x08002008   0x08002008   0x00000038   Code   RO          528    i.Upgrade_LoadBootParam  upgrade.o
    0x08002040   0x08002040   0x00000018   Code   RO          529    i.Upgrade_ParseHeader  upgrade.o
    0x08002058   0x08002058   0x00000018   Code   RO          530    i.Upgrade_ReadU32BE  upgrade.o
    0x08002070   0x08002070   0x00000060   Code   RO          531    i.Upgrade_ResetState  upgrade.o
    0x080020d0   0x080020d0   0x00000030   Code   RO          532    i.Upgrade_SaveBootParam  upgrade.o
    0x08002100   0x08002100   0x000000e4   Code   RO          533    i.Upgrade_Task      upgrade.o
    0x080021e4   0x080021e4   0x00000098   Code   RO          534    i.Upgrade_UpdateBootParam  upgrade.o
    0x0800227c   0x0800227c   0x0000005c   Code   RO          535    i.Upgrade_WritePayload  upgrade.o
    0x080022d8   0x080022d8   0x00000004   Code   RO           11    i.UsageFault_Handler  gd32f4xx_it.o
    0x080022dc   0x080022dc   0x00000024   Code   RO         6289    i.Usart1Ring_GetCount  usart1_1.o
    0x08002300   0x08002300   0x00000040   Code   RO         6290    i.Usart1Ring_Peek   usart1_1.o
    0x08002340   0x08002340   0x00000040   Code   RO         6291    i.Usart1Ring_PutChar  usart1_1.o
    0x08002380   0x08002380   0x00000030   Code   RO         6292    i.Usart1Ring_Skip   usart1_1.o
    0x080023b0   0x080023b0   0x00000040   Code   RO         6293    i.Usart1_ReadByte   usart1_1.o
    0x080023f0   0x080023f0   0x0000000c   Code   RO         6294    i.Usart1_RxOverflow  usart1_1.o
    0x080023fc   0x080023fc   0x00000010   Code   RO         6295    i.Usart1_RxReset    usart1_1.o
    0x0800240c   0x0800240c   0x00000994   Code   RO          420    i.UsrFunction       function.o
    0x08002da0   0x08002da0   0x00000054   Code   RO          421    i.Verify_Firmware_MagicWord  function.o
    0x08002df4   0x08002df4   0x00000028   Code   RO         6809    i.__0sprintf        mc_w.l(printfa.o)
    0x08002e1c   0x08002e1c   0x0000002c   Code   RO         6812    i.__0vsnprintf      mc_w.l(printfa.o)
    0x08002e48   0x08002e48   0x0000000e   Code   RO         6880    i.__scatterload_copy  mc_w.l(handlers.o)
    0x08002e56   0x08002e56   0x00000002   Code   RO         6881    i.__scatterload_null  mc_w.l(handlers.o)
    0x08002e58   0x08002e58   0x0000000e   Code   RO         6882    i.__scatterload_zeroinit  mc_w.l(handlers.o)
    0x08002e66   0x08002e66   0x00000002   PAD
    0x08002e68   0x08002e68   0x00000184   Code   RO         6814    i._fp_digits        mc_w.l(printfa.o)
    0x08002fec   0x08002fec   0x000006dc   Code   RO         6815    i._printf_core      mc_w.l(printfa.o)
    0x080036c8   0x080036c8   0x00000024   Code   RO         6816    i._printf_post_padding  mc_w.l(printfa.o)
    0x080036ec   0x080036ec   0x0000002e   Code   RO         6817    i._printf_pre_padding  mc_w.l(printfa.o)
    0x0800371a   0x0800371a   0x00000016   Code   RO         6818    i._snputc           mc_w.l(printfa.o)
    0x08003730   0x08003730   0x0000000a   Code   RO         6819    i._sputc            mc_w.l(printfa.o)
    0x0800373a   0x0800373a   0x00000002   PAD
    0x0800373c   0x0800373c   0x00000174   Code   RO         6144    i.bootloader_config_init  bootconfig_1.o
    0x080038b0   0x080038b0   0x0000001c   Code   RO          306    i.crc32_calc        crc32.o
    0x080038cc   0x080038cc   0x00000006   Code   RO          307    i.crc32_finalize    crc32.o
    0x080038d2   0x080038d2   0x00000006   Code   RO          308    i.crc32_init        crc32.o
    0x080038d8   0x080038d8   0x00000034   Code   RO          309    i.crc32_update      crc32.o
    0x0800390c   0x0800390c   0x00000014   Code   RO          264    i.delay_1ms         systick.o
    0x08003920   0x08003920   0x00000018   Code   RO          265    i.delay_decrement   systick.o
    0x08003938   0x08003938   0x00000050   Code   RO         2808    i.fmc_byte_program  gd32f4xx_fmc.o
    0x08003988   0x08003988   0x0000000c   Code   RO         2809    i.fmc_flag_clear    gd32f4xx_fmc.o
    0x08003994   0x08003994   0x00000018   Code   RO         2810    i.fmc_flag_get      gd32f4xx_fmc.o
    0x080039ac   0x080039ac   0x00000014   Code   RO         2816    i.fmc_lock          gd32f4xx_fmc.o
    0x080039c0   0x080039c0   0x0000007c   Code   RO         2818    i.fmc_page_erase    gd32f4xx_fmc.o
    0x08003a3c   0x08003a3c   0x00000020   Code   RO         2819    i.fmc_ready_wait    gd32f4xx_fmc.o
    0x08003a5c   0x08003a5c   0x0000004c   Code   RO         2821    i.fmc_state_get     gd32f4xx_fmc.o
    0x08003aa8   0x08003aa8   0x00000024   Code   RO         2822    i.fmc_unlock        gd32f4xx_fmc.o
    0x08003acc   0x08003acc   0x0000005e   Code   RO         3116    i.gpio_af_set       gd32f4xx_gpio.o
    0x08003b2a   0x08003b2a   0x00000004   Code   RO         3117    i.gpio_bit_reset    gd32f4xx_gpio.o
    0x08003b2e   0x08003b2e   0x00000004   Code   RO         3118    i.gpio_bit_set      gd32f4xx_gpio.o
    0x08003b32   0x08003b32   0x00000010   Code   RO         3122    i.gpio_input_bit_get  gd32f4xx_gpio.o
    0x08003b42   0x08003b42   0x0000004e   Code   RO         3124    i.gpio_mode_set     gd32f4xx_gpio.o
    0x08003b90   0x08003b90   0x00000042   Code   RO         3126    i.gpio_output_options_set  gd32f4xx_gpio.o
    0x08003bd2   0x08003bd2   0x00000002   PAD
    0x08003bd4   0x08003bd4   0x0000008c   Code   RO          422    i.iap_load_app      function.o
    0x08003c60   0x08003c60   0x00000044   Code   RO         6185    i.internal_flash_erase  rom_1.o
    0x08003ca4   0x08003ca4   0x00000006   Code   RO         6187    i.internal_flash_read_Char  rom_1.o
    0x08003caa   0x08003caa   0x0000004e   Code   RO         6191    i.internal_flash_write_str_Char  rom_1.o
    0x08003cf8   0x08003cf8   0x00000128   Code   RO          423    i.jump_to_app       function.o
    0x08003e20   0x08003e20   0x0000000e   Code   RO          196    i.main              main.o
    0x08003e2e   0x08003e2e   0x00000002   PAD
    0x08003e30   0x08003e30   0x00000034   Code   RO          424    i.mcu_software_reset  function.o
    0x08003e64   0x08003e64   0x00000074   Code   RO         6253    i.my_timer_init     timer_1.o
    0x08003ed8   0x08003ed8   0x000000c4   Code   RO         3689    i.nvic_irq_enable   gd32f4xx_misc.o
    0x08003f9c   0x08003f9c   0x00000014   Code   RO         3690    i.nvic_priority_group_set  gd32f4xx_misc.o
    0x08003fb0   0x08003fb0   0x00000124   Code   RO         3894    i.rcu_clock_freq_get  gd32f4xx_rcu.o
    0x080040d4   0x080040d4   0x00000024   Code   RO         3913    i.rcu_periph_clock_enable  gd32f4xx_rcu.o
    0x080040f8   0x080040f8   0x00000024   Code   RO         3916    i.rcu_periph_reset_disable  gd32f4xx_rcu.o
    0x0800411c   0x0800411c   0x00000024   Code   RO         3917    i.rcu_periph_reset_enable  gd32f4xx_rcu.o
    0x08004140   0x08004140   0x00000024   Code   RO         3929    i.rcu_timer_clock_prescaler_config  gd32f4xx_rcu.o
    0x08004164   0x08004164   0x00000108   Code   RO          617    i.system_clock_240m_25m_hxtal  system_gd32f4xx.o
    0x0800426c   0x0800426c   0x00000008   Code   RO          618    i.system_clock_config  system_gd32f4xx.o
    0x08004274   0x08004274   0x00000050   Code   RO          266    i.systick_config    systick.o
    0x080042c4   0x080042c4   0x00000184   Code   RO         5085    i.timer_deinit      gd32f4xx_timer.o
    0x08004448   0x08004448   0x0000000a   Code   RO         5090    i.timer_enable      gd32f4xx_timer.o
    0x08004452   0x08004452   0x00000002   PAD
    0x08004454   0x08004454   0x00000098   Code   RO         5100    i.timer_init        gd32f4xx_timer.o
    0x080044ec   0x080044ec   0x00000008   Code   RO         5107    i.timer_interrupt_enable  gd32f4xx_timer.o
    0x080044f4   0x080044f4   0x00000006   Code   RO         5108    i.timer_interrupt_flag_clear  gd32f4xx_timer.o
    0x080044fa   0x080044fa   0x00000018   Code   RO         5109    i.timer_interrupt_flag_get  gd32f4xx_timer.o
    0x08004512   0x08004512   0x00000002   PAD
    0x08004514   0x08004514   0x000000e8   Code   RO         5738    i.usart_baudrate_set  gd32f4xx_usart.o
    0x080045fc   0x080045fc   0x0000000a   Code   RO         5742    i.usart_data_receive  gd32f4xx_usart.o
    0x08004606   0x08004606   0x00000008   Code   RO         5743    i.usart_data_transmit  gd32f4xx_usart.o
    0x0800460e   0x0800460e   0x00000002   PAD
    0x08004610   0x08004610   0x000000dc   Code   RO         5744    i.usart_deinit      gd32f4xx_usart.o
    0x080046ec   0x080046ec   0x0000000a   Code   RO         5748    i.usart_enable      gd32f4xx_usart.o
    0x080046f6   0x080046f6   0x0000001e   Code   RO         5750    i.usart_flag_get    gd32f4xx_usart.o
    0x08004714   0x08004714   0x00000014   Code   RO         5755    i.usart_hardware_flow_cts_config  gd32f4xx_usart.o
    0x08004728   0x08004728   0x00000014   Code   RO         5756    i.usart_hardware_flow_rts_config  gd32f4xx_usart.o
    0x0800473c   0x0800473c   0x0000001a   Code   RO         5758    i.usart_interrupt_enable  gd32f4xx_usart.o
    0x08004756   0x08004756   0x00000038   Code   RO         5760    i.usart_interrupt_flag_get  gd32f4xx_usart.o
    0x0800478e   0x0800478e   0x00000010   Code   RO         5773    i.usart_parity_config  gd32f4xx_usart.o
    0x0800479e   0x0800479e   0x00000010   Code   RO         5775    i.usart_receive_config  gd32f4xx_usart.o
    0x080047ae   0x080047ae   0x00000010   Code   RO         5786    i.usart_stop_bit_set  gd32f4xx_usart.o
    0x080047be   0x080047be   0x00000010   Code   RO         5790    i.usart_transmit_config  gd32f4xx_usart.o
    0x080047ce   0x080047ce   0x00000010   Code   RO         5791    i.usart_word_length_set  gd32f4xx_usart.o
    0x080047de   0x080047de   0x00001fd8   Data   RO         6419    .constdata          oled.o
    0x080067b6   0x080067b6   0x00000002   PAD
    0x080067b8   0x080067b8   0x00000020   Data   RO         6878    Region$$Table       anon$$obj.o


    Execution Region RW_IRAM1 (Exec base: 0x20000000, Load base: 0x080067d8, Size: 0x00010fa8, Max: 0x00030000, ABSOLUTE)

    Exec Addr    Load Addr    Size         Type   Attr      Idx    E Section Name        Object

    0x20000000   0x080067d8   0x00000004   Data   RW          267    .data               systick.o
    0x20000004   0x080067dc   0x00000004   Data   RW          426    .data               function.o
    0x20000008   0x080067e0   0x00000020   Data   RW          537    .data               upgrade.o
    0x20000028   0x08006800   0x00000004   Data   RW          619    .data               system_gd32f4xx.o
    0x2000002c        -       0x00005a32   Zero   RW          425    .bss                function.o
    0x20005a5e        -       0x00001b00   Zero   RW          536    .bss                upgrade.o
    0x2000755e        -       0x00002006   Zero   RW         6296    .bss                usart1_1.o
    0x20009564        -       0x00000240   Zero   RW         6418    .bss                oled.o
    0x200097a4   0x08006804   0x00000004   PAD
    0x200097a8        -       0x00007800   Zero   RW         6135    STACK               startup_gd32f450_470.o


==============================================================================

Image component sizes


      Code (inc. data)   RO Data    RW Data    ZI Data      Debug   Object Name

       372         74          0          0          0       1401   bootconfig_1.o
        92          6          0          0          0       2686   crc32.o
      5216       2498          0          4      23090      40922   function.o
       404         50          0          0          0       5317   gd32f4xx_fmc.o
       262          0          0          0          0       4585   gd32f4xx_gpio.o
        32          0          0          0          0      69318   gd32f4xx_it.o
       216         20          0          0          0       1560   gd32f4xx_misc.o
       436         44          0          0          0       4411   gd32f4xx_rcu.o
       588         44          0          0          0       4724   gd32f4xx_timer.o
       712         18          0          0          0      10699   gd32f4xx_usart.o
        48          4          0          0          0        507   led_1.o
        14          0          0          0          0       3139   main.o
      1370         58       8152          0        576       9850   oled.o
       976         30          0          0          0       7020   protocol.o
       152          0          0          0          0       2262   rom_1.o
        36          8        428          0      30720        888   startup_gd32f450_470.o
       484         32          0          4          0       2887   system_gd32f4xx.o
       164         24          0          4          0      29074   systick.o
       144          8          0          0          0       1116   timer_1.o
      1604        682          0         32       6912       9454   upgrade.o
       802         88          0          0       8198       8911   usart1_1.o

    ----------------------------------------------------------------------
     14146       3688       8614         44      69500     220731   Object Totals
         0          0         32          0          0          0   (incl. Generated)
        22          0          2          0          4          0   (incl. Padding)

    ----------------------------------------------------------------------

      Code (inc. data)   RO Data    RW Data    ZI Data      Debug   Library Member Name

         0          0          0          0          0          0   entry.o
         0          0          0          0          0          0   entry10a.o
         0          0          0          0          0          0   entry11a.o
         8          4          0          0          0          0   entry2.o
         4          0          0          0          0          0   entry5.o
         0          0          0          0          0          0   entry7b.o
         0          0          0          0          0          0   entry8b.o
         8          4          0          0          0          0   entry9a.o
        30          0          0          0          0          0   handlers.o
        36          8          0          0          0         68   init.o
         0          0          0          0          0          0   iusefp.o
        30          0          0          0          0         68   llshl.o
        36          0          0          0          0         68   llsshr.o
        32          0          0          0          0         68   llushr.o
        36          0          0          0          0         68   memcpya.o
        36          0          0          0          0        108   memseta.o
      2342         90          0          0          0        668   printfa.o
        14          0          0          0          0         68   strlen.o
        44          0          0          0          0         80   uidiv.o
        98          0          0          0          0         92   uldiv.o
        48          0          0          0          0         68   cdrcmple.o
       334          0          0          0          0        148   dadd.o
       222          0          0          0          0        100   ddiv.o
       186          0          0          0          0        176   depilogue.o
        48          0          0          0          0         68   dfixul.o
       228          0          0          0          0         96   dmul.o

    ----------------------------------------------------------------------
      3824        106          0          0          0       2012   Library Totals
         4          0          0          0          0          0   (incl. Padding)

    ----------------------------------------------------------------------

      Code (inc. data)   RO Data    RW Data    ZI Data      Debug   Library Name

      2754        106          0          0          0       1356   mc_w.l
      1066          0          0          0          0        656   mf_w.l

    ----------------------------------------------------------------------
      3824        106          0          0          0       2012   Library Totals

    ----------------------------------------------------------------------

==============================================================================


      Code (inc. data)   RO Data    RW Data    ZI Data      Debug   

     17970       3794       8614         44      69500     209607   Grand Totals
     17970       3794       8614         44      69500     209607   ELF Image Totals
     17970       3794       8614         44          0          0   ROM Totals

==============================================================================

    Total RO  Size (Code + RO Data)                26584 (  25.96kB)
    Total RW  Size (RW Data + ZI Data)             69544 (  67.91kB)
    Total ROM Size (Code + RO Data + RW Data)      26628 (  26.00kB)

==============================================================================

